ARM GAS  C:\Users\Jimmy\AppData\Local\Temp\ccqqCCk6.s 			page 1


   1              		.syntax unified
   2              		.cpu cortex-m0
   3              		.fpu softvfp
   4              		.eabi_attribute 20, 1
   5              		.eabi_attribute 21, 1
   6              		.eabi_attribute 23, 3
   7              		.eabi_attribute 24, 1
   8              		.eabi_attribute 25, 1
   9              		.eabi_attribute 26, 1
  10              		.eabi_attribute 30, 1
  11              		.eabi_attribute 34, 0
  12              		.eabi_attribute 18, 4
  13              		.thumb
  14              		.syntax unified
  15              		.file	"cyfitter_cfg.c"
  16              		.text
  17              	.Ltext0:
  18              		.cfi_sections	.debug_frame
  19              		.section	.text.cfg_write_bytes32,"ax",%progbits
  20              		.align	2
  21              		.code	16
  22              		.thumb_func
  23              		.type	cfg_write_bytes32, %function
  24              	cfg_write_bytes32:
  25              	.LFB5:
  26              		.file 1 "Generated_Source\\PSoC4\\cyfitter_cfg.c"
   1:Generated_Source\PSoC4/cyfitter_cfg.c **** 
   2:Generated_Source\PSoC4/cyfitter_cfg.c **** /*******************************************************************************
   3:Generated_Source\PSoC4/cyfitter_cfg.c **** * File Name: cyfitter_cfg.c
   4:Generated_Source\PSoC4/cyfitter_cfg.c **** * 
   5:Generated_Source\PSoC4/cyfitter_cfg.c **** * PSoC Creator  4.2
   6:Generated_Source\PSoC4/cyfitter_cfg.c **** *
   7:Generated_Source\PSoC4/cyfitter_cfg.c **** * Description:
   8:Generated_Source\PSoC4/cyfitter_cfg.c **** * This file contains device initialization code.
   9:Generated_Source\PSoC4/cyfitter_cfg.c **** * Except for the user defined sections in CyClockStartupError(), this file should not be modified.
  10:Generated_Source\PSoC4/cyfitter_cfg.c **** * This file is automatically generated by PSoC Creator.
  11:Generated_Source\PSoC4/cyfitter_cfg.c **** *
  12:Generated_Source\PSoC4/cyfitter_cfg.c **** ********************************************************************************
  13:Generated_Source\PSoC4/cyfitter_cfg.c **** * Copyright (c) 2007-2018 Cypress Semiconductor.  All rights reserved.
  14:Generated_Source\PSoC4/cyfitter_cfg.c **** * You may use this file only in accordance with the license, terms, conditions, 
  15:Generated_Source\PSoC4/cyfitter_cfg.c **** * disclaimers, and limitations in the end user license agreement accompanying 
  16:Generated_Source\PSoC4/cyfitter_cfg.c **** * the software package with which this file was provided.
  17:Generated_Source\PSoC4/cyfitter_cfg.c **** ********************************************************************************/
  18:Generated_Source\PSoC4/cyfitter_cfg.c **** 
  19:Generated_Source\PSoC4/cyfitter_cfg.c **** #include <string.h>
  20:Generated_Source\PSoC4/cyfitter_cfg.c **** #include "cytypes.h"
  21:Generated_Source\PSoC4/cyfitter_cfg.c **** #include "cydevice_trm.h"
  22:Generated_Source\PSoC4/cyfitter_cfg.c **** #include "cyfitter.h"
  23:Generated_Source\PSoC4/cyfitter_cfg.c **** #include "CyLib.h"
  24:Generated_Source\PSoC4/cyfitter_cfg.c **** #include "CyLFClk.h"
  25:Generated_Source\PSoC4/cyfitter_cfg.c **** #include "cyfitter_cfg.h"
  26:Generated_Source\PSoC4/cyfitter_cfg.c **** #include "cyapicallbacks.h"
  27:Generated_Source\PSoC4/cyfitter_cfg.c **** 
  28:Generated_Source\PSoC4/cyfitter_cfg.c **** 
  29:Generated_Source\PSoC4/cyfitter_cfg.c **** #if defined(__GNUC__) || defined(__ARMCC_VERSION)
  30:Generated_Source\PSoC4/cyfitter_cfg.c ****     #define CYPACKED 
  31:Generated_Source\PSoC4/cyfitter_cfg.c ****     #define CYPACKED_ATTR __attribute__ ((packed))
ARM GAS  C:\Users\Jimmy\AppData\Local\Temp\ccqqCCk6.s 			page 2


  32:Generated_Source\PSoC4/cyfitter_cfg.c ****     #define CYALIGNED __attribute__ ((aligned))
  33:Generated_Source\PSoC4/cyfitter_cfg.c ****     #define CY_CFG_UNUSED __attribute__ ((unused))
  34:Generated_Source\PSoC4/cyfitter_cfg.c ****     #ifndef CY_CFG_SECTION
  35:Generated_Source\PSoC4/cyfitter_cfg.c ****         #define CY_CFG_SECTION __attribute__ ((section(".psocinit")))
  36:Generated_Source\PSoC4/cyfitter_cfg.c ****     #endif
  37:Generated_Source\PSoC4/cyfitter_cfg.c ****     
  38:Generated_Source\PSoC4/cyfitter_cfg.c ****     #if defined(__ARMCC_VERSION)
  39:Generated_Source\PSoC4/cyfitter_cfg.c ****         #define CY_CFG_MEMORY_BARRIER() __memory_changed()
  40:Generated_Source\PSoC4/cyfitter_cfg.c ****     #else
  41:Generated_Source\PSoC4/cyfitter_cfg.c ****         #define CY_CFG_MEMORY_BARRIER() __sync_synchronize()
  42:Generated_Source\PSoC4/cyfitter_cfg.c ****     #endif
  43:Generated_Source\PSoC4/cyfitter_cfg.c ****     
  44:Generated_Source\PSoC4/cyfitter_cfg.c **** #elif defined(__ICCARM__)
  45:Generated_Source\PSoC4/cyfitter_cfg.c ****     #include <intrinsics.h>
  46:Generated_Source\PSoC4/cyfitter_cfg.c **** 
  47:Generated_Source\PSoC4/cyfitter_cfg.c ****     #define CYPACKED __packed
  48:Generated_Source\PSoC4/cyfitter_cfg.c ****     #define CYPACKED_ATTR 
  49:Generated_Source\PSoC4/cyfitter_cfg.c ****     #define CYALIGNED _Pragma("data_alignment=4")
  50:Generated_Source\PSoC4/cyfitter_cfg.c ****     #define CY_CFG_UNUSED _Pragma("diag_suppress=Pe177")
  51:Generated_Source\PSoC4/cyfitter_cfg.c ****     #define CY_CFG_SECTION _Pragma("location=\".psocinit\"")
  52:Generated_Source\PSoC4/cyfitter_cfg.c ****     
  53:Generated_Source\PSoC4/cyfitter_cfg.c ****     #define CY_CFG_MEMORY_BARRIER() __DMB()
  54:Generated_Source\PSoC4/cyfitter_cfg.c ****     
  55:Generated_Source\PSoC4/cyfitter_cfg.c **** #else
  56:Generated_Source\PSoC4/cyfitter_cfg.c ****     #error Unsupported toolchain
  57:Generated_Source\PSoC4/cyfitter_cfg.c **** #endif
  58:Generated_Source\PSoC4/cyfitter_cfg.c **** 
  59:Generated_Source\PSoC4/cyfitter_cfg.c **** #ifndef CYCODE
  60:Generated_Source\PSoC4/cyfitter_cfg.c ****     #define CYCODE
  61:Generated_Source\PSoC4/cyfitter_cfg.c **** #endif
  62:Generated_Source\PSoC4/cyfitter_cfg.c **** #ifndef CYDATA
  63:Generated_Source\PSoC4/cyfitter_cfg.c ****     #define CYDATA
  64:Generated_Source\PSoC4/cyfitter_cfg.c **** #endif
  65:Generated_Source\PSoC4/cyfitter_cfg.c **** #ifndef CYFAR
  66:Generated_Source\PSoC4/cyfitter_cfg.c ****     #define CYFAR
  67:Generated_Source\PSoC4/cyfitter_cfg.c **** #endif
  68:Generated_Source\PSoC4/cyfitter_cfg.c **** #ifndef CYXDATA
  69:Generated_Source\PSoC4/cyfitter_cfg.c ****     #define CYXDATA
  70:Generated_Source\PSoC4/cyfitter_cfg.c **** #endif
  71:Generated_Source\PSoC4/cyfitter_cfg.c **** 
  72:Generated_Source\PSoC4/cyfitter_cfg.c **** 
  73:Generated_Source\PSoC4/cyfitter_cfg.c **** CY_CFG_UNUSED
  74:Generated_Source\PSoC4/cyfitter_cfg.c **** static void CYMEMZERO(void *s, size_t n);
  75:Generated_Source\PSoC4/cyfitter_cfg.c **** CY_CFG_UNUSED
  76:Generated_Source\PSoC4/cyfitter_cfg.c **** static void CYMEMZERO(void *s, size_t n)
  77:Generated_Source\PSoC4/cyfitter_cfg.c **** {
  78:Generated_Source\PSoC4/cyfitter_cfg.c **** 	(void)memset(s, 0, n);
  79:Generated_Source\PSoC4/cyfitter_cfg.c **** }
  80:Generated_Source\PSoC4/cyfitter_cfg.c **** CY_CFG_UNUSED
  81:Generated_Source\PSoC4/cyfitter_cfg.c **** static void CYCONFIGCPY(void *dest, const void *src, size_t n);
  82:Generated_Source\PSoC4/cyfitter_cfg.c **** CY_CFG_UNUSED
  83:Generated_Source\PSoC4/cyfitter_cfg.c **** static void CYCONFIGCPY(void *dest, const void *src, size_t n)
  84:Generated_Source\PSoC4/cyfitter_cfg.c **** {
  85:Generated_Source\PSoC4/cyfitter_cfg.c **** 	(void)memcpy(dest, src, n);
  86:Generated_Source\PSoC4/cyfitter_cfg.c **** }
  87:Generated_Source\PSoC4/cyfitter_cfg.c **** CY_CFG_UNUSED
  88:Generated_Source\PSoC4/cyfitter_cfg.c **** static void CYCONFIGCPYCODE(void *dest, const void *src, size_t n);
ARM GAS  C:\Users\Jimmy\AppData\Local\Temp\ccqqCCk6.s 			page 3


  89:Generated_Source\PSoC4/cyfitter_cfg.c **** CY_CFG_UNUSED
  90:Generated_Source\PSoC4/cyfitter_cfg.c **** static void CYCONFIGCPYCODE(void *dest, const void *src, size_t n)
  91:Generated_Source\PSoC4/cyfitter_cfg.c **** {
  92:Generated_Source\PSoC4/cyfitter_cfg.c **** 	(void)memcpy(dest, src, n);
  93:Generated_Source\PSoC4/cyfitter_cfg.c **** }
  94:Generated_Source\PSoC4/cyfitter_cfg.c **** 
  95:Generated_Source\PSoC4/cyfitter_cfg.c **** 
  96:Generated_Source\PSoC4/cyfitter_cfg.c **** 
  97:Generated_Source\PSoC4/cyfitter_cfg.c **** 
  98:Generated_Source\PSoC4/cyfitter_cfg.c **** /* Clock startup error codes                                                   */
  99:Generated_Source\PSoC4/cyfitter_cfg.c **** #define CYCLOCKSTART_NO_ERROR    0u
 100:Generated_Source\PSoC4/cyfitter_cfg.c **** #define CYCLOCKSTART_XTAL_ERROR  1u
 101:Generated_Source\PSoC4/cyfitter_cfg.c **** #define CYCLOCKSTART_32KHZ_ERROR 2u
 102:Generated_Source\PSoC4/cyfitter_cfg.c **** #define CYCLOCKSTART_PLL_ERROR   3u
 103:Generated_Source\PSoC4/cyfitter_cfg.c **** #define CYCLOCKSTART_FLL_ERROR   4u
 104:Generated_Source\PSoC4/cyfitter_cfg.c **** #define CYCLOCKSTART_WCO_ERROR   5u
 105:Generated_Source\PSoC4/cyfitter_cfg.c **** 
 106:Generated_Source\PSoC4/cyfitter_cfg.c **** 
 107:Generated_Source\PSoC4/cyfitter_cfg.c **** #ifdef CY_NEED_CYCLOCKSTARTUPERROR
 108:Generated_Source\PSoC4/cyfitter_cfg.c **** /*******************************************************************************
 109:Generated_Source\PSoC4/cyfitter_cfg.c **** * Function Name: CyClockStartupError
 110:Generated_Source\PSoC4/cyfitter_cfg.c **** ********************************************************************************
 111:Generated_Source\PSoC4/cyfitter_cfg.c **** * Summary:
 112:Generated_Source\PSoC4/cyfitter_cfg.c **** *  If an error is encountered during clock configuration (crystal startup error,
 113:Generated_Source\PSoC4/cyfitter_cfg.c **** *  PLL lock error, etc.), the system will end up here.  Unless reimplemented by
 114:Generated_Source\PSoC4/cyfitter_cfg.c **** *  the customer, this function will stop in an infinite loop.
 115:Generated_Source\PSoC4/cyfitter_cfg.c **** *
 116:Generated_Source\PSoC4/cyfitter_cfg.c **** * Parameters:
 117:Generated_Source\PSoC4/cyfitter_cfg.c **** *   void
 118:Generated_Source\PSoC4/cyfitter_cfg.c **** *
 119:Generated_Source\PSoC4/cyfitter_cfg.c **** * Return:
 120:Generated_Source\PSoC4/cyfitter_cfg.c **** *   void
 121:Generated_Source\PSoC4/cyfitter_cfg.c **** *
 122:Generated_Source\PSoC4/cyfitter_cfg.c **** *******************************************************************************/
 123:Generated_Source\PSoC4/cyfitter_cfg.c **** CY_CFG_UNUSED
 124:Generated_Source\PSoC4/cyfitter_cfg.c **** static void CyClockStartupError(uint8 errorCode);
 125:Generated_Source\PSoC4/cyfitter_cfg.c **** CY_CFG_UNUSED
 126:Generated_Source\PSoC4/cyfitter_cfg.c **** static void CyClockStartupError(uint8 errorCode)
 127:Generated_Source\PSoC4/cyfitter_cfg.c **** {
 128:Generated_Source\PSoC4/cyfitter_cfg.c ****     /* To remove the compiler warning if errorCode not used.                */
 129:Generated_Source\PSoC4/cyfitter_cfg.c ****     errorCode = errorCode;
 130:Generated_Source\PSoC4/cyfitter_cfg.c **** 
 131:Generated_Source\PSoC4/cyfitter_cfg.c ****     /* If we have a clock startup error (bad MHz crystal, PLL lock, etc.),  */
 132:Generated_Source\PSoC4/cyfitter_cfg.c ****     /* we will end up here to allow the customer to implement something to  */
 133:Generated_Source\PSoC4/cyfitter_cfg.c ****     /* deal with the clock condition.                                       */
 134:Generated_Source\PSoC4/cyfitter_cfg.c **** 
 135:Generated_Source\PSoC4/cyfitter_cfg.c **** #ifdef CY_CFG_CLOCK_STARTUP_ERROR_CALLBACK
 136:Generated_Source\PSoC4/cyfitter_cfg.c ****     CY_CFG_Clock_Startup_ErrorCallback();
 137:Generated_Source\PSoC4/cyfitter_cfg.c **** #else
 138:Generated_Source\PSoC4/cyfitter_cfg.c ****     /*  If not using CY_CFG_CLOCK_STARTUP_ERROR_CALLBACK, place your clock startup code here. */
 139:Generated_Source\PSoC4/cyfitter_cfg.c ****     /* `#START CyClockStartupError` */
 140:Generated_Source\PSoC4/cyfitter_cfg.c **** 
 141:Generated_Source\PSoC4/cyfitter_cfg.c **** 
 142:Generated_Source\PSoC4/cyfitter_cfg.c **** 
 143:Generated_Source\PSoC4/cyfitter_cfg.c ****     /* `#END` */
 144:Generated_Source\PSoC4/cyfitter_cfg.c **** 
 145:Generated_Source\PSoC4/cyfitter_cfg.c ****     while(1) {}
ARM GAS  C:\Users\Jimmy\AppData\Local\Temp\ccqqCCk6.s 			page 4


 146:Generated_Source\PSoC4/cyfitter_cfg.c **** #endif /* CY_CFG_CLOCK_STARTUP_ERROR_CALLBACK */
 147:Generated_Source\PSoC4/cyfitter_cfg.c **** }
 148:Generated_Source\PSoC4/cyfitter_cfg.c **** #endif
 149:Generated_Source\PSoC4/cyfitter_cfg.c **** 
 150:Generated_Source\PSoC4/cyfitter_cfg.c **** #define CY_CFG_BASE_ADDR_COUNT 3u
 151:Generated_Source\PSoC4/cyfitter_cfg.c **** CYPACKED typedef struct
 152:Generated_Source\PSoC4/cyfitter_cfg.c **** {
 153:Generated_Source\PSoC4/cyfitter_cfg.c **** 	uint8 offset;
 154:Generated_Source\PSoC4/cyfitter_cfg.c **** 	uint8 value;
 155:Generated_Source\PSoC4/cyfitter_cfg.c **** } CYPACKED_ATTR cy_cfg_addrvalue_t;
 156:Generated_Source\PSoC4/cyfitter_cfg.c **** 
 157:Generated_Source\PSoC4/cyfitter_cfg.c **** 
 158:Generated_Source\PSoC4/cyfitter_cfg.c **** 
 159:Generated_Source\PSoC4/cyfitter_cfg.c **** /*******************************************************************************
 160:Generated_Source\PSoC4/cyfitter_cfg.c **** * Function Name: cfg_write_bytes32
 161:Generated_Source\PSoC4/cyfitter_cfg.c **** ********************************************************************************
 162:Generated_Source\PSoC4/cyfitter_cfg.c **** * Summary:
 163:Generated_Source\PSoC4/cyfitter_cfg.c **** *  This function is used for setting up the chip configuration areas that
 164:Generated_Source\PSoC4/cyfitter_cfg.c **** *  contain relatively sparse data.
 165:Generated_Source\PSoC4/cyfitter_cfg.c **** *
 166:Generated_Source\PSoC4/cyfitter_cfg.c **** * Parameters:
 167:Generated_Source\PSoC4/cyfitter_cfg.c **** *   void
 168:Generated_Source\PSoC4/cyfitter_cfg.c **** *
 169:Generated_Source\PSoC4/cyfitter_cfg.c **** * Return:
 170:Generated_Source\PSoC4/cyfitter_cfg.c **** *   void
 171:Generated_Source\PSoC4/cyfitter_cfg.c **** *
 172:Generated_Source\PSoC4/cyfitter_cfg.c **** *******************************************************************************/
 173:Generated_Source\PSoC4/cyfitter_cfg.c **** static void cfg_write_bytes32(const uint32 addr_table[], const cy_cfg_addrvalue_t data_table[]);
 174:Generated_Source\PSoC4/cyfitter_cfg.c **** static void cfg_write_bytes32(const uint32 addr_table[], const cy_cfg_addrvalue_t data_table[])
 175:Generated_Source\PSoC4/cyfitter_cfg.c **** {
  27              		.loc 1 175 0
  28              		.cfi_startproc
  29              		@ args = 0, pretend = 0, frame = 0
  30              		@ frame_needed = 0, uses_anonymous_args = 0
  31              	.LVL0:
  32 0000 F0B5     		push	{r4, r5, r6, r7, lr}
  33              		.cfi_def_cfa_offset 20
  34              		.cfi_offset 4, -20
  35              		.cfi_offset 5, -16
  36              		.cfi_offset 6, -12
  37              		.cfi_offset 7, -8
  38              		.cfi_offset 14, -4
  39              	.LVL1:
 176:Generated_Source\PSoC4/cyfitter_cfg.c **** 	/* For 32-bit little-endian architectures */
 177:Generated_Source\PSoC4/cyfitter_cfg.c **** 	uint32 i, j = 0u;
  40              		.loc 1 177 0
  41 0002 0025     		movs	r5, #0
 178:Generated_Source\PSoC4/cyfitter_cfg.c **** 	for (i = 0u; i < CY_CFG_BASE_ADDR_COUNT; i++)
  42              		.loc 1 178 0
  43 0004 0027     		movs	r7, #0
  44 0006 11E0     		b	.L2
  45              	.LVL2:
  46              	.L5:
  47              	.LBB2:
 179:Generated_Source\PSoC4/cyfitter_cfg.c **** 	{
 180:Generated_Source\PSoC4/cyfitter_cfg.c **** 		uint32 baseAddr = addr_table[i];
  48              		.loc 1 180 0
ARM GAS  C:\Users\Jimmy\AppData\Local\Temp\ccqqCCk6.s 			page 5


  49 0008 BB00     		lsls	r3, r7, #2
  50 000a C658     		ldr	r6, [r0, r3]
  51              	.LVL3:
 181:Generated_Source\PSoC4/cyfitter_cfg.c **** 		uint8 count = (uint8)baseAddr;
  52              		.loc 1 181 0
  53 000c F3B2     		uxtb	r3, r6
  54              	.LVL4:
 182:Generated_Source\PSoC4/cyfitter_cfg.c **** 		baseAddr &= 0xFFFFFF00u;
  55              		.loc 1 182 0
  56 000e FF22     		movs	r2, #255
  57 0010 9643     		bics	r6, r2
  58              	.LVL5:
 183:Generated_Source\PSoC4/cyfitter_cfg.c **** 		while (count != 0u)
  59              		.loc 1 183 0
  60 0012 08E0     		b	.L3
  61              	.L4:
 184:Generated_Source\PSoC4/cyfitter_cfg.c **** 		{
 185:Generated_Source\PSoC4/cyfitter_cfg.c **** 			CY_SET_REG8((void *)(baseAddr + data_table[j].offset), data_table[j].value);
  62              		.loc 1 185 0
  63 0014 6A00     		lsls	r2, r5, #1
  64 0016 8A18     		adds	r2, r1, r2
  65 0018 1478     		ldrb	r4, [r2]
  66 001a A419     		adds	r4, r4, r6
  67 001c 5278     		ldrb	r2, [r2, #1]
  68 001e 2270     		strb	r2, [r4]
 186:Generated_Source\PSoC4/cyfitter_cfg.c **** 			j++;
  69              		.loc 1 186 0
  70 0020 0135     		adds	r5, r5, #1
  71              	.LVL6:
 187:Generated_Source\PSoC4/cyfitter_cfg.c **** 			count--;
  72              		.loc 1 187 0
  73 0022 013B     		subs	r3, r3, #1
  74              	.LVL7:
  75 0024 DBB2     		uxtb	r3, r3
  76              	.LVL8:
  77              	.L3:
 183:Generated_Source\PSoC4/cyfitter_cfg.c **** 		{
  78              		.loc 1 183 0
  79 0026 002B     		cmp	r3, #0
  80 0028 F4D1     		bne	.L4
  81              	.LBE2:
 178:Generated_Source\PSoC4/cyfitter_cfg.c **** 	{
  82              		.loc 1 178 0 discriminator 2
  83 002a 0137     		adds	r7, r7, #1
  84              	.LVL9:
  85              	.L2:
 178:Generated_Source\PSoC4/cyfitter_cfg.c **** 	{
  86              		.loc 1 178 0 is_stmt 0 discriminator 1
  87 002c 022F     		cmp	r7, #2
  88 002e EBD9     		bls	.L5
 188:Generated_Source\PSoC4/cyfitter_cfg.c **** 		}
 189:Generated_Source\PSoC4/cyfitter_cfg.c **** 	}
 190:Generated_Source\PSoC4/cyfitter_cfg.c **** }
  89              		.loc 1 190 0 is_stmt 1
  90              		@ sp needed
  91              	.LVL10:
  92              	.LVL11:
ARM GAS  C:\Users\Jimmy\AppData\Local\Temp\ccqqCCk6.s 			page 6


  93 0030 F0BD     		pop	{r4, r5, r6, r7, pc}
  94              		.cfi_endproc
  95              	.LFE5:
  96              		.size	cfg_write_bytes32, .-cfg_write_bytes32
  97 0032 C046     		.section	.text.AnalogSetDefault,"ax",%progbits
  98              		.align	2
  99              		.code	16
 100              		.thumb_func
 101              		.type	AnalogSetDefault, %function
 102              	AnalogSetDefault:
 103              	.LFB7:
 191:Generated_Source\PSoC4/cyfitter_cfg.c **** 
 192:Generated_Source\PSoC4/cyfitter_cfg.c **** 
 193:Generated_Source\PSoC4/cyfitter_cfg.c **** /*******************************************************************************
 194:Generated_Source\PSoC4/cyfitter_cfg.c **** * Function Name: ClockSetup
 195:Generated_Source\PSoC4/cyfitter_cfg.c **** ********************************************************************************
 196:Generated_Source\PSoC4/cyfitter_cfg.c **** *
 197:Generated_Source\PSoC4/cyfitter_cfg.c **** * Summary:
 198:Generated_Source\PSoC4/cyfitter_cfg.c **** *   Performs the initialization of all of the clocks in the device based on the
 199:Generated_Source\PSoC4/cyfitter_cfg.c **** *   settings in the Clock tab of the DWR.  This includes enabling the requested
 200:Generated_Source\PSoC4/cyfitter_cfg.c **** *   clocks and setting the necessary dividers to produce the desired frequency. 
 201:Generated_Source\PSoC4/cyfitter_cfg.c **** *
 202:Generated_Source\PSoC4/cyfitter_cfg.c **** * Parameters:
 203:Generated_Source\PSoC4/cyfitter_cfg.c **** *   void
 204:Generated_Source\PSoC4/cyfitter_cfg.c **** *
 205:Generated_Source\PSoC4/cyfitter_cfg.c **** * Return:
 206:Generated_Source\PSoC4/cyfitter_cfg.c **** *   void
 207:Generated_Source\PSoC4/cyfitter_cfg.c **** *
 208:Generated_Source\PSoC4/cyfitter_cfg.c **** *******************************************************************************/
 209:Generated_Source\PSoC4/cyfitter_cfg.c **** static void ClockSetup(void);
 210:Generated_Source\PSoC4/cyfitter_cfg.c **** CY_CFG_SECTION
 211:Generated_Source\PSoC4/cyfitter_cfg.c **** static void ClockSetup(void)
 212:Generated_Source\PSoC4/cyfitter_cfg.c **** {
 213:Generated_Source\PSoC4/cyfitter_cfg.c **** 
 214:Generated_Source\PSoC4/cyfitter_cfg.c **** 	/* Set Flash Cycles based on max possible frequency in case a glitch occurs during ClockSetup(). *
 215:Generated_Source\PSoC4/cyfitter_cfg.c **** 	CY_SET_REG32((void CYXDATA *)(CYREG_CPUSS_FLASH_CTL), (0x0012u));
 216:Generated_Source\PSoC4/cyfitter_cfg.c **** 	/* Setup and trim IMO based on desired frequency. */
 217:Generated_Source\PSoC4/cyfitter_cfg.c **** 	CySysClkWriteImoFreq(24u);
 218:Generated_Source\PSoC4/cyfitter_cfg.c **** 	/* CYDEV_CLK_ILO_CONFIG Starting address: CYDEV_CLK_ILO_CONFIG */
 219:Generated_Source\PSoC4/cyfitter_cfg.c **** 	CY_SET_REG32((void *)(CYREG_CLK_ILO_CONFIG), 0x80000006u);
 220:Generated_Source\PSoC4/cyfitter_cfg.c **** 
 221:Generated_Source\PSoC4/cyfitter_cfg.c **** 
 222:Generated_Source\PSoC4/cyfitter_cfg.c **** 	/* Enable fast start mode for XO */
 223:Generated_Source\PSoC4/cyfitter_cfg.c **** 	CY_SET_REG32((void*)CYREG_BLE_BLERD_BB_XO, CY_GET_REG32((void*)CYREG_BLE_BLERD_BB_XO) | (uint32)0x
 224:Generated_Source\PSoC4/cyfitter_cfg.c **** 	CY_SET_REG32((void *)(CYREG_BLE_BLERD_BB_XO_CAPTRIM), 0x00003E2Du);
 225:Generated_Source\PSoC4/cyfitter_cfg.c **** 	/*Set XTAL(ECO) divider*/
 226:Generated_Source\PSoC4/cyfitter_cfg.c **** 	CY_SET_REG32((void *)(CYREG_BLE_BLESS_XTAL_CLK_DIV_CONFIG), 0x00000000u);
 227:Generated_Source\PSoC4/cyfitter_cfg.c **** 	/* Disable Crystal Stable Interrupt before enabling ECO */
 228:Generated_Source\PSoC4/cyfitter_cfg.c **** 	CY_SET_REG32((void*)CYREG_BLE_BLESS_LL_DSM_CTRL, CY_GET_REG32((void*)CYREG_BLE_BLESS_LL_DSM_CTRL) 
 229:Generated_Source\PSoC4/cyfitter_cfg.c **** 	/* Start the ECO and do not check status since it is not needed for HFCLK */
 230:Generated_Source\PSoC4/cyfitter_cfg.c **** 	(void)CySysClkEcoStart(2000u);
 231:Generated_Source\PSoC4/cyfitter_cfg.c **** 	CyDelayUs(1500u); /* Wait to stabilize */
 232:Generated_Source\PSoC4/cyfitter_cfg.c **** 
 233:Generated_Source\PSoC4/cyfitter_cfg.c **** 	/* Setup phase aligned clocks */
 234:Generated_Source\PSoC4/cyfitter_cfg.c **** 	CY_SET_REG32((void *)CYREG_PERI_DIV_16_CTL0, 0x0002DB00u);
 235:Generated_Source\PSoC4/cyfitter_cfg.c **** 	CY_SET_REG32((void *)CYREG_PERI_DIV_CMD, 0x8000FF40u);
 236:Generated_Source\PSoC4/cyfitter_cfg.c **** 
ARM GAS  C:\Users\Jimmy\AppData\Local\Temp\ccqqCCk6.s 			page 7


 237:Generated_Source\PSoC4/cyfitter_cfg.c **** 	/* CYDEV_CLK_IMO_CONFIG Starting address: CYDEV_CLK_IMO_CONFIG */
 238:Generated_Source\PSoC4/cyfitter_cfg.c **** 	CY_SET_REG32((void *)(CYREG_CLK_IMO_CONFIG), 0x80000000u);
 239:Generated_Source\PSoC4/cyfitter_cfg.c **** 
 240:Generated_Source\PSoC4/cyfitter_cfg.c **** 	/* CYDEV_CLK_SELECT Starting address: CYDEV_CLK_SELECT */
 241:Generated_Source\PSoC4/cyfitter_cfg.c **** 	CY_SET_REG32((void *)(CYREG_CLK_SELECT), 0x00000000u);
 242:Generated_Source\PSoC4/cyfitter_cfg.c **** 
 243:Generated_Source\PSoC4/cyfitter_cfg.c **** 	/* CYDEV_PERI_PCLK_CTL7 Starting address: CYDEV_PERI_PCLK_CTL7 */
 244:Generated_Source\PSoC4/cyfitter_cfg.c **** 	CY_SET_REG32((void *)(CYREG_PERI_PCLK_CTL7), 0x00000040u);
 245:Generated_Source\PSoC4/cyfitter_cfg.c **** 
 246:Generated_Source\PSoC4/cyfitter_cfg.c **** 	(void)CyIntSetVector(8u, &CySysWdtIsr);
 247:Generated_Source\PSoC4/cyfitter_cfg.c **** 	CyIntEnable(8u);
 248:Generated_Source\PSoC4/cyfitter_cfg.c **** 	CY_SET_REG32((void *)(CYREG_WDT_CONFIG), 0x00000000u);
 249:Generated_Source\PSoC4/cyfitter_cfg.c **** 	/* Set Flash Cycles based on newly configured 24.00MHz HFCLK. */
 250:Generated_Source\PSoC4/cyfitter_cfg.c **** 	CY_SET_REG32((void CYXDATA *)(CYREG_CPUSS_FLASH_CTL), (0x0011u));
 251:Generated_Source\PSoC4/cyfitter_cfg.c **** }
 252:Generated_Source\PSoC4/cyfitter_cfg.c **** 
 253:Generated_Source\PSoC4/cyfitter_cfg.c **** 
 254:Generated_Source\PSoC4/cyfitter_cfg.c **** /* Analog API Functions */
 255:Generated_Source\PSoC4/cyfitter_cfg.c **** 
 256:Generated_Source\PSoC4/cyfitter_cfg.c **** 
 257:Generated_Source\PSoC4/cyfitter_cfg.c **** /*******************************************************************************
 258:Generated_Source\PSoC4/cyfitter_cfg.c **** * Function Name: AnalogSetDefault
 259:Generated_Source\PSoC4/cyfitter_cfg.c **** ********************************************************************************
 260:Generated_Source\PSoC4/cyfitter_cfg.c **** *
 261:Generated_Source\PSoC4/cyfitter_cfg.c **** * Summary:
 262:Generated_Source\PSoC4/cyfitter_cfg.c **** *  Sets up the analog portions of the chip to default values based on chip
 263:Generated_Source\PSoC4/cyfitter_cfg.c **** *  configuration options from the project.
 264:Generated_Source\PSoC4/cyfitter_cfg.c **** *
 265:Generated_Source\PSoC4/cyfitter_cfg.c **** * Parameters:
 266:Generated_Source\PSoC4/cyfitter_cfg.c **** *  void
 267:Generated_Source\PSoC4/cyfitter_cfg.c **** *
 268:Generated_Source\PSoC4/cyfitter_cfg.c **** * Return:
 269:Generated_Source\PSoC4/cyfitter_cfg.c **** *  void
 270:Generated_Source\PSoC4/cyfitter_cfg.c **** *
 271:Generated_Source\PSoC4/cyfitter_cfg.c **** *******************************************************************************/
 272:Generated_Source\PSoC4/cyfitter_cfg.c **** static void AnalogSetDefault(void);
 273:Generated_Source\PSoC4/cyfitter_cfg.c **** static void AnalogSetDefault(void)
 274:Generated_Source\PSoC4/cyfitter_cfg.c **** {
 104              		.loc 1 274 0
 105              		.cfi_startproc
 106              		@ args = 0, pretend = 0, frame = 0
 107              		@ frame_needed = 0, uses_anonymous_args = 0
 108              		@ link register save eliminated.
 275:Generated_Source\PSoC4/cyfitter_cfg.c **** 	CY_SET_XTND_REG32((void CYFAR *)CYREG_CTBM0_DFT_CTRL, 0x00000003u);
 109              		.loc 1 275 0
 110 0000 0323     		movs	r3, #3
 111 0002 044A     		ldr	r2, .L7
 112 0004 1360     		str	r3, [r2]
 276:Generated_Source\PSoC4/cyfitter_cfg.c **** 	CY_SET_XTND_REG32((void CYFAR *)CYREG_CTBM1_DFT_CTRL, 0x00000003u);
 113              		.loc 1 276 0
 114 0006 044A     		ldr	r2, .L7+4
 115 0008 1360     		str	r3, [r2]
 277:Generated_Source\PSoC4/cyfitter_cfg.c **** 	CY_SET_XTND_REG32((void CYFAR *)CYREG_PASS_DSAB_DSAB_CTRL, 0x00000000u);
 116              		.loc 1 277 0
 117 000a 0022     		movs	r2, #0
 118 000c 034B     		ldr	r3, .L7+8
 119 000e 1A60     		str	r2, [r3]
ARM GAS  C:\Users\Jimmy\AppData\Local\Temp\ccqqCCk6.s 			page 8


 278:Generated_Source\PSoC4/cyfitter_cfg.c **** }
 120              		.loc 1 278 0
 121              		@ sp needed
 122 0010 7047     		bx	lr
 123              	.L8:
 124 0012 C046     		.align	2
 125              	.L7:
 126 0014 30003040 		.word	1076887600
 127 0018 30003140 		.word	1076953136
 128 001c 000E3F40 		.word	1077874176
 129              		.cfi_endproc
 130              	.LFE7:
 131              		.size	AnalogSetDefault, .-AnalogSetDefault
 132              		.section	.text.CYMEMZERO,"ax",%progbits
 133              		.align	2
 134              		.code	16
 135              		.thumb_func
 136              		.type	CYMEMZERO, %function
 137              	CYMEMZERO:
 138              	.LFB2:
  77:Generated_Source\PSoC4/cyfitter_cfg.c **** 	(void)memset(s, 0, n);
 139              		.loc 1 77 0
 140              		.cfi_startproc
 141              		@ args = 0, pretend = 0, frame = 0
 142              		@ frame_needed = 0, uses_anonymous_args = 0
 143              	.LVL12:
 144 0000 10B5     		push	{r4, lr}
 145              		.cfi_def_cfa_offset 8
 146              		.cfi_offset 4, -8
 147              		.cfi_offset 14, -4
 148 0002 0A00     		movs	r2, r1
  78:Generated_Source\PSoC4/cyfitter_cfg.c **** }
 149              		.loc 1 78 0
 150 0004 0021     		movs	r1, #0
 151              	.LVL13:
 152 0006 FFF7FEFF 		bl	memset
 153              	.LVL14:
  79:Generated_Source\PSoC4/cyfitter_cfg.c **** CY_CFG_UNUSED
 154              		.loc 1 79 0
 155              		@ sp needed
 156 000a 10BD     		pop	{r4, pc}
 157              		.cfi_endproc
 158              	.LFE2:
 159              		.size	CYMEMZERO, .-CYMEMZERO
 160              		.section	.psocinit,"ax",%progbits
 161              		.align	2
 162              		.code	16
 163              		.thumb_func
 164              		.type	ClockSetup, %function
 165              	ClockSetup:
 166              	.LFB6:
 212:Generated_Source\PSoC4/cyfitter_cfg.c **** 
 167              		.loc 1 212 0
 168              		.cfi_startproc
 169              		@ args = 0, pretend = 0, frame = 0
 170              		@ frame_needed = 0, uses_anonymous_args = 0
 171 0000 70B5     		push	{r4, r5, r6, lr}
ARM GAS  C:\Users\Jimmy\AppData\Local\Temp\ccqqCCk6.s 			page 9


 172              		.cfi_def_cfa_offset 16
 173              		.cfi_offset 4, -16
 174              		.cfi_offset 5, -12
 175              		.cfi_offset 6, -8
 176              		.cfi_offset 14, -4
 215:Generated_Source\PSoC4/cyfitter_cfg.c **** 	/* Setup and trim IMO based on desired frequency. */
 177              		.loc 1 215 0
 178 0002 1D4D     		ldr	r5, .L11
 179 0004 1223     		movs	r3, #18
 180 0006 2B60     		str	r3, [r5]
 217:Generated_Source\PSoC4/cyfitter_cfg.c **** 	/* CYDEV_CLK_ILO_CONFIG Starting address: CYDEV_CLK_ILO_CONFIG */
 181              		.loc 1 217 0
 182 0008 1820     		movs	r0, #24
 183 000a FFF7FEFF 		bl	CySysClkWriteImoFreq
 184              	.LVL15:
 219:Generated_Source\PSoC4/cyfitter_cfg.c **** 
 185              		.loc 1 219 0
 186 000e 1B4A     		ldr	r2, .L11+4
 187 0010 1B4B     		ldr	r3, .L11+8
 188 0012 1A60     		str	r2, [r3]
 223:Generated_Source\PSoC4/cyfitter_cfg.c **** 	CY_SET_REG32((void *)(CYREG_BLE_BLERD_BB_XO_CAPTRIM), 0x00003E2Du);
 189              		.loc 1 223 0
 190 0014 1B4A     		ldr	r2, .L11+12
 191 0016 1168     		ldr	r1, [r2]
 192 0018 0223     		movs	r3, #2
 193 001a 0B43     		orrs	r3, r1
 194 001c 1360     		str	r3, [r2]
 224:Generated_Source\PSoC4/cyfitter_cfg.c **** 	/*Set XTAL(ECO) divider*/
 195              		.loc 1 224 0
 196 001e 1A4A     		ldr	r2, .L11+16
 197 0020 1A4B     		ldr	r3, .L11+20
 198 0022 1A60     		str	r2, [r3]
 226:Generated_Source\PSoC4/cyfitter_cfg.c **** 	/* Disable Crystal Stable Interrupt before enabling ECO */
 199              		.loc 1 226 0
 200 0024 0024     		movs	r4, #0
 201 0026 1A4B     		ldr	r3, .L11+24
 202 0028 1C60     		str	r4, [r3]
 228:Generated_Source\PSoC4/cyfitter_cfg.c **** 	/* Start the ECO and do not check status since it is not needed for HFCLK */
 203              		.loc 1 228 0
 204 002a 1A4A     		ldr	r2, .L11+28
 205 002c 1368     		ldr	r3, [r2]
 206 002e 0821     		movs	r1, #8
 207 0030 8B43     		bics	r3, r1
 208 0032 1360     		str	r3, [r2]
 230:Generated_Source\PSoC4/cyfitter_cfg.c **** 	CyDelayUs(1500u); /* Wait to stabilize */
 209              		.loc 1 230 0
 210 0034 FA20     		movs	r0, #250
 211 0036 C000     		lsls	r0, r0, #3
 212 0038 FFF7FEFF 		bl	CySysClkEcoStart
 213              	.LVL16:
 231:Generated_Source\PSoC4/cyfitter_cfg.c **** 
 214              		.loc 1 231 0
 215 003c 1648     		ldr	r0, .L11+32
 216 003e FFF7FEFF 		bl	CyDelayUs
 217              	.LVL17:
 234:Generated_Source\PSoC4/cyfitter_cfg.c **** 	CY_SET_REG32((void *)CYREG_PERI_DIV_CMD, 0x8000FF40u);
 218              		.loc 1 234 0
ARM GAS  C:\Users\Jimmy\AppData\Local\Temp\ccqqCCk6.s 			page 10


 219 0042 164A     		ldr	r2, .L11+36
 220 0044 164B     		ldr	r3, .L11+40
 221 0046 1A60     		str	r2, [r3]
 235:Generated_Source\PSoC4/cyfitter_cfg.c **** 
 222              		.loc 1 235 0
 223 0048 164A     		ldr	r2, .L11+44
 224 004a 174B     		ldr	r3, .L11+48
 225 004c 1A60     		str	r2, [r3]
 238:Generated_Source\PSoC4/cyfitter_cfg.c **** 
 226              		.loc 1 238 0
 227 004e 8022     		movs	r2, #128
 228 0050 1206     		lsls	r2, r2, #24
 229 0052 164B     		ldr	r3, .L11+52
 230 0054 1A60     		str	r2, [r3]
 241:Generated_Source\PSoC4/cyfitter_cfg.c **** 
 231              		.loc 1 241 0
 232 0056 164B     		ldr	r3, .L11+56
 233 0058 1C60     		str	r4, [r3]
 244:Generated_Source\PSoC4/cyfitter_cfg.c **** 
 234              		.loc 1 244 0
 235 005a 4022     		movs	r2, #64
 236 005c 154B     		ldr	r3, .L11+60
 237 005e 1A60     		str	r2, [r3]
 246:Generated_Source\PSoC4/cyfitter_cfg.c **** 	CyIntEnable(8u);
 238              		.loc 1 246 0
 239 0060 1549     		ldr	r1, .L11+64
 240 0062 0820     		movs	r0, #8
 241 0064 FFF7FEFF 		bl	CyIntSetVector
 242              	.LVL18:
 247:Generated_Source\PSoC4/cyfitter_cfg.c **** 	CY_SET_REG32((void *)(CYREG_WDT_CONFIG), 0x00000000u);
 243              		.loc 1 247 0
 244 0068 0820     		movs	r0, #8
 245 006a FFF7FEFF 		bl	CyIntEnable
 246              	.LVL19:
 248:Generated_Source\PSoC4/cyfitter_cfg.c **** 	/* Set Flash Cycles based on newly configured 24.00MHz HFCLK. */
 247              		.loc 1 248 0
 248 006e 134B     		ldr	r3, .L11+68
 249 0070 1C60     		str	r4, [r3]
 250:Generated_Source\PSoC4/cyfitter_cfg.c **** }
 250              		.loc 1 250 0
 251 0072 1123     		movs	r3, #17
 252 0074 2B60     		str	r3, [r5]
 251:Generated_Source\PSoC4/cyfitter_cfg.c **** 
 253              		.loc 1 251 0
 254              		@ sp needed
 255 0076 70BD     		pop	{r4, r5, r6, pc}
 256              	.L12:
 257              		.align	2
 258              	.L11:
 259 0078 30001040 		.word	1074790448
 260 007c 06000080 		.word	-2147483642
 261 0080 04010B40 		.word	1074462980
 262 0084 78002E40 		.word	1076756600
 263 0088 2D3E0000 		.word	15917
 264 008c 7C002E40 		.word	1076756604
 265 0090 64F02E40 		.word	1076818020
 266 0094 6CF02E40 		.word	1076818028
ARM GAS  C:\Users\Jimmy\AppData\Local\Temp\ccqqCCk6.s 			page 11


 267 0098 DC050000 		.word	1500
 268 009c 00DB0200 		.word	187136
 269 00a0 00030140 		.word	1073808128
 270 00a4 40FF0080 		.word	-2147418304
 271 00a8 00000140 		.word	1073807360
 272 00ac 08010B40 		.word	1074462984
 273 00b0 00010B40 		.word	1074462976
 274 00b4 1C010140 		.word	1073807644
 275 00b8 00000000 		.word	CySysWdtIsr
 276 00bc 0C020B40 		.word	1074463244
 277              		.cfi_endproc
 278              	.LFE6:
 279              		.size	ClockSetup, .-ClockSetup
 280              		.align	2
 281              		.global	cyfitter_cfg
 282              		.code	16
 283              		.thumb_func
 284              		.type	cyfitter_cfg, %function
 285              	cyfitter_cfg:
 286              	.LFB8:
 279:Generated_Source\PSoC4/cyfitter_cfg.c **** 
 280:Generated_Source\PSoC4/cyfitter_cfg.c **** 
 281:Generated_Source\PSoC4/cyfitter_cfg.c **** 
 282:Generated_Source\PSoC4/cyfitter_cfg.c **** 
 283:Generated_Source\PSoC4/cyfitter_cfg.c **** /*******************************************************************************
 284:Generated_Source\PSoC4/cyfitter_cfg.c **** * Function Name: cyfitter_cfg
 285:Generated_Source\PSoC4/cyfitter_cfg.c **** ********************************************************************************
 286:Generated_Source\PSoC4/cyfitter_cfg.c **** * Summary:
 287:Generated_Source\PSoC4/cyfitter_cfg.c **** *  This function is called by the start-up code for the selected device. It
 288:Generated_Source\PSoC4/cyfitter_cfg.c **** *  performs all of the necessary device configuration based on the design
 289:Generated_Source\PSoC4/cyfitter_cfg.c **** *  settings.  This includes settings from the Design Wide Resources (DWR) such
 290:Generated_Source\PSoC4/cyfitter_cfg.c **** *  as Clocks and Pins as well as any component configuration that is necessary.
 291:Generated_Source\PSoC4/cyfitter_cfg.c **** *
 292:Generated_Source\PSoC4/cyfitter_cfg.c **** * Parameters:
 293:Generated_Source\PSoC4/cyfitter_cfg.c **** *   void
 294:Generated_Source\PSoC4/cyfitter_cfg.c **** *
 295:Generated_Source\PSoC4/cyfitter_cfg.c **** * Return:
 296:Generated_Source\PSoC4/cyfitter_cfg.c **** *   void
 297:Generated_Source\PSoC4/cyfitter_cfg.c **** *
 298:Generated_Source\PSoC4/cyfitter_cfg.c **** *******************************************************************************/
 299:Generated_Source\PSoC4/cyfitter_cfg.c **** CY_CFG_SECTION
 300:Generated_Source\PSoC4/cyfitter_cfg.c **** void cyfitter_cfg(void)
 301:Generated_Source\PSoC4/cyfitter_cfg.c **** {
 287              		.loc 1 301 0
 288              		.cfi_startproc
 289              		@ args = 0, pretend = 0, frame = 0
 290              		@ frame_needed = 0, uses_anonymous_args = 0
 291 00c0 10B5     		push	{r4, lr}
 292              		.cfi_def_cfa_offset 8
 293              		.cfi_offset 4, -8
 294              		.cfi_offset 14, -4
 302:Generated_Source\PSoC4/cyfitter_cfg.c **** 	/* Disable interrupts by default. Let user enable if/when they want. */
 303:Generated_Source\PSoC4/cyfitter_cfg.c **** 	CyGlobalIntDisable;
 295              		.loc 1 303 0
 296              		.syntax divided
 297              	@ 303 "Generated_Source\PSoC4\cyfitter_cfg.c" 1
 298 00c2 72B6     		CPSID   i
ARM GAS  C:\Users\Jimmy\AppData\Local\Temp\ccqqCCk6.s 			page 12


 299              	@ 0 "" 2
 304:Generated_Source\PSoC4/cyfitter_cfg.c **** 
 305:Generated_Source\PSoC4/cyfitter_cfg.c **** 	CY_SET_REG32((void *)(CYREG_BLE_BLESS_LL_DSM_CTRL), 0x00000000u);
 300              		.loc 1 305 0
 301              		.thumb
 302              		.syntax unified
 303 00c4 0022     		movs	r2, #0
 304 00c6 214B     		ldr	r3, .L16
 305 00c8 1A60     		str	r2, [r3]
 306              	.LVL20:
 307              	.LBB3:
 306:Generated_Source\PSoC4/cyfitter_cfg.c **** 
 307:Generated_Source\PSoC4/cyfitter_cfg.c **** 	{
 308:Generated_Source\PSoC4/cyfitter_cfg.c **** 		static const uint32 CYCODE cy_cfg_addr_table[] = {
 309:Generated_Source\PSoC4/cyfitter_cfg.c **** 			0x400F3101u, /* Base address: 0x400F3100 Count: 1 */
 310:Generated_Source\PSoC4/cyfitter_cfg.c **** 			0x400F4004u, /* Base address: 0x400F4000 Count: 4 */
 311:Generated_Source\PSoC4/cyfitter_cfg.c **** 			0x400F4203u, /* Base address: 0x400F4200 Count: 3 */
 312:Generated_Source\PSoC4/cyfitter_cfg.c **** 		};
 313:Generated_Source\PSoC4/cyfitter_cfg.c **** 
 314:Generated_Source\PSoC4/cyfitter_cfg.c **** 		static const cy_cfg_addrvalue_t CYCODE cy_cfg_data_table[] = {
 315:Generated_Source\PSoC4/cyfitter_cfg.c **** 			{0xE2u, 0x04u},
 316:Generated_Source\PSoC4/cyfitter_cfg.c **** 			{0x63u, 0x80u},
 317:Generated_Source\PSoC4/cyfitter_cfg.c **** 			{0x83u, 0x40u},
 318:Generated_Source\PSoC4/cyfitter_cfg.c **** 			{0xD8u, 0x40u},
 319:Generated_Source\PSoC4/cyfitter_cfg.c **** 			{0xE2u, 0x20u},
 320:Generated_Source\PSoC4/cyfitter_cfg.c **** 			{0x25u, 0x04u},
 321:Generated_Source\PSoC4/cyfitter_cfg.c **** 			{0x81u, 0x04u},
 322:Generated_Source\PSoC4/cyfitter_cfg.c **** 			{0xC8u, 0x01u},
 323:Generated_Source\PSoC4/cyfitter_cfg.c **** 		};
 324:Generated_Source\PSoC4/cyfitter_cfg.c **** 
 325:Generated_Source\PSoC4/cyfitter_cfg.c **** 
 326:Generated_Source\PSoC4/cyfitter_cfg.c **** 
 327:Generated_Source\PSoC4/cyfitter_cfg.c **** 		CYPACKED typedef struct {
 328:Generated_Source\PSoC4/cyfitter_cfg.c **** 			void CYFAR *address;
 329:Generated_Source\PSoC4/cyfitter_cfg.c **** 			uint16 size;
 330:Generated_Source\PSoC4/cyfitter_cfg.c **** 		} CYPACKED_ATTR cfg_memset_t;
 331:Generated_Source\PSoC4/cyfitter_cfg.c **** 
 332:Generated_Source\PSoC4/cyfitter_cfg.c **** 		static const cfg_memset_t CYCODE cfg_memset_list[] = {
 333:Generated_Source\PSoC4/cyfitter_cfg.c **** 			/* address, size */
 334:Generated_Source\PSoC4/cyfitter_cfg.c **** 			{(void CYFAR *)(CYDEV_UDB_P0_U0_BASE), 1024u},
 335:Generated_Source\PSoC4/cyfitter_cfg.c **** 			{(void CYFAR *)(CYDEV_UDB_DSI0_BASE), 1024u},
 336:Generated_Source\PSoC4/cyfitter_cfg.c **** 		};
 337:Generated_Source\PSoC4/cyfitter_cfg.c **** 
 338:Generated_Source\PSoC4/cyfitter_cfg.c **** 		uint8 CYDATA i;
 339:Generated_Source\PSoC4/cyfitter_cfg.c **** 
 340:Generated_Source\PSoC4/cyfitter_cfg.c **** 		/* Zero out critical memory blocks before beginning configuration */
 341:Generated_Source\PSoC4/cyfitter_cfg.c **** 		for (i = 0u; i < (sizeof(cfg_memset_list)/sizeof(cfg_memset_list[0])); i++)
 308              		.loc 1 341 0
 309 00ca 0024     		movs	r4, #0
 310 00cc 0FE0     		b	.L14
 311              	.LVL21:
 312              	.L15:
 313              	.LBB4:
 342:Generated_Source\PSoC4/cyfitter_cfg.c **** 		{
 343:Generated_Source\PSoC4/cyfitter_cfg.c **** 			const cfg_memset_t CYCODE * CYDATA ms = &cfg_memset_list[i];
 344:Generated_Source\PSoC4/cyfitter_cfg.c **** 			CYMEMZERO(ms->address, (size_t)(uint32)(ms->size));
 314              		.loc 1 344 0 discriminator 3
ARM GAS  C:\Users\Jimmy\AppData\Local\Temp\ccqqCCk6.s 			page 13


 315 00ce 2048     		ldr	r0, .L16+4
 316 00d0 6200     		lsls	r2, r4, #1
 317 00d2 1319     		adds	r3, r2, r4
 318 00d4 5900     		lsls	r1, r3, #1
 319 00d6 0B00     		movs	r3, r1
 320 00d8 4118     		adds	r1, r0, r1
 321 00da 8988     		ldrh	r1, [r1, #4]
 322 00dc 1A5A     		ldrh	r2, [r3, r0]
 323 00de C318     		adds	r3, r0, r3
 324 00e0 5888     		ldrh	r0, [r3, #2]
 325 00e2 0004     		lsls	r0, r0, #16
 326 00e4 1043     		orrs	r0, r2
 327 00e6 FFF7FEFF 		bl	CYMEMZERO
 328              	.LVL22:
 329              	.LBE4:
 341:Generated_Source\PSoC4/cyfitter_cfg.c **** 		{
 330              		.loc 1 341 0 discriminator 3
 331 00ea 0134     		adds	r4, r4, #1
 332              	.LVL23:
 333 00ec E4B2     		uxtb	r4, r4
 334              	.LVL24:
 335              	.L14:
 341:Generated_Source\PSoC4/cyfitter_cfg.c **** 		{
 336              		.loc 1 341 0 is_stmt 0 discriminator 1
 337 00ee 012C     		cmp	r4, #1
 338 00f0 EDD9     		bls	.L15
 345:Generated_Source\PSoC4/cyfitter_cfg.c **** 		}
 346:Generated_Source\PSoC4/cyfitter_cfg.c **** 
 347:Generated_Source\PSoC4/cyfitter_cfg.c **** 		cfg_write_bytes32(cy_cfg_addr_table, cy_cfg_data_table);
 339              		.loc 1 347 0 is_stmt 1
 340 00f2 1748     		ldr	r0, .L16+4
 341 00f4 0100     		movs	r1, r0
 342 00f6 0C31     		adds	r1, r1, #12
 343 00f8 1C30     		adds	r0, r0, #28
 344 00fa FFF7FEFF 		bl	cfg_write_bytes32
 345              	.LVL25:
 348:Generated_Source\PSoC4/cyfitter_cfg.c **** 
 349:Generated_Source\PSoC4/cyfitter_cfg.c **** 		/* HSIOM Starting address: CYDEV_HSIOM_BASE */
 350:Generated_Source\PSoC4/cyfitter_cfg.c **** 		CY_SET_REG32((void *)(CYDEV_HSIOM_BASE), 0xEE030000u);
 346              		.loc 1 350 0
 347 00fe 154A     		ldr	r2, .L16+8
 348 0100 154B     		ldr	r3, .L16+12
 349 0102 1A60     		str	r2, [r3]
 351:Generated_Source\PSoC4/cyfitter_cfg.c **** 
 352:Generated_Source\PSoC4/cyfitter_cfg.c **** 		/* UDB_PA_0 Starting address: CYDEV_UDB_PA0_BASE */
 353:Generated_Source\PSoC4/cyfitter_cfg.c **** 		CY_SET_REG32((void *)(CYDEV_UDB_PA0_BASE), 0x00990000u);
 350              		.loc 1 353 0
 351 0104 9923     		movs	r3, #153
 352 0106 1B04     		lsls	r3, r3, #16
 353 0108 144A     		ldr	r2, .L16+16
 354 010a 1360     		str	r3, [r2]
 354:Generated_Source\PSoC4/cyfitter_cfg.c **** 		CY_SET_REG32((void *)(CYREG_UDB_PA0_CFG8), 0x02000000u);
 355              		.loc 1 354 0
 356 010c 8021     		movs	r1, #128
 357 010e 8904     		lsls	r1, r1, #18
 358 0110 134A     		ldr	r2, .L16+20
 359 0112 1160     		str	r1, [r2]
ARM GAS  C:\Users\Jimmy\AppData\Local\Temp\ccqqCCk6.s 			page 14


 355:Generated_Source\PSoC4/cyfitter_cfg.c **** 
 356:Generated_Source\PSoC4/cyfitter_cfg.c **** 		/* UDB_PA_3 Starting address: CYDEV_UDB_PA3_BASE */
 357:Generated_Source\PSoC4/cyfitter_cfg.c **** 		CY_SET_REG32((void *)(CYDEV_UDB_PA3_BASE), 0x00990000u);
 360              		.loc 1 357 0
 361 0114 134A     		ldr	r2, .L16+24
 362 0116 1360     		str	r3, [r2]
 358:Generated_Source\PSoC4/cyfitter_cfg.c **** 
 359:Generated_Source\PSoC4/cyfitter_cfg.c **** 		/* Enable digital routing */
 360:Generated_Source\PSoC4/cyfitter_cfg.c **** 		CY_SET_XTND_REG8((void *)CYREG_UDB_UDBIF_BANK_CTL, (uint8)(CY_GET_XTND_REG8((void *)CYREG_UDB_UDB
 363              		.loc 1 360 0
 364 0118 134A     		ldr	r2, .L16+28
 365 011a 1178     		ldrb	r1, [r2]
 366 011c 0623     		movs	r3, #6
 367 011e 0B43     		orrs	r3, r1
 368 0120 DBB2     		uxtb	r3, r3
 369 0122 1370     		strb	r3, [r2]
 370              	.LBE3:
 361:Generated_Source\PSoC4/cyfitter_cfg.c **** 	}
 362:Generated_Source\PSoC4/cyfitter_cfg.c **** 
 363:Generated_Source\PSoC4/cyfitter_cfg.c **** 	/* Perform second pass device configuration. These items must be configured in specific order afte
 364:Generated_Source\PSoC4/cyfitter_cfg.c **** 	/* IOPINS0_0 Starting address: CYDEV_GPIO_PRT0_BASE */
 365:Generated_Source\PSoC4/cyfitter_cfg.c **** 	CY_SET_REG32((void *)(CYDEV_GPIO_PRT0_BASE), 0x00000010u);
 371              		.loc 1 365 0
 372 0124 1022     		movs	r2, #16
 373 0126 114B     		ldr	r3, .L16+32
 374 0128 1A60     		str	r2, [r3]
 366:Generated_Source\PSoC4/cyfitter_cfg.c **** 	CY_SET_REG32((void *)(CYREG_GPIO_PRT0_PC), 0x00D80000u);
 375              		.loc 1 366 0
 376 012a D822     		movs	r2, #216
 377 012c 1204     		lsls	r2, r2, #16
 378 012e 104B     		ldr	r3, .L16+36
 379 0130 1A60     		str	r2, [r3]
 367:Generated_Source\PSoC4/cyfitter_cfg.c **** 
 368:Generated_Source\PSoC4/cyfitter_cfg.c **** 	/* IOPINS0_3 Starting address: CYDEV_GPIO_PRT3_BASE */
 369:Generated_Source\PSoC4/cyfitter_cfg.c **** 	CY_SET_REG32((void *)(CYDEV_GPIO_PRT3_BASE), 0x000000E0u);
 380              		.loc 1 369 0
 381 0132 E022     		movs	r2, #224
 382 0134 0F4B     		ldr	r3, .L16+40
 383 0136 1A60     		str	r2, [r3]
 370:Generated_Source\PSoC4/cyfitter_cfg.c **** 	CY_SET_REG32((void *)(CYREG_GPIO_PRT3_PC), 0x00DB0000u);
 384              		.loc 1 370 0
 385 0138 DB22     		movs	r2, #219
 386 013a 1204     		lsls	r2, r2, #16
 387 013c 0E4B     		ldr	r3, .L16+44
 388 013e 1A60     		str	r2, [r3]
 371:Generated_Source\PSoC4/cyfitter_cfg.c **** 
 372:Generated_Source\PSoC4/cyfitter_cfg.c **** 
 373:Generated_Source\PSoC4/cyfitter_cfg.c **** 	/* Setup clocks based on selections from Clock DWR */
 374:Generated_Source\PSoC4/cyfitter_cfg.c **** 	ClockSetup();
 389              		.loc 1 374 0
 390 0140 FFF75EFF 		bl	ClockSetup
 391              	.LVL26:
 375:Generated_Source\PSoC4/cyfitter_cfg.c **** 
 376:Generated_Source\PSoC4/cyfitter_cfg.c **** 	/* Perform basic analog initialization to defaults */
 377:Generated_Source\PSoC4/cyfitter_cfg.c **** 	AnalogSetDefault();
 392              		.loc 1 377 0
 393 0144 FFF7FEFF 		bl	AnalogSetDefault
ARM GAS  C:\Users\Jimmy\AppData\Local\Temp\ccqqCCk6.s 			page 15


 394              	.LVL27:
 378:Generated_Source\PSoC4/cyfitter_cfg.c **** 
 379:Generated_Source\PSoC4/cyfitter_cfg.c **** }
 395              		.loc 1 379 0
 396              		@ sp needed
 397              	.LVL28:
 398 0148 10BD     		pop	{r4, pc}
 399              	.L17:
 400 014a C046     		.align	2
 401              	.L16:
 402 014c 6CF02E40 		.word	1076818028
 403 0150 00000000 		.word	.LANCHOR0
 404 0154 000003EE 		.word	-301793280
 405 0158 00000240 		.word	1073872896
 406 015c 00500F40 		.word	1074745344
 407 0160 08500F40 		.word	1074745352
 408 0164 30500F40 		.word	1074745392
 409 0168 00700F40 		.word	1074753536
 410 016c 00000440 		.word	1074003968
 411 0170 08000440 		.word	1074003976
 412 0174 00030440 		.word	1074004736
 413 0178 08030440 		.word	1074004744
 414              		.cfi_endproc
 415              	.LFE8:
 416              		.size	cyfitter_cfg, .-cyfitter_cfg
 417              		.section	.rodata
 418              		.align	2
 419              		.set	.LANCHOR0,. + 0
 420              		.type	cfg_memset_list.4916, %object
 421              		.size	cfg_memset_list.4916, 12
 422              	cfg_memset_list.4916:
 423 0000 00300F40 		.word	1074737152
 424 0004 0004     		.short	1024
 425 0006 00400F40 		.4byte	1074741248
 426 000a 0004     		.short	1024
 427              		.type	cy_cfg_data_table.4911, %object
 428              		.size	cy_cfg_data_table.4911, 16
 429              	cy_cfg_data_table.4911:
 430 000c E2       		.byte	-30
 431 000d 04       		.byte	4
 432 000e 63       		.byte	99
 433 000f 80       		.byte	-128
 434 0010 83       		.byte	-125
 435 0011 40       		.byte	64
 436 0012 D8       		.byte	-40
 437 0013 40       		.byte	64
 438 0014 E2       		.byte	-30
 439 0015 20       		.byte	32
 440 0016 25       		.byte	37
 441 0017 04       		.byte	4
 442 0018 81       		.byte	-127
 443 0019 04       		.byte	4
 444 001a C8       		.byte	-56
 445 001b 01       		.byte	1
 446              		.type	cy_cfg_addr_table.4910, %object
 447              		.size	cy_cfg_addr_table.4910, 12
 448              	cy_cfg_addr_table.4910:
ARM GAS  C:\Users\Jimmy\AppData\Local\Temp\ccqqCCk6.s 			page 16


 449 001c 01310F40 		.word	1074737409
 450 0020 04400F40 		.word	1074741252
 451 0024 03420F40 		.word	1074741763
 452              		.text
 453              	.Letext0:
 454              		.file 2 "c:\\program files\\cypress\\psoc creator\\4.2\\psoc creator\\import\\gnu\\arm\\5.4.1\\lib
 455              		.file 3 "Generated_Source\\PSoC4\\cytypes.h"
 456              		.file 4 "Generated_Source\\PSoC4\\CyLib.h"
 457              		.section	.debug_info,"",%progbits
 458              	.Ldebug_info0:
 459 0000 F7030000 		.4byte	0x3f7
 460 0004 0400     		.2byte	0x4
 461 0006 00000000 		.4byte	.Ldebug_abbrev0
 462 000a 04       		.byte	0x4
 463 000b 01       		.uleb128 0x1
 464 000c 79010000 		.4byte	.LASF41
 465 0010 0C       		.byte	0xc
 466 0011 CD020000 		.4byte	.LASF42
 467 0015 D8000000 		.4byte	.LASF43
 468 0019 00000000 		.4byte	.Ldebug_ranges0+0
 469 001d 00000000 		.4byte	0
 470 0021 00000000 		.4byte	.Ldebug_line0
 471 0025 02       		.uleb128 0x2
 472 0026 04       		.byte	0x4
 473 0027 05       		.byte	0x5
 474 0028 696E7400 		.ascii	"int\000"
 475 002c 03       		.uleb128 0x3
 476 002d 06000000 		.4byte	.LASF12
 477 0031 02       		.byte	0x2
 478 0032 D8       		.byte	0xd8
 479 0033 37000000 		.4byte	0x37
 480 0037 04       		.uleb128 0x4
 481 0038 04       		.byte	0x4
 482 0039 07       		.byte	0x7
 483 003a 40010000 		.4byte	.LASF0
 484 003e 04       		.uleb128 0x4
 485 003f 08       		.byte	0x8
 486 0040 05       		.byte	0x5
 487 0041 39020000 		.4byte	.LASF1
 488 0045 04       		.uleb128 0x4
 489 0046 08       		.byte	0x8
 490 0047 04       		.byte	0x4
 491 0048 A9020000 		.4byte	.LASF2
 492 004c 04       		.uleb128 0x4
 493 004d 01       		.byte	0x1
 494 004e 06       		.byte	0x6
 495 004f C1020000 		.4byte	.LASF3
 496 0053 04       		.uleb128 0x4
 497 0054 01       		.byte	0x1
 498 0055 08       		.byte	0x8
 499 0056 AA000000 		.4byte	.LASF4
 500 005a 04       		.uleb128 0x4
 501 005b 02       		.byte	0x2
 502 005c 05       		.byte	0x5
 503 005d 81020000 		.4byte	.LASF5
 504 0061 04       		.uleb128 0x4
 505 0062 02       		.byte	0x2
ARM GAS  C:\Users\Jimmy\AppData\Local\Temp\ccqqCCk6.s 			page 17


 506 0063 07       		.byte	0x7
 507 0064 26020000 		.4byte	.LASF6
 508 0068 04       		.uleb128 0x4
 509 0069 04       		.byte	0x4
 510 006a 05       		.byte	0x5
 511 006b A0020000 		.4byte	.LASF7
 512 006f 04       		.uleb128 0x4
 513 0070 04       		.byte	0x4
 514 0071 07       		.byte	0x7
 515 0072 88000000 		.4byte	.LASF8
 516 0076 04       		.uleb128 0x4
 517 0077 08       		.byte	0x8
 518 0078 07       		.byte	0x7
 519 0079 62010000 		.4byte	.LASF9
 520 007d 04       		.uleb128 0x4
 521 007e 04       		.byte	0x4
 522 007f 07       		.byte	0x7
 523 0080 1D020000 		.4byte	.LASF10
 524 0084 05       		.uleb128 0x5
 525 0085 04       		.byte	0x4
 526 0086 04       		.uleb128 0x4
 527 0087 01       		.byte	0x1
 528 0088 08       		.byte	0x8
 529 0089 51020000 		.4byte	.LASF11
 530 008d 06       		.uleb128 0x6
 531 008e 9A000000 		.4byte	.LASF13
 532 0092 03       		.byte	0x3
 533 0093 E401     		.2byte	0x1e4
 534 0095 53000000 		.4byte	0x53
 535 0099 06       		.uleb128 0x6
 536 009a 27010000 		.4byte	.LASF14
 537 009e 03       		.byte	0x3
 538 009f E501     		.2byte	0x1e5
 539 00a1 61000000 		.4byte	0x61
 540 00a5 06       		.uleb128 0x6
 541 00a6 39010000 		.4byte	.LASF15
 542 00aa 03       		.byte	0x3
 543 00ab E601     		.2byte	0x1e6
 544 00ad 6F000000 		.4byte	0x6f
 545 00b1 04       		.uleb128 0x4
 546 00b2 04       		.byte	0x4
 547 00b3 04       		.byte	0x4
 548 00b4 68000000 		.4byte	.LASF16
 549 00b8 04       		.uleb128 0x4
 550 00b9 08       		.byte	0x8
 551 00ba 04       		.byte	0x4
 552 00bb BF000000 		.4byte	.LASF17
 553 00bf 06       		.uleb128 0x6
 554 00c0 83000000 		.4byte	.LASF18
 555 00c4 03       		.byte	0x3
 556 00c5 8E02     		.2byte	0x28e
 557 00c7 CB000000 		.4byte	0xcb
 558 00cb 07       		.uleb128 0x7
 559 00cc 8D000000 		.4byte	0x8d
 560 00d0 06       		.uleb128 0x6
 561 00d1 00000000 		.4byte	.LASF19
 562 00d5 03       		.byte	0x3
ARM GAS  C:\Users\Jimmy\AppData\Local\Temp\ccqqCCk6.s 			page 18


 563 00d6 9002     		.2byte	0x290
 564 00d8 DC000000 		.4byte	0xdc
 565 00dc 07       		.uleb128 0x7
 566 00dd A5000000 		.4byte	0xa5
 567 00e1 08       		.uleb128 0x8
 568 00e2 02       		.byte	0x2
 569 00e3 01       		.byte	0x1
 570 00e4 97       		.byte	0x97
 571 00e5 02010000 		.4byte	0x102
 572 00e9 09       		.uleb128 0x9
 573 00ea 7A020000 		.4byte	.LASF20
 574 00ee 01       		.byte	0x1
 575 00ef 99       		.byte	0x99
 576 00f0 8D000000 		.4byte	0x8d
 577 00f4 00       		.byte	0
 578 00f5 09       		.uleb128 0x9
 579 00f6 2D000000 		.4byte	.LASF21
 580 00fa 01       		.byte	0x1
 581 00fb 9A       		.byte	0x9a
 582 00fc 8D000000 		.4byte	0x8d
 583 0100 01       		.byte	0x1
 584 0101 00       		.byte	0
 585 0102 03       		.uleb128 0x3
 586 0103 67020000 		.4byte	.LASF22
 587 0107 01       		.byte	0x1
 588 0108 9B       		.byte	0x9b
 589 0109 E1000000 		.4byte	0xe1
 590 010d 0A       		.uleb128 0xa
 591 010e C6000000 		.4byte	.LASF27
 592 0112 01       		.byte	0x1
 593 0113 AE       		.byte	0xae
 594 0114 00000000 		.4byte	.LFB5
 595 0118 32000000 		.4byte	.LFE5-.LFB5
 596 011c 01       		.uleb128 0x1
 597 011d 9C       		.byte	0x9c
 598 011e 7F010000 		.4byte	0x17f
 599 0122 0B       		.uleb128 0xb
 600 0123 1C010000 		.4byte	.LASF23
 601 0127 01       		.byte	0x1
 602 0128 AE       		.byte	0xae
 603 0129 7F010000 		.4byte	0x17f
 604 012d 01       		.uleb128 0x1
 605 012e 50       		.byte	0x50
 606 012f 0B       		.uleb128 0xb
 607 0130 2E010000 		.4byte	.LASF24
 608 0134 01       		.byte	0x1
 609 0135 AE       		.byte	0xae
 610 0136 8A010000 		.4byte	0x18a
 611 013a 01       		.uleb128 0x1
 612 013b 51       		.byte	0x51
 613 013c 0C       		.uleb128 0xc
 614 013d 6900     		.ascii	"i\000"
 615 013f 01       		.byte	0x1
 616 0140 B1       		.byte	0xb1
 617 0141 A5000000 		.4byte	0xa5
 618 0145 00000000 		.4byte	.LLST0
 619 0149 0C       		.uleb128 0xc
ARM GAS  C:\Users\Jimmy\AppData\Local\Temp\ccqqCCk6.s 			page 19


 620 014a 6A00     		.ascii	"j\000"
 621 014c 01       		.byte	0x1
 622 014d B1       		.byte	0xb1
 623 014e A5000000 		.4byte	0xa5
 624 0152 1F000000 		.4byte	.LLST1
 625 0156 0D       		.uleb128 0xd
 626 0157 08000000 		.4byte	.LBB2
 627 015b 22000000 		.4byte	.LBE2-.LBB2
 628 015f 0E       		.uleb128 0xe
 629 0160 14020000 		.4byte	.LASF25
 630 0164 01       		.byte	0x1
 631 0165 B4       		.byte	0xb4
 632 0166 A5000000 		.4byte	0xa5
 633 016a 3E000000 		.4byte	.LLST2
 634 016e 0E       		.uleb128 0xe
 635 016f 33000000 		.4byte	.LASF26
 636 0173 01       		.byte	0x1
 637 0174 B5       		.byte	0xb5
 638 0175 8D000000 		.4byte	0x8d
 639 0179 51000000 		.4byte	.LLST3
 640 017d 00       		.byte	0
 641 017e 00       		.byte	0
 642 017f 0F       		.uleb128 0xf
 643 0180 04       		.byte	0x4
 644 0181 85010000 		.4byte	0x185
 645 0185 10       		.uleb128 0x10
 646 0186 A5000000 		.4byte	0xa5
 647 018a 0F       		.uleb128 0xf
 648 018b 04       		.byte	0x4
 649 018c 90010000 		.4byte	0x190
 650 0190 10       		.uleb128 0x10
 651 0191 02010000 		.4byte	0x102
 652 0195 11       		.uleb128 0x11
 653 0196 0D000000 		.4byte	.LASF44
 654 019a 01       		.byte	0x1
 655 019b 1101     		.2byte	0x111
 656 019d 00000000 		.4byte	.LFB7
 657 01a1 20000000 		.4byte	.LFE7-.LFB7
 658 01a5 01       		.uleb128 0x1
 659 01a6 9C       		.byte	0x9c
 660 01a7 0A       		.uleb128 0xa
 661 01a8 A0000000 		.4byte	.LASF28
 662 01ac 01       		.byte	0x1
 663 01ad 4C       		.byte	0x4c
 664 01ae 00000000 		.4byte	.LFB2
 665 01b2 0C000000 		.4byte	.LFE2-.LFB2
 666 01b6 01       		.uleb128 0x1
 667 01b7 9C       		.byte	0x9c
 668 01b8 F4010000 		.4byte	0x1f4
 669 01bc 12       		.uleb128 0x12
 670 01bd 7300     		.ascii	"s\000"
 671 01bf 01       		.byte	0x1
 672 01c0 4C       		.byte	0x4c
 673 01c1 84000000 		.4byte	0x84
 674 01c5 6F000000 		.4byte	.LLST4
 675 01c9 12       		.uleb128 0x12
 676 01ca 6E00     		.ascii	"n\000"
ARM GAS  C:\Users\Jimmy\AppData\Local\Temp\ccqqCCk6.s 			page 20


 677 01cc 01       		.byte	0x1
 678 01cd 4C       		.byte	0x4c
 679 01ce 2C000000 		.4byte	0x2c
 680 01d2 90000000 		.4byte	.LLST5
 681 01d6 13       		.uleb128 0x13
 682 01d7 0A000000 		.4byte	.LVL14
 683 01db BA030000 		.4byte	0x3ba
 684 01df 14       		.uleb128 0x14
 685 01e0 01       		.uleb128 0x1
 686 01e1 50       		.byte	0x50
 687 01e2 03       		.uleb128 0x3
 688 01e3 F3       		.byte	0xf3
 689 01e4 01       		.uleb128 0x1
 690 01e5 50       		.byte	0x50
 691 01e6 14       		.uleb128 0x14
 692 01e7 01       		.uleb128 0x1
 693 01e8 51       		.byte	0x51
 694 01e9 01       		.uleb128 0x1
 695 01ea 30       		.byte	0x30
 696 01eb 14       		.uleb128 0x14
 697 01ec 01       		.uleb128 0x1
 698 01ed 52       		.byte	0x52
 699 01ee 03       		.uleb128 0x3
 700 01ef F3       		.byte	0xf3
 701 01f0 01       		.uleb128 0x1
 702 01f1 51       		.byte	0x51
 703 01f2 00       		.byte	0
 704 01f3 00       		.byte	0
 705 01f4 0A       		.uleb128 0xa
 706 01f5 39000000 		.4byte	.LASF29
 707 01f9 01       		.byte	0x1
 708 01fa D3       		.byte	0xd3
 709 01fb 00000000 		.4byte	.LFB6
 710 01ff C0000000 		.4byte	.LFE6-.LFB6
 711 0203 01       		.uleb128 0x1
 712 0204 9C       		.byte	0x9c
 713 0205 69020000 		.4byte	0x269
 714 0209 15       		.uleb128 0x15
 715 020a 0E000000 		.4byte	.LVL15
 716 020e C3030000 		.4byte	0x3c3
 717 0212 1C020000 		.4byte	0x21c
 718 0216 14       		.uleb128 0x14
 719 0217 01       		.uleb128 0x1
 720 0218 50       		.byte	0x50
 721 0219 01       		.uleb128 0x1
 722 021a 48       		.byte	0x48
 723 021b 00       		.byte	0
 724 021c 15       		.uleb128 0x15
 725 021d 3C000000 		.4byte	.LVL16
 726 0221 CE030000 		.4byte	0x3ce
 727 0225 31020000 		.4byte	0x231
 728 0229 14       		.uleb128 0x14
 729 022a 01       		.uleb128 0x1
 730 022b 50       		.byte	0x50
 731 022c 03       		.uleb128 0x3
 732 022d 0A       		.byte	0xa
 733 022e D007     		.2byte	0x7d0
ARM GAS  C:\Users\Jimmy\AppData\Local\Temp\ccqqCCk6.s 			page 21


 734 0230 00       		.byte	0
 735 0231 15       		.uleb128 0x15
 736 0232 42000000 		.4byte	.LVL17
 737 0236 D9030000 		.4byte	0x3d9
 738 023a 46020000 		.4byte	0x246
 739 023e 14       		.uleb128 0x14
 740 023f 01       		.uleb128 0x1
 741 0240 50       		.byte	0x50
 742 0241 03       		.uleb128 0x3
 743 0242 0A       		.byte	0xa
 744 0243 DC05     		.2byte	0x5dc
 745 0245 00       		.byte	0
 746 0246 15       		.uleb128 0x15
 747 0247 68000000 		.4byte	.LVL18
 748 024b E4030000 		.4byte	0x3e4
 749 024f 59020000 		.4byte	0x259
 750 0253 14       		.uleb128 0x14
 751 0254 01       		.uleb128 0x1
 752 0255 50       		.byte	0x50
 753 0256 01       		.uleb128 0x1
 754 0257 38       		.byte	0x38
 755 0258 00       		.byte	0
 756 0259 13       		.uleb128 0x13
 757 025a 6E000000 		.4byte	.LVL19
 758 025e EF030000 		.4byte	0x3ef
 759 0262 14       		.uleb128 0x14
 760 0263 01       		.uleb128 0x1
 761 0264 50       		.byte	0x50
 762 0265 01       		.uleb128 0x1
 763 0266 38       		.byte	0x38
 764 0267 00       		.byte	0
 765 0268 00       		.byte	0
 766 0269 16       		.uleb128 0x16
 767 026a 4D010000 		.4byte	.LASF45
 768 026e 01       		.byte	0x1
 769 026f 2C01     		.2byte	0x12c
 770 0271 C0000000 		.4byte	.LFB8
 771 0275 BC000000 		.4byte	.LFE8-.LFB8
 772 0279 01       		.uleb128 0x1
 773 027a 9C       		.byte	0x9c
 774 027b 90030000 		.4byte	0x390
 775 027f 17       		.uleb128 0x17
 776 0280 CA000000 		.4byte	.LBB3
 777 0284 5A000000 		.4byte	.LBE3-.LBB3
 778 0288 7D030000 		.4byte	0x37d
 779 028c 18       		.uleb128 0x18
 780 028d 44000000 		.4byte	.LASF30
 781 0291 01       		.byte	0x1
 782 0292 3401     		.2byte	0x134
 783 0294 A0030000 		.4byte	0x3a0
 784 0298 05       		.uleb128 0x5
 785 0299 03       		.byte	0x3
 786 029a 1C000000 		.4byte	cy_cfg_addr_table.4910
 787 029e 18       		.uleb128 0x18
 788 029f 56000000 		.4byte	.LASF31
 789 02a3 01       		.byte	0x1
 790 02a4 3A01     		.2byte	0x13a
ARM GAS  C:\Users\Jimmy\AppData\Local\Temp\ccqqCCk6.s 			page 22


 791 02a6 B5030000 		.4byte	0x3b5
 792 02aa 05       		.uleb128 0x5
 793 02ab 03       		.byte	0x3
 794 02ac 0C000000 		.4byte	cy_cfg_data_table.4911
 795 02b0 19       		.uleb128 0x19
 796 02b1 06       		.byte	0x6
 797 02b2 01       		.byte	0x1
 798 02b3 4701     		.2byte	0x147
 799 02b5 D4020000 		.4byte	0x2d4
 800 02b9 1A       		.uleb128 0x1a
 801 02ba 5A010000 		.4byte	.LASF32
 802 02be 01       		.byte	0x1
 803 02bf 4801     		.2byte	0x148
 804 02c1 84000000 		.4byte	0x84
 805 02c5 00       		.byte	0
 806 02c6 1A       		.uleb128 0x1a
 807 02c7 7E000000 		.4byte	.LASF33
 808 02cb 01       		.byte	0x1
 809 02cc 4901     		.2byte	0x149
 810 02ce 99000000 		.4byte	0x99
 811 02d2 04       		.byte	0x4
 812 02d3 00       		.byte	0
 813 02d4 06       		.uleb128 0x6
 814 02d5 07020000 		.4byte	.LASF34
 815 02d9 01       		.byte	0x1
 816 02da 4A01     		.2byte	0x14a
 817 02dc B0020000 		.4byte	0x2b0
 818 02e0 1B       		.uleb128 0x1b
 819 02e1 F0020000 		.4byte	0x2f0
 820 02e5 F0020000 		.4byte	0x2f0
 821 02e9 1C       		.uleb128 0x1c
 822 02ea 7D000000 		.4byte	0x7d
 823 02ee 01       		.byte	0x1
 824 02ef 00       		.byte	0
 825 02f0 10       		.uleb128 0x10
 826 02f1 D4020000 		.4byte	0x2d4
 827 02f5 18       		.uleb128 0x18
 828 02f6 6E000000 		.4byte	.LASF35
 829 02fa 01       		.byte	0x1
 830 02fb 4C01     		.2byte	0x14c
 831 02fd 07030000 		.4byte	0x307
 832 0301 05       		.uleb128 0x5
 833 0302 03       		.byte	0x3
 834 0303 00000000 		.4byte	cfg_memset_list.4916
 835 0307 10       		.uleb128 0x10
 836 0308 E0020000 		.4byte	0x2e0
 837 030c 1D       		.uleb128 0x1d
 838 030d 6900     		.ascii	"i\000"
 839 030f 01       		.byte	0x1
 840 0310 5201     		.2byte	0x152
 841 0312 8D000000 		.4byte	0x8d
 842 0316 BC000000 		.4byte	.LLST6
 843 031a 17       		.uleb128 0x17
 844 031b CE000000 		.4byte	.LBB4
 845 031f 1C000000 		.4byte	.LBE4-.LBB4
 846 0323 60030000 		.4byte	0x360
 847 0327 1D       		.uleb128 0x1d
ARM GAS  C:\Users\Jimmy\AppData\Local\Temp\ccqqCCk6.s 			page 23


 848 0328 6D7300   		.ascii	"ms\000"
 849 032b 01       		.byte	0x1
 850 032c 5701     		.2byte	0x157
 851 032e 36030000 		.4byte	0x336
 852 0332 E6000000 		.4byte	.LLST7
 853 0336 0F       		.uleb128 0xf
 854 0337 04       		.byte	0x4
 855 0338 F0020000 		.4byte	0x2f0
 856 033c 13       		.uleb128 0x13
 857 033d EA000000 		.4byte	.LVL22
 858 0341 A7010000 		.4byte	0x1a7
 859 0345 14       		.uleb128 0x14
 860 0346 01       		.uleb128 0x1
 861 0347 51       		.byte	0x51
 862 0348 15       		.uleb128 0x15
 863 0349 74       		.byte	0x74
 864 034a 00       		.sleb128 0
 865 034b 31       		.byte	0x31
 866 034c 24       		.byte	0x24
 867 034d 74       		.byte	0x74
 868 034e 00       		.sleb128 0
 869 034f 22       		.byte	0x22
 870 0350 31       		.byte	0x31
 871 0351 24       		.byte	0x24
 872 0352 03       		.byte	0x3
 873 0353 04000000 		.4byte	.LANCHOR0+4
 874 0357 22       		.byte	0x22
 875 0358 94       		.byte	0x94
 876 0359 02       		.byte	0x2
 877 035a 0A       		.byte	0xa
 878 035b FFFF     		.2byte	0xffff
 879 035d 1A       		.byte	0x1a
 880 035e 00       		.byte	0
 881 035f 00       		.byte	0
 882 0360 13       		.uleb128 0x13
 883 0361 FE000000 		.4byte	.LVL25
 884 0365 0D010000 		.4byte	0x10d
 885 0369 14       		.uleb128 0x14
 886 036a 01       		.uleb128 0x1
 887 036b 50       		.byte	0x50
 888 036c 05       		.uleb128 0x5
 889 036d 03       		.byte	0x3
 890 036e 1C000000 		.4byte	.LANCHOR0+28
 891 0372 14       		.uleb128 0x14
 892 0373 01       		.uleb128 0x1
 893 0374 51       		.byte	0x51
 894 0375 05       		.uleb128 0x5
 895 0376 03       		.byte	0x3
 896 0377 0C000000 		.4byte	.LANCHOR0+12
 897 037b 00       		.byte	0
 898 037c 00       		.byte	0
 899 037d 1E       		.uleb128 0x1e
 900 037e 44010000 		.4byte	.LVL26
 901 0382 F4010000 		.4byte	0x1f4
 902 0386 1E       		.uleb128 0x1e
 903 0387 48010000 		.4byte	.LVL27
 904 038b 95010000 		.4byte	0x195
ARM GAS  C:\Users\Jimmy\AppData\Local\Temp\ccqqCCk6.s 			page 24


 905 038f 00       		.byte	0
 906 0390 1B       		.uleb128 0x1b
 907 0391 85010000 		.4byte	0x185
 908 0395 A0030000 		.4byte	0x3a0
 909 0399 1C       		.uleb128 0x1c
 910 039a 7D000000 		.4byte	0x7d
 911 039e 02       		.byte	0x2
 912 039f 00       		.byte	0
 913 03a0 10       		.uleb128 0x10
 914 03a1 90030000 		.4byte	0x390
 915 03a5 1B       		.uleb128 0x1b
 916 03a6 90010000 		.4byte	0x190
 917 03aa B5030000 		.4byte	0x3b5
 918 03ae 1C       		.uleb128 0x1c
 919 03af 7D000000 		.4byte	0x7d
 920 03b3 07       		.byte	0x7
 921 03b4 00       		.byte	0
 922 03b5 10       		.uleb128 0x10
 923 03b6 A5030000 		.4byte	0x3a5
 924 03ba 1F       		.uleb128 0x1f
 925 03bb B8000000 		.4byte	.LASF46
 926 03bf B8000000 		.4byte	.LASF46
 927 03c3 20       		.uleb128 0x20
 928 03c4 8B020000 		.4byte	.LASF36
 929 03c8 8B020000 		.4byte	.LASF36
 930 03cc 04       		.byte	0x4
 931 03cd 6C       		.byte	0x6c
 932 03ce 20       		.uleb128 0x20
 933 03cf 56020000 		.4byte	.LASF37
 934 03d3 56020000 		.4byte	.LASF37
 935 03d7 04       		.byte	0x4
 936 03d8 84       		.byte	0x84
 937 03d9 20       		.uleb128 0x20
 938 03da 47020000 		.4byte	.LASF38
 939 03de 47020000 		.4byte	.LASF38
 940 03e2 04       		.byte	0x4
 941 03e3 DA       		.byte	0xda
 942 03e4 20       		.uleb128 0x20
 943 03e5 1E000000 		.4byte	.LASF39
 944 03e9 1E000000 		.4byte	.LASF39
 945 03ed 04       		.byte	0x4
 946 03ee BD       		.byte	0xbd
 947 03ef 20       		.uleb128 0x20
 948 03f0 B5020000 		.4byte	.LASF40
 949 03f4 B5020000 		.4byte	.LASF40
 950 03f8 04       		.byte	0x4
 951 03f9 C3       		.byte	0xc3
 952 03fa 00       		.byte	0
 953              		.section	.debug_abbrev,"",%progbits
 954              	.Ldebug_abbrev0:
 955 0000 01       		.uleb128 0x1
 956 0001 11       		.uleb128 0x11
 957 0002 01       		.byte	0x1
 958 0003 25       		.uleb128 0x25
 959 0004 0E       		.uleb128 0xe
 960 0005 13       		.uleb128 0x13
 961 0006 0B       		.uleb128 0xb
ARM GAS  C:\Users\Jimmy\AppData\Local\Temp\ccqqCCk6.s 			page 25


 962 0007 03       		.uleb128 0x3
 963 0008 0E       		.uleb128 0xe
 964 0009 1B       		.uleb128 0x1b
 965 000a 0E       		.uleb128 0xe
 966 000b 55       		.uleb128 0x55
 967 000c 17       		.uleb128 0x17
 968 000d 11       		.uleb128 0x11
 969 000e 01       		.uleb128 0x1
 970 000f 10       		.uleb128 0x10
 971 0010 17       		.uleb128 0x17
 972 0011 00       		.byte	0
 973 0012 00       		.byte	0
 974 0013 02       		.uleb128 0x2
 975 0014 24       		.uleb128 0x24
 976 0015 00       		.byte	0
 977 0016 0B       		.uleb128 0xb
 978 0017 0B       		.uleb128 0xb
 979 0018 3E       		.uleb128 0x3e
 980 0019 0B       		.uleb128 0xb
 981 001a 03       		.uleb128 0x3
 982 001b 08       		.uleb128 0x8
 983 001c 00       		.byte	0
 984 001d 00       		.byte	0
 985 001e 03       		.uleb128 0x3
 986 001f 16       		.uleb128 0x16
 987 0020 00       		.byte	0
 988 0021 03       		.uleb128 0x3
 989 0022 0E       		.uleb128 0xe
 990 0023 3A       		.uleb128 0x3a
 991 0024 0B       		.uleb128 0xb
 992 0025 3B       		.uleb128 0x3b
 993 0026 0B       		.uleb128 0xb
 994 0027 49       		.uleb128 0x49
 995 0028 13       		.uleb128 0x13
 996 0029 00       		.byte	0
 997 002a 00       		.byte	0
 998 002b 04       		.uleb128 0x4
 999 002c 24       		.uleb128 0x24
 1000 002d 00       		.byte	0
 1001 002e 0B       		.uleb128 0xb
 1002 002f 0B       		.uleb128 0xb
 1003 0030 3E       		.uleb128 0x3e
 1004 0031 0B       		.uleb128 0xb
 1005 0032 03       		.uleb128 0x3
 1006 0033 0E       		.uleb128 0xe
 1007 0034 00       		.byte	0
 1008 0035 00       		.byte	0
 1009 0036 05       		.uleb128 0x5
 1010 0037 0F       		.uleb128 0xf
 1011 0038 00       		.byte	0
 1012 0039 0B       		.uleb128 0xb
 1013 003a 0B       		.uleb128 0xb
 1014 003b 00       		.byte	0
 1015 003c 00       		.byte	0
 1016 003d 06       		.uleb128 0x6
 1017 003e 16       		.uleb128 0x16
 1018 003f 00       		.byte	0
ARM GAS  C:\Users\Jimmy\AppData\Local\Temp\ccqqCCk6.s 			page 26


 1019 0040 03       		.uleb128 0x3
 1020 0041 0E       		.uleb128 0xe
 1021 0042 3A       		.uleb128 0x3a
 1022 0043 0B       		.uleb128 0xb
 1023 0044 3B       		.uleb128 0x3b
 1024 0045 05       		.uleb128 0x5
 1025 0046 49       		.uleb128 0x49
 1026 0047 13       		.uleb128 0x13
 1027 0048 00       		.byte	0
 1028 0049 00       		.byte	0
 1029 004a 07       		.uleb128 0x7
 1030 004b 35       		.uleb128 0x35
 1031 004c 00       		.byte	0
 1032 004d 49       		.uleb128 0x49
 1033 004e 13       		.uleb128 0x13
 1034 004f 00       		.byte	0
 1035 0050 00       		.byte	0
 1036 0051 08       		.uleb128 0x8
 1037 0052 13       		.uleb128 0x13
 1038 0053 01       		.byte	0x1
 1039 0054 0B       		.uleb128 0xb
 1040 0055 0B       		.uleb128 0xb
 1041 0056 3A       		.uleb128 0x3a
 1042 0057 0B       		.uleb128 0xb
 1043 0058 3B       		.uleb128 0x3b
 1044 0059 0B       		.uleb128 0xb
 1045 005a 01       		.uleb128 0x1
 1046 005b 13       		.uleb128 0x13
 1047 005c 00       		.byte	0
 1048 005d 00       		.byte	0
 1049 005e 09       		.uleb128 0x9
 1050 005f 0D       		.uleb128 0xd
 1051 0060 00       		.byte	0
 1052 0061 03       		.uleb128 0x3
 1053 0062 0E       		.uleb128 0xe
 1054 0063 3A       		.uleb128 0x3a
 1055 0064 0B       		.uleb128 0xb
 1056 0065 3B       		.uleb128 0x3b
 1057 0066 0B       		.uleb128 0xb
 1058 0067 49       		.uleb128 0x49
 1059 0068 13       		.uleb128 0x13
 1060 0069 38       		.uleb128 0x38
 1061 006a 0B       		.uleb128 0xb
 1062 006b 00       		.byte	0
 1063 006c 00       		.byte	0
 1064 006d 0A       		.uleb128 0xa
 1065 006e 2E       		.uleb128 0x2e
 1066 006f 01       		.byte	0x1
 1067 0070 03       		.uleb128 0x3
 1068 0071 0E       		.uleb128 0xe
 1069 0072 3A       		.uleb128 0x3a
 1070 0073 0B       		.uleb128 0xb
 1071 0074 3B       		.uleb128 0x3b
 1072 0075 0B       		.uleb128 0xb
 1073 0076 27       		.uleb128 0x27
 1074 0077 19       		.uleb128 0x19
 1075 0078 11       		.uleb128 0x11
ARM GAS  C:\Users\Jimmy\AppData\Local\Temp\ccqqCCk6.s 			page 27


 1076 0079 01       		.uleb128 0x1
 1077 007a 12       		.uleb128 0x12
 1078 007b 06       		.uleb128 0x6
 1079 007c 40       		.uleb128 0x40
 1080 007d 18       		.uleb128 0x18
 1081 007e 9742     		.uleb128 0x2117
 1082 0080 19       		.uleb128 0x19
 1083 0081 01       		.uleb128 0x1
 1084 0082 13       		.uleb128 0x13
 1085 0083 00       		.byte	0
 1086 0084 00       		.byte	0
 1087 0085 0B       		.uleb128 0xb
 1088 0086 05       		.uleb128 0x5
 1089 0087 00       		.byte	0
 1090 0088 03       		.uleb128 0x3
 1091 0089 0E       		.uleb128 0xe
 1092 008a 3A       		.uleb128 0x3a
 1093 008b 0B       		.uleb128 0xb
 1094 008c 3B       		.uleb128 0x3b
 1095 008d 0B       		.uleb128 0xb
 1096 008e 49       		.uleb128 0x49
 1097 008f 13       		.uleb128 0x13
 1098 0090 02       		.uleb128 0x2
 1099 0091 18       		.uleb128 0x18
 1100 0092 00       		.byte	0
 1101 0093 00       		.byte	0
 1102 0094 0C       		.uleb128 0xc
 1103 0095 34       		.uleb128 0x34
 1104 0096 00       		.byte	0
 1105 0097 03       		.uleb128 0x3
 1106 0098 08       		.uleb128 0x8
 1107 0099 3A       		.uleb128 0x3a
 1108 009a 0B       		.uleb128 0xb
 1109 009b 3B       		.uleb128 0x3b
 1110 009c 0B       		.uleb128 0xb
 1111 009d 49       		.uleb128 0x49
 1112 009e 13       		.uleb128 0x13
 1113 009f 02       		.uleb128 0x2
 1114 00a0 17       		.uleb128 0x17
 1115 00a1 00       		.byte	0
 1116 00a2 00       		.byte	0
 1117 00a3 0D       		.uleb128 0xd
 1118 00a4 0B       		.uleb128 0xb
 1119 00a5 01       		.byte	0x1
 1120 00a6 11       		.uleb128 0x11
 1121 00a7 01       		.uleb128 0x1
 1122 00a8 12       		.uleb128 0x12
 1123 00a9 06       		.uleb128 0x6
 1124 00aa 00       		.byte	0
 1125 00ab 00       		.byte	0
 1126 00ac 0E       		.uleb128 0xe
 1127 00ad 34       		.uleb128 0x34
 1128 00ae 00       		.byte	0
 1129 00af 03       		.uleb128 0x3
 1130 00b0 0E       		.uleb128 0xe
 1131 00b1 3A       		.uleb128 0x3a
 1132 00b2 0B       		.uleb128 0xb
ARM GAS  C:\Users\Jimmy\AppData\Local\Temp\ccqqCCk6.s 			page 28


 1133 00b3 3B       		.uleb128 0x3b
 1134 00b4 0B       		.uleb128 0xb
 1135 00b5 49       		.uleb128 0x49
 1136 00b6 13       		.uleb128 0x13
 1137 00b7 02       		.uleb128 0x2
 1138 00b8 17       		.uleb128 0x17
 1139 00b9 00       		.byte	0
 1140 00ba 00       		.byte	0
 1141 00bb 0F       		.uleb128 0xf
 1142 00bc 0F       		.uleb128 0xf
 1143 00bd 00       		.byte	0
 1144 00be 0B       		.uleb128 0xb
 1145 00bf 0B       		.uleb128 0xb
 1146 00c0 49       		.uleb128 0x49
 1147 00c1 13       		.uleb128 0x13
 1148 00c2 00       		.byte	0
 1149 00c3 00       		.byte	0
 1150 00c4 10       		.uleb128 0x10
 1151 00c5 26       		.uleb128 0x26
 1152 00c6 00       		.byte	0
 1153 00c7 49       		.uleb128 0x49
 1154 00c8 13       		.uleb128 0x13
 1155 00c9 00       		.byte	0
 1156 00ca 00       		.byte	0
 1157 00cb 11       		.uleb128 0x11
 1158 00cc 2E       		.uleb128 0x2e
 1159 00cd 00       		.byte	0
 1160 00ce 03       		.uleb128 0x3
 1161 00cf 0E       		.uleb128 0xe
 1162 00d0 3A       		.uleb128 0x3a
 1163 00d1 0B       		.uleb128 0xb
 1164 00d2 3B       		.uleb128 0x3b
 1165 00d3 05       		.uleb128 0x5
 1166 00d4 27       		.uleb128 0x27
 1167 00d5 19       		.uleb128 0x19
 1168 00d6 11       		.uleb128 0x11
 1169 00d7 01       		.uleb128 0x1
 1170 00d8 12       		.uleb128 0x12
 1171 00d9 06       		.uleb128 0x6
 1172 00da 40       		.uleb128 0x40
 1173 00db 18       		.uleb128 0x18
 1174 00dc 9742     		.uleb128 0x2117
 1175 00de 19       		.uleb128 0x19
 1176 00df 00       		.byte	0
 1177 00e0 00       		.byte	0
 1178 00e1 12       		.uleb128 0x12
 1179 00e2 05       		.uleb128 0x5
 1180 00e3 00       		.byte	0
 1181 00e4 03       		.uleb128 0x3
 1182 00e5 08       		.uleb128 0x8
 1183 00e6 3A       		.uleb128 0x3a
 1184 00e7 0B       		.uleb128 0xb
 1185 00e8 3B       		.uleb128 0x3b
 1186 00e9 0B       		.uleb128 0xb
 1187 00ea 49       		.uleb128 0x49
 1188 00eb 13       		.uleb128 0x13
 1189 00ec 02       		.uleb128 0x2
ARM GAS  C:\Users\Jimmy\AppData\Local\Temp\ccqqCCk6.s 			page 29


 1190 00ed 17       		.uleb128 0x17
 1191 00ee 00       		.byte	0
 1192 00ef 00       		.byte	0
 1193 00f0 13       		.uleb128 0x13
 1194 00f1 898201   		.uleb128 0x4109
 1195 00f4 01       		.byte	0x1
 1196 00f5 11       		.uleb128 0x11
 1197 00f6 01       		.uleb128 0x1
 1198 00f7 31       		.uleb128 0x31
 1199 00f8 13       		.uleb128 0x13
 1200 00f9 00       		.byte	0
 1201 00fa 00       		.byte	0
 1202 00fb 14       		.uleb128 0x14
 1203 00fc 8A8201   		.uleb128 0x410a
 1204 00ff 00       		.byte	0
 1205 0100 02       		.uleb128 0x2
 1206 0101 18       		.uleb128 0x18
 1207 0102 9142     		.uleb128 0x2111
 1208 0104 18       		.uleb128 0x18
 1209 0105 00       		.byte	0
 1210 0106 00       		.byte	0
 1211 0107 15       		.uleb128 0x15
 1212 0108 898201   		.uleb128 0x4109
 1213 010b 01       		.byte	0x1
 1214 010c 11       		.uleb128 0x11
 1215 010d 01       		.uleb128 0x1
 1216 010e 31       		.uleb128 0x31
 1217 010f 13       		.uleb128 0x13
 1218 0110 01       		.uleb128 0x1
 1219 0111 13       		.uleb128 0x13
 1220 0112 00       		.byte	0
 1221 0113 00       		.byte	0
 1222 0114 16       		.uleb128 0x16
 1223 0115 2E       		.uleb128 0x2e
 1224 0116 01       		.byte	0x1
 1225 0117 3F       		.uleb128 0x3f
 1226 0118 19       		.uleb128 0x19
 1227 0119 03       		.uleb128 0x3
 1228 011a 0E       		.uleb128 0xe
 1229 011b 3A       		.uleb128 0x3a
 1230 011c 0B       		.uleb128 0xb
 1231 011d 3B       		.uleb128 0x3b
 1232 011e 05       		.uleb128 0x5
 1233 011f 27       		.uleb128 0x27
 1234 0120 19       		.uleb128 0x19
 1235 0121 11       		.uleb128 0x11
 1236 0122 01       		.uleb128 0x1
 1237 0123 12       		.uleb128 0x12
 1238 0124 06       		.uleb128 0x6
 1239 0125 40       		.uleb128 0x40
 1240 0126 18       		.uleb128 0x18
 1241 0127 9742     		.uleb128 0x2117
 1242 0129 19       		.uleb128 0x19
 1243 012a 01       		.uleb128 0x1
 1244 012b 13       		.uleb128 0x13
 1245 012c 00       		.byte	0
 1246 012d 00       		.byte	0
ARM GAS  C:\Users\Jimmy\AppData\Local\Temp\ccqqCCk6.s 			page 30


 1247 012e 17       		.uleb128 0x17
 1248 012f 0B       		.uleb128 0xb
 1249 0130 01       		.byte	0x1
 1250 0131 11       		.uleb128 0x11
 1251 0132 01       		.uleb128 0x1
 1252 0133 12       		.uleb128 0x12
 1253 0134 06       		.uleb128 0x6
 1254 0135 01       		.uleb128 0x1
 1255 0136 13       		.uleb128 0x13
 1256 0137 00       		.byte	0
 1257 0138 00       		.byte	0
 1258 0139 18       		.uleb128 0x18
 1259 013a 34       		.uleb128 0x34
 1260 013b 00       		.byte	0
 1261 013c 03       		.uleb128 0x3
 1262 013d 0E       		.uleb128 0xe
 1263 013e 3A       		.uleb128 0x3a
 1264 013f 0B       		.uleb128 0xb
 1265 0140 3B       		.uleb128 0x3b
 1266 0141 05       		.uleb128 0x5
 1267 0142 49       		.uleb128 0x49
 1268 0143 13       		.uleb128 0x13
 1269 0144 02       		.uleb128 0x2
 1270 0145 18       		.uleb128 0x18
 1271 0146 00       		.byte	0
 1272 0147 00       		.byte	0
 1273 0148 19       		.uleb128 0x19
 1274 0149 13       		.uleb128 0x13
 1275 014a 01       		.byte	0x1
 1276 014b 0B       		.uleb128 0xb
 1277 014c 0B       		.uleb128 0xb
 1278 014d 3A       		.uleb128 0x3a
 1279 014e 0B       		.uleb128 0xb
 1280 014f 3B       		.uleb128 0x3b
 1281 0150 05       		.uleb128 0x5
 1282 0151 01       		.uleb128 0x1
 1283 0152 13       		.uleb128 0x13
 1284 0153 00       		.byte	0
 1285 0154 00       		.byte	0
 1286 0155 1A       		.uleb128 0x1a
 1287 0156 0D       		.uleb128 0xd
 1288 0157 00       		.byte	0
 1289 0158 03       		.uleb128 0x3
 1290 0159 0E       		.uleb128 0xe
 1291 015a 3A       		.uleb128 0x3a
 1292 015b 0B       		.uleb128 0xb
 1293 015c 3B       		.uleb128 0x3b
 1294 015d 05       		.uleb128 0x5
 1295 015e 49       		.uleb128 0x49
 1296 015f 13       		.uleb128 0x13
 1297 0160 38       		.uleb128 0x38
 1298 0161 0B       		.uleb128 0xb
 1299 0162 00       		.byte	0
 1300 0163 00       		.byte	0
 1301 0164 1B       		.uleb128 0x1b
 1302 0165 01       		.uleb128 0x1
 1303 0166 01       		.byte	0x1
ARM GAS  C:\Users\Jimmy\AppData\Local\Temp\ccqqCCk6.s 			page 31


 1304 0167 49       		.uleb128 0x49
 1305 0168 13       		.uleb128 0x13
 1306 0169 01       		.uleb128 0x1
 1307 016a 13       		.uleb128 0x13
 1308 016b 00       		.byte	0
 1309 016c 00       		.byte	0
 1310 016d 1C       		.uleb128 0x1c
 1311 016e 21       		.uleb128 0x21
 1312 016f 00       		.byte	0
 1313 0170 49       		.uleb128 0x49
 1314 0171 13       		.uleb128 0x13
 1315 0172 2F       		.uleb128 0x2f
 1316 0173 0B       		.uleb128 0xb
 1317 0174 00       		.byte	0
 1318 0175 00       		.byte	0
 1319 0176 1D       		.uleb128 0x1d
 1320 0177 34       		.uleb128 0x34
 1321 0178 00       		.byte	0
 1322 0179 03       		.uleb128 0x3
 1323 017a 08       		.uleb128 0x8
 1324 017b 3A       		.uleb128 0x3a
 1325 017c 0B       		.uleb128 0xb
 1326 017d 3B       		.uleb128 0x3b
 1327 017e 05       		.uleb128 0x5
 1328 017f 49       		.uleb128 0x49
 1329 0180 13       		.uleb128 0x13
 1330 0181 02       		.uleb128 0x2
 1331 0182 17       		.uleb128 0x17
 1332 0183 00       		.byte	0
 1333 0184 00       		.byte	0
 1334 0185 1E       		.uleb128 0x1e
 1335 0186 898201   		.uleb128 0x4109
 1336 0189 00       		.byte	0
 1337 018a 11       		.uleb128 0x11
 1338 018b 01       		.uleb128 0x1
 1339 018c 31       		.uleb128 0x31
 1340 018d 13       		.uleb128 0x13
 1341 018e 00       		.byte	0
 1342 018f 00       		.byte	0
 1343 0190 1F       		.uleb128 0x1f
 1344 0191 2E       		.uleb128 0x2e
 1345 0192 00       		.byte	0
 1346 0193 3F       		.uleb128 0x3f
 1347 0194 19       		.uleb128 0x19
 1348 0195 3C       		.uleb128 0x3c
 1349 0196 19       		.uleb128 0x19
 1350 0197 6E       		.uleb128 0x6e
 1351 0198 0E       		.uleb128 0xe
 1352 0199 03       		.uleb128 0x3
 1353 019a 0E       		.uleb128 0xe
 1354 019b 00       		.byte	0
 1355 019c 00       		.byte	0
 1356 019d 20       		.uleb128 0x20
 1357 019e 2E       		.uleb128 0x2e
 1358 019f 00       		.byte	0
 1359 01a0 3F       		.uleb128 0x3f
 1360 01a1 19       		.uleb128 0x19
ARM GAS  C:\Users\Jimmy\AppData\Local\Temp\ccqqCCk6.s 			page 32


 1361 01a2 3C       		.uleb128 0x3c
 1362 01a3 19       		.uleb128 0x19
 1363 01a4 6E       		.uleb128 0x6e
 1364 01a5 0E       		.uleb128 0xe
 1365 01a6 03       		.uleb128 0x3
 1366 01a7 0E       		.uleb128 0xe
 1367 01a8 3A       		.uleb128 0x3a
 1368 01a9 0B       		.uleb128 0xb
 1369 01aa 3B       		.uleb128 0x3b
 1370 01ab 0B       		.uleb128 0xb
 1371 01ac 00       		.byte	0
 1372 01ad 00       		.byte	0
 1373 01ae 00       		.byte	0
 1374              		.section	.debug_loc,"",%progbits
 1375              	.Ldebug_loc0:
 1376              	.LLST0:
 1377 0000 02000000 		.4byte	.LVL1
 1378 0004 08000000 		.4byte	.LVL2
 1379 0008 0200     		.2byte	0x2
 1380 000a 30       		.byte	0x30
 1381 000b 9F       		.byte	0x9f
 1382 000c 08000000 		.4byte	.LVL2
 1383 0010 30000000 		.4byte	.LVL11
 1384 0014 0100     		.2byte	0x1
 1385 0016 57       		.byte	0x57
 1386 0017 00000000 		.4byte	0
 1387 001b 00000000 		.4byte	0
 1388              	.LLST1:
 1389 001f 02000000 		.4byte	.LVL1
 1390 0023 08000000 		.4byte	.LVL2
 1391 0027 0200     		.2byte	0x2
 1392 0029 30       		.byte	0x30
 1393 002a 9F       		.byte	0x9f
 1394 002b 08000000 		.4byte	.LVL2
 1395 002f 30000000 		.4byte	.LVL10
 1396 0033 0100     		.2byte	0x1
 1397 0035 55       		.byte	0x55
 1398 0036 00000000 		.4byte	0
 1399 003a 00000000 		.4byte	0
 1400              	.LLST2:
 1401 003e 0C000000 		.4byte	.LVL3
 1402 0042 2C000000 		.4byte	.LVL9
 1403 0046 0100     		.2byte	0x1
 1404 0048 56       		.byte	0x56
 1405 0049 00000000 		.4byte	0
 1406 004d 00000000 		.4byte	0
 1407              	.LLST3:
 1408 0051 0E000000 		.4byte	.LVL4
 1409 0055 24000000 		.4byte	.LVL7
 1410 0059 0100     		.2byte	0x1
 1411 005b 53       		.byte	0x53
 1412 005c 26000000 		.4byte	.LVL8
 1413 0060 2C000000 		.4byte	.LVL9
 1414 0064 0100     		.2byte	0x1
 1415 0066 53       		.byte	0x53
 1416 0067 00000000 		.4byte	0
 1417 006b 00000000 		.4byte	0
ARM GAS  C:\Users\Jimmy\AppData\Local\Temp\ccqqCCk6.s 			page 33


 1418              	.LLST4:
 1419 006f 00000000 		.4byte	.LVL12
 1420 0073 09000000 		.4byte	.LVL14-1
 1421 0077 0100     		.2byte	0x1
 1422 0079 50       		.byte	0x50
 1423 007a 09000000 		.4byte	.LVL14-1
 1424 007e 0C000000 		.4byte	.LFE2
 1425 0082 0400     		.2byte	0x4
 1426 0084 F3       		.byte	0xf3
 1427 0085 01       		.uleb128 0x1
 1428 0086 50       		.byte	0x50
 1429 0087 9F       		.byte	0x9f
 1430 0088 00000000 		.4byte	0
 1431 008c 00000000 		.4byte	0
 1432              	.LLST5:
 1433 0090 00000000 		.4byte	.LVL12
 1434 0094 06000000 		.4byte	.LVL13
 1435 0098 0100     		.2byte	0x1
 1436 009a 51       		.byte	0x51
 1437 009b 06000000 		.4byte	.LVL13
 1438 009f 09000000 		.4byte	.LVL14-1
 1439 00a3 0100     		.2byte	0x1
 1440 00a5 52       		.byte	0x52
 1441 00a6 09000000 		.4byte	.LVL14-1
 1442 00aa 0C000000 		.4byte	.LFE2
 1443 00ae 0400     		.2byte	0x4
 1444 00b0 F3       		.byte	0xf3
 1445 00b1 01       		.uleb128 0x1
 1446 00b2 51       		.byte	0x51
 1447 00b3 9F       		.byte	0x9f
 1448 00b4 00000000 		.4byte	0
 1449 00b8 00000000 		.4byte	0
 1450              	.LLST6:
 1451 00bc CA000000 		.4byte	.LVL20
 1452 00c0 CE000000 		.4byte	.LVL21
 1453 00c4 0200     		.2byte	0x2
 1454 00c6 30       		.byte	0x30
 1455 00c7 9F       		.byte	0x9f
 1456 00c8 CE000000 		.4byte	.LVL21
 1457 00cc EC000000 		.4byte	.LVL23
 1458 00d0 0100     		.2byte	0x1
 1459 00d2 54       		.byte	0x54
 1460 00d3 EE000000 		.4byte	.LVL24
 1461 00d7 48010000 		.4byte	.LVL28
 1462 00db 0100     		.2byte	0x1
 1463 00dd 54       		.byte	0x54
 1464 00de 00000000 		.4byte	0
 1465 00e2 00000000 		.4byte	0
 1466              	.LLST7:
 1467 00e6 CE000000 		.4byte	.LVL21
 1468 00ea EC000000 		.4byte	.LVL23
 1469 00ee 0B00     		.2byte	0xb
 1470 00f0 74       		.byte	0x74
 1471 00f1 00       		.sleb128 0
 1472 00f2 36       		.byte	0x36
 1473 00f3 1E       		.byte	0x1e
 1474 00f4 03       		.byte	0x3
ARM GAS  C:\Users\Jimmy\AppData\Local\Temp\ccqqCCk6.s 			page 34


 1475 00f5 00000000 		.4byte	cfg_memset_list.4916
 1476 00f9 22       		.byte	0x22
 1477 00fa 9F       		.byte	0x9f
 1478 00fb EC000000 		.4byte	.LVL23
 1479 00ff EE000000 		.4byte	.LVL24
 1480 0103 0B00     		.2byte	0xb
 1481 0105 74       		.byte	0x74
 1482 0106 7F       		.sleb128 -1
 1483 0107 36       		.byte	0x36
 1484 0108 1E       		.byte	0x1e
 1485 0109 03       		.byte	0x3
 1486 010a 00000000 		.4byte	cfg_memset_list.4916
 1487 010e 22       		.byte	0x22
 1488 010f 9F       		.byte	0x9f
 1489 0110 00000000 		.4byte	0
 1490 0114 00000000 		.4byte	0
 1491              		.section	.debug_aranges,"",%progbits
 1492 0000 3C000000 		.4byte	0x3c
 1493 0004 0200     		.2byte	0x2
 1494 0006 00000000 		.4byte	.Ldebug_info0
 1495 000a 04       		.byte	0x4
 1496 000b 00       		.byte	0
 1497 000c 0000     		.2byte	0
 1498 000e 0000     		.2byte	0
 1499 0010 00000000 		.4byte	.LFB5
 1500 0014 32000000 		.4byte	.LFE5-.LFB5
 1501 0018 00000000 		.4byte	.LFB7
 1502 001c 20000000 		.4byte	.LFE7-.LFB7
 1503 0020 00000000 		.4byte	.LFB2
 1504 0024 0C000000 		.4byte	.LFE2-.LFB2
 1505 0028 00000000 		.4byte	.LFB6
 1506 002c C0000000 		.4byte	.LFE6-.LFB6
 1507 0030 C0000000 		.4byte	.LFB8
 1508 0034 BC000000 		.4byte	.LFE8-.LFB8
 1509 0038 00000000 		.4byte	0
 1510 003c 00000000 		.4byte	0
 1511              		.section	.debug_ranges,"",%progbits
 1512              	.Ldebug_ranges0:
 1513 0000 00000000 		.4byte	.LFB5
 1514 0004 32000000 		.4byte	.LFE5
 1515 0008 00000000 		.4byte	.LFB7
 1516 000c 20000000 		.4byte	.LFE7
 1517 0010 00000000 		.4byte	.LFB2
 1518 0014 0C000000 		.4byte	.LFE2
 1519 0018 00000000 		.4byte	.LFB6
 1520 001c C0000000 		.4byte	.LFE6
 1521 0020 C0000000 		.4byte	.LFB8
 1522 0024 7C010000 		.4byte	.LFE8
 1523 0028 00000000 		.4byte	0
 1524 002c 00000000 		.4byte	0
 1525              		.section	.debug_line,"",%progbits
 1526              	.Ldebug_line0:
 1527 0000 70010000 		.section	.debug_str,"MS",%progbits,1
 1527      0200D000 
 1527      00000201 
 1527      FB0E0D00 
 1527      01010101 
ARM GAS  C:\Users\Jimmy\AppData\Local\Temp\ccqqCCk6.s 			page 35


 1528              	.LASF19:
 1529 0000 72656733 		.ascii	"reg32\000"
 1529      3200
 1530              	.LASF12:
 1531 0006 73697A65 		.ascii	"size_t\000"
 1531      5F7400
 1532              	.LASF44:
 1533 000d 416E616C 		.ascii	"AnalogSetDefault\000"
 1533      6F675365 
 1533      74446566 
 1533      61756C74 
 1533      00
 1534              	.LASF39:
 1535 001e 4379496E 		.ascii	"CyIntSetVector\000"
 1535      74536574 
 1535      56656374 
 1535      6F7200
 1536              	.LASF21:
 1537 002d 76616C75 		.ascii	"value\000"
 1537      6500
 1538              	.LASF26:
 1539 0033 636F756E 		.ascii	"count\000"
 1539      7400
 1540              	.LASF29:
 1541 0039 436C6F63 		.ascii	"ClockSetup\000"
 1541      6B536574 
 1541      757000
 1542              	.LASF30:
 1543 0044 63795F63 		.ascii	"cy_cfg_addr_table\000"
 1543      66675F61 
 1543      6464725F 
 1543      7461626C 
 1543      6500
 1544              	.LASF31:
 1545 0056 63795F63 		.ascii	"cy_cfg_data_table\000"
 1545      66675F64 
 1545      6174615F 
 1545      7461626C 
 1545      6500
 1546              	.LASF16:
 1547 0068 666C6F61 		.ascii	"float\000"
 1547      7400
 1548              	.LASF35:
 1549 006e 6366675F 		.ascii	"cfg_memset_list\000"
 1549      6D656D73 
 1549      65745F6C 
 1549      69737400 
 1550              	.LASF33:
 1551 007e 73697A65 		.ascii	"size\000"
 1551      00
 1552              	.LASF18:
 1553 0083 72656738 		.ascii	"reg8\000"
 1553      00
 1554              	.LASF8:
 1555 0088 6C6F6E67 		.ascii	"long unsigned int\000"
 1555      20756E73 
 1555      69676E65 
ARM GAS  C:\Users\Jimmy\AppData\Local\Temp\ccqqCCk6.s 			page 36


 1555      6420696E 
 1555      7400
 1556              	.LASF13:
 1557 009a 75696E74 		.ascii	"uint8\000"
 1557      3800
 1558              	.LASF28:
 1559 00a0 43594D45 		.ascii	"CYMEMZERO\000"
 1559      4D5A4552 
 1559      4F00
 1560              	.LASF4:
 1561 00aa 756E7369 		.ascii	"unsigned char\000"
 1561      676E6564 
 1561      20636861 
 1561      7200
 1562              	.LASF46:
 1563 00b8 6D656D73 		.ascii	"memset\000"
 1563      657400
 1564              	.LASF17:
 1565 00bf 646F7562 		.ascii	"double\000"
 1565      6C6500
 1566              	.LASF27:
 1567 00c6 6366675F 		.ascii	"cfg_write_bytes32\000"
 1567      77726974 
 1567      655F6279 
 1567      74657333 
 1567      3200
 1568              	.LASF43:
 1569 00d8 433A5C55 		.ascii	"C:\\Users\\Jimmy\\temp\\RTC_P4_WDT_Example01\\RTC_P"
 1569      73657273 
 1569      5C4A696D 
 1569      6D795C74 
 1569      656D705C 
 1570 0106 345F5744 		.ascii	"4_WDT_Example01.cydsn\000"
 1570      545F4578 
 1570      616D706C 
 1570      6530312E 
 1570      63796473 
 1571              	.LASF23:
 1572 011c 61646472 		.ascii	"addr_table\000"
 1572      5F746162 
 1572      6C6500
 1573              	.LASF14:
 1574 0127 75696E74 		.ascii	"uint16\000"
 1574      313600
 1575              	.LASF24:
 1576 012e 64617461 		.ascii	"data_table\000"
 1576      5F746162 
 1576      6C6500
 1577              	.LASF15:
 1578 0139 75696E74 		.ascii	"uint32\000"
 1578      333200
 1579              	.LASF0:
 1580 0140 756E7369 		.ascii	"unsigned int\000"
 1580      676E6564 
 1580      20696E74 
 1580      00
 1581              	.LASF45:
ARM GAS  C:\Users\Jimmy\AppData\Local\Temp\ccqqCCk6.s 			page 37


 1582 014d 63796669 		.ascii	"cyfitter_cfg\000"
 1582      74746572 
 1582      5F636667 
 1582      00
 1583              	.LASF32:
 1584 015a 61646472 		.ascii	"address\000"
 1584      65737300 
 1585              	.LASF9:
 1586 0162 6C6F6E67 		.ascii	"long long unsigned int\000"
 1586      206C6F6E 
 1586      6720756E 
 1586      7369676E 
 1586      65642069 
 1587              	.LASF41:
 1588 0179 474E5520 		.ascii	"GNU C11 5.4.1 20160609 (release) [ARM/embedded-5-br"
 1588      43313120 
 1588      352E342E 
 1588      31203230 
 1588      31363036 
 1589 01ac 616E6368 		.ascii	"anch revision 237715] -mcpu=cortex-m0 -mthumb -g -O"
 1589      20726576 
 1589      6973696F 
 1589      6E203233 
 1589      37373135 
 1590 01df 67202D66 		.ascii	"g -ffunction-sections -ffat-lto-objects\000"
 1590      66756E63 
 1590      74696F6E 
 1590      2D736563 
 1590      74696F6E 
 1591              	.LASF34:
 1592 0207 6366675F 		.ascii	"cfg_memset_t\000"
 1592      6D656D73 
 1592      65745F74 
 1592      00
 1593              	.LASF25:
 1594 0214 62617365 		.ascii	"baseAddr\000"
 1594      41646472 
 1594      00
 1595              	.LASF10:
 1596 021d 73697A65 		.ascii	"sizetype\000"
 1596      74797065 
 1596      00
 1597              	.LASF6:
 1598 0226 73686F72 		.ascii	"short unsigned int\000"
 1598      7420756E 
 1598      7369676E 
 1598      65642069 
 1598      6E7400
 1599              	.LASF1:
 1600 0239 6C6F6E67 		.ascii	"long long int\000"
 1600      206C6F6E 
 1600      6720696E 
 1600      7400
 1601              	.LASF38:
 1602 0247 43794465 		.ascii	"CyDelayUs\000"
 1602      6C617955 
 1602      7300
ARM GAS  C:\Users\Jimmy\AppData\Local\Temp\ccqqCCk6.s 			page 38


 1603              	.LASF11:
 1604 0251 63686172 		.ascii	"char\000"
 1604      00
 1605              	.LASF37:
 1606 0256 43795379 		.ascii	"CySysClkEcoStart\000"
 1606      73436C6B 
 1606      45636F53 
 1606      74617274 
 1606      00
 1607              	.LASF22:
 1608 0267 63795F63 		.ascii	"cy_cfg_addrvalue_t\000"
 1608      66675F61 
 1608      64647276 
 1608      616C7565 
 1608      5F7400
 1609              	.LASF20:
 1610 027a 6F666673 		.ascii	"offset\000"
 1610      657400
 1611              	.LASF5:
 1612 0281 73686F72 		.ascii	"short int\000"
 1612      7420696E 
 1612      7400
 1613              	.LASF36:
 1614 028b 43795379 		.ascii	"CySysClkWriteImoFreq\000"
 1614      73436C6B 
 1614      57726974 
 1614      65496D6F 
 1614      46726571 
 1615              	.LASF7:
 1616 02a0 6C6F6E67 		.ascii	"long int\000"
 1616      20696E74 
 1616      00
 1617              	.LASF2:
 1618 02a9 6C6F6E67 		.ascii	"long double\000"
 1618      20646F75 
 1618      626C6500 
 1619              	.LASF40:
 1620 02b5 4379496E 		.ascii	"CyIntEnable\000"
 1620      74456E61 
 1620      626C6500 
 1621              	.LASF3:
 1622 02c1 7369676E 		.ascii	"signed char\000"
 1622      65642063 
 1622      68617200 
 1623              	.LASF42:
 1624 02cd 47656E65 		.ascii	"Generated_Source\\PSoC4\\cyfitter_cfg.c\000"
 1624      72617465 
 1624      645F536F 
 1624      75726365 
 1624      5C50536F 
 1625              		.ident	"GCC: (GNU Tools for ARM Embedded Processors) 5.4.1 20160609 (release) [ARM/embedded-5-bran
