ARM GAS  C:\Users\Jimmy\AppData\Local\Temp\ccaoCE6V.s 			page 1


   1              		.syntax unified
   2              		.cpu cortex-m0
   3              		.fpu softvfp
   4              		.eabi_attribute 20, 1
   5              		.eabi_attribute 21, 1
   6              		.eabi_attribute 23, 3
   7              		.eabi_attribute 24, 1
   8              		.eabi_attribute 25, 1
   9              		.eabi_attribute 26, 1
  10              		.eabi_attribute 30, 1
  11              		.eabi_attribute 34, 0
  12              		.eabi_attribute 18, 4
  13              		.thumb
  14              		.syntax unified
  15              		.file	"cyfitter_cfg.c"
  16              		.text
  17              	.Ltext0:
  18              		.cfi_sections	.debug_frame
  19              		.section	.text.cfg_write_bytes32,"ax",%progbits
  20              		.align	2
  21              		.code	16
  22              		.thumb_func
  23              		.type	cfg_write_bytes32, %function
  24              	cfg_write_bytes32:
  25              	.LFB5:
  26              		.file 1 "Generated_Source\\PSoC4\\cyfitter_cfg.c"
   1:Generated_Source\PSoC4/cyfitter_cfg.c **** 
   2:Generated_Source\PSoC4/cyfitter_cfg.c **** /*******************************************************************************
   3:Generated_Source\PSoC4/cyfitter_cfg.c **** * File Name: cyfitter_cfg.c
   4:Generated_Source\PSoC4/cyfitter_cfg.c **** * 
   5:Generated_Source\PSoC4/cyfitter_cfg.c **** * PSoC Creator  4.2
   6:Generated_Source\PSoC4/cyfitter_cfg.c **** *
   7:Generated_Source\PSoC4/cyfitter_cfg.c **** * Description:
   8:Generated_Source\PSoC4/cyfitter_cfg.c **** * This file contains device initialization code.
   9:Generated_Source\PSoC4/cyfitter_cfg.c **** * Except for the user defined sections in CyClockStartupError(), this file should not be modified.
  10:Generated_Source\PSoC4/cyfitter_cfg.c **** * This file is automatically generated by PSoC Creator.
  11:Generated_Source\PSoC4/cyfitter_cfg.c **** *
  12:Generated_Source\PSoC4/cyfitter_cfg.c **** ********************************************************************************
  13:Generated_Source\PSoC4/cyfitter_cfg.c **** * Copyright (c) 2007-2018 Cypress Semiconductor.  All rights reserved.
  14:Generated_Source\PSoC4/cyfitter_cfg.c **** * You may use this file only in accordance with the license, terms, conditions, 
  15:Generated_Source\PSoC4/cyfitter_cfg.c **** * disclaimers, and limitations in the end user license agreement accompanying 
  16:Generated_Source\PSoC4/cyfitter_cfg.c **** * the software package with which this file was provided.
  17:Generated_Source\PSoC4/cyfitter_cfg.c **** ********************************************************************************/
  18:Generated_Source\PSoC4/cyfitter_cfg.c **** 
  19:Generated_Source\PSoC4/cyfitter_cfg.c **** #include <string.h>
  20:Generated_Source\PSoC4/cyfitter_cfg.c **** #include "cytypes.h"
  21:Generated_Source\PSoC4/cyfitter_cfg.c **** #include "cydevice_trm.h"
  22:Generated_Source\PSoC4/cyfitter_cfg.c **** #include "cyfitter.h"
  23:Generated_Source\PSoC4/cyfitter_cfg.c **** #include "CyLib.h"
  24:Generated_Source\PSoC4/cyfitter_cfg.c **** #include "CyLFClk.h"
  25:Generated_Source\PSoC4/cyfitter_cfg.c **** #include "cyfitter_cfg.h"
  26:Generated_Source\PSoC4/cyfitter_cfg.c **** #include "cyapicallbacks.h"
  27:Generated_Source\PSoC4/cyfitter_cfg.c **** 
  28:Generated_Source\PSoC4/cyfitter_cfg.c **** 
  29:Generated_Source\PSoC4/cyfitter_cfg.c **** #if defined(__GNUC__) || defined(__ARMCC_VERSION)
  30:Generated_Source\PSoC4/cyfitter_cfg.c ****     #define CYPACKED 
  31:Generated_Source\PSoC4/cyfitter_cfg.c ****     #define CYPACKED_ATTR __attribute__ ((packed))
ARM GAS  C:\Users\Jimmy\AppData\Local\Temp\ccaoCE6V.s 			page 2


  32:Generated_Source\PSoC4/cyfitter_cfg.c ****     #define CYALIGNED __attribute__ ((aligned))
  33:Generated_Source\PSoC4/cyfitter_cfg.c ****     #define CY_CFG_UNUSED __attribute__ ((unused))
  34:Generated_Source\PSoC4/cyfitter_cfg.c ****     #ifndef CY_CFG_SECTION
  35:Generated_Source\PSoC4/cyfitter_cfg.c ****         #define CY_CFG_SECTION __attribute__ ((section(".psocinit")))
  36:Generated_Source\PSoC4/cyfitter_cfg.c ****     #endif
  37:Generated_Source\PSoC4/cyfitter_cfg.c ****     
  38:Generated_Source\PSoC4/cyfitter_cfg.c ****     #if defined(__ARMCC_VERSION)
  39:Generated_Source\PSoC4/cyfitter_cfg.c ****         #define CY_CFG_MEMORY_BARRIER() __memory_changed()
  40:Generated_Source\PSoC4/cyfitter_cfg.c ****     #else
  41:Generated_Source\PSoC4/cyfitter_cfg.c ****         #define CY_CFG_MEMORY_BARRIER() __sync_synchronize()
  42:Generated_Source\PSoC4/cyfitter_cfg.c ****     #endif
  43:Generated_Source\PSoC4/cyfitter_cfg.c ****     
  44:Generated_Source\PSoC4/cyfitter_cfg.c **** #elif defined(__ICCARM__)
  45:Generated_Source\PSoC4/cyfitter_cfg.c ****     #include <intrinsics.h>
  46:Generated_Source\PSoC4/cyfitter_cfg.c **** 
  47:Generated_Source\PSoC4/cyfitter_cfg.c ****     #define CYPACKED __packed
  48:Generated_Source\PSoC4/cyfitter_cfg.c ****     #define CYPACKED_ATTR 
  49:Generated_Source\PSoC4/cyfitter_cfg.c ****     #define CYALIGNED _Pragma("data_alignment=4")
  50:Generated_Source\PSoC4/cyfitter_cfg.c ****     #define CY_CFG_UNUSED _Pragma("diag_suppress=Pe177")
  51:Generated_Source\PSoC4/cyfitter_cfg.c ****     #define CY_CFG_SECTION _Pragma("location=\".psocinit\"")
  52:Generated_Source\PSoC4/cyfitter_cfg.c ****     
  53:Generated_Source\PSoC4/cyfitter_cfg.c ****     #define CY_CFG_MEMORY_BARRIER() __DMB()
  54:Generated_Source\PSoC4/cyfitter_cfg.c ****     
  55:Generated_Source\PSoC4/cyfitter_cfg.c **** #else
  56:Generated_Source\PSoC4/cyfitter_cfg.c ****     #error Unsupported toolchain
  57:Generated_Source\PSoC4/cyfitter_cfg.c **** #endif
  58:Generated_Source\PSoC4/cyfitter_cfg.c **** 
  59:Generated_Source\PSoC4/cyfitter_cfg.c **** #ifndef CYCODE
  60:Generated_Source\PSoC4/cyfitter_cfg.c ****     #define CYCODE
  61:Generated_Source\PSoC4/cyfitter_cfg.c **** #endif
  62:Generated_Source\PSoC4/cyfitter_cfg.c **** #ifndef CYDATA
  63:Generated_Source\PSoC4/cyfitter_cfg.c ****     #define CYDATA
  64:Generated_Source\PSoC4/cyfitter_cfg.c **** #endif
  65:Generated_Source\PSoC4/cyfitter_cfg.c **** #ifndef CYFAR
  66:Generated_Source\PSoC4/cyfitter_cfg.c ****     #define CYFAR
  67:Generated_Source\PSoC4/cyfitter_cfg.c **** #endif
  68:Generated_Source\PSoC4/cyfitter_cfg.c **** #ifndef CYXDATA
  69:Generated_Source\PSoC4/cyfitter_cfg.c ****     #define CYXDATA
  70:Generated_Source\PSoC4/cyfitter_cfg.c **** #endif
  71:Generated_Source\PSoC4/cyfitter_cfg.c **** 
  72:Generated_Source\PSoC4/cyfitter_cfg.c **** 
  73:Generated_Source\PSoC4/cyfitter_cfg.c **** CY_CFG_UNUSED
  74:Generated_Source\PSoC4/cyfitter_cfg.c **** static void CYMEMZERO(void *s, size_t n);
  75:Generated_Source\PSoC4/cyfitter_cfg.c **** CY_CFG_UNUSED
  76:Generated_Source\PSoC4/cyfitter_cfg.c **** static void CYMEMZERO(void *s, size_t n)
  77:Generated_Source\PSoC4/cyfitter_cfg.c **** {
  78:Generated_Source\PSoC4/cyfitter_cfg.c **** 	(void)memset(s, 0, n);
  79:Generated_Source\PSoC4/cyfitter_cfg.c **** }
  80:Generated_Source\PSoC4/cyfitter_cfg.c **** CY_CFG_UNUSED
  81:Generated_Source\PSoC4/cyfitter_cfg.c **** static void CYCONFIGCPY(void *dest, const void *src, size_t n);
  82:Generated_Source\PSoC4/cyfitter_cfg.c **** CY_CFG_UNUSED
  83:Generated_Source\PSoC4/cyfitter_cfg.c **** static void CYCONFIGCPY(void *dest, const void *src, size_t n)
  84:Generated_Source\PSoC4/cyfitter_cfg.c **** {
  85:Generated_Source\PSoC4/cyfitter_cfg.c **** 	(void)memcpy(dest, src, n);
  86:Generated_Source\PSoC4/cyfitter_cfg.c **** }
  87:Generated_Source\PSoC4/cyfitter_cfg.c **** CY_CFG_UNUSED
  88:Generated_Source\PSoC4/cyfitter_cfg.c **** static void CYCONFIGCPYCODE(void *dest, const void *src, size_t n);
ARM GAS  C:\Users\Jimmy\AppData\Local\Temp\ccaoCE6V.s 			page 3


  89:Generated_Source\PSoC4/cyfitter_cfg.c **** CY_CFG_UNUSED
  90:Generated_Source\PSoC4/cyfitter_cfg.c **** static void CYCONFIGCPYCODE(void *dest, const void *src, size_t n)
  91:Generated_Source\PSoC4/cyfitter_cfg.c **** {
  92:Generated_Source\PSoC4/cyfitter_cfg.c **** 	(void)memcpy(dest, src, n);
  93:Generated_Source\PSoC4/cyfitter_cfg.c **** }
  94:Generated_Source\PSoC4/cyfitter_cfg.c **** 
  95:Generated_Source\PSoC4/cyfitter_cfg.c **** 
  96:Generated_Source\PSoC4/cyfitter_cfg.c **** 
  97:Generated_Source\PSoC4/cyfitter_cfg.c **** 
  98:Generated_Source\PSoC4/cyfitter_cfg.c **** /* Clock startup error codes                                                   */
  99:Generated_Source\PSoC4/cyfitter_cfg.c **** #define CYCLOCKSTART_NO_ERROR    0u
 100:Generated_Source\PSoC4/cyfitter_cfg.c **** #define CYCLOCKSTART_XTAL_ERROR  1u
 101:Generated_Source\PSoC4/cyfitter_cfg.c **** #define CYCLOCKSTART_32KHZ_ERROR 2u
 102:Generated_Source\PSoC4/cyfitter_cfg.c **** #define CYCLOCKSTART_PLL_ERROR   3u
 103:Generated_Source\PSoC4/cyfitter_cfg.c **** #define CYCLOCKSTART_FLL_ERROR   4u
 104:Generated_Source\PSoC4/cyfitter_cfg.c **** #define CYCLOCKSTART_WCO_ERROR   5u
 105:Generated_Source\PSoC4/cyfitter_cfg.c **** 
 106:Generated_Source\PSoC4/cyfitter_cfg.c **** 
 107:Generated_Source\PSoC4/cyfitter_cfg.c **** #ifdef CY_NEED_CYCLOCKSTARTUPERROR
 108:Generated_Source\PSoC4/cyfitter_cfg.c **** /*******************************************************************************
 109:Generated_Source\PSoC4/cyfitter_cfg.c **** * Function Name: CyClockStartupError
 110:Generated_Source\PSoC4/cyfitter_cfg.c **** ********************************************************************************
 111:Generated_Source\PSoC4/cyfitter_cfg.c **** * Summary:
 112:Generated_Source\PSoC4/cyfitter_cfg.c **** *  If an error is encountered during clock configuration (crystal startup error,
 113:Generated_Source\PSoC4/cyfitter_cfg.c **** *  PLL lock error, etc.), the system will end up here.  Unless reimplemented by
 114:Generated_Source\PSoC4/cyfitter_cfg.c **** *  the customer, this function will stop in an infinite loop.
 115:Generated_Source\PSoC4/cyfitter_cfg.c **** *
 116:Generated_Source\PSoC4/cyfitter_cfg.c **** * Parameters:
 117:Generated_Source\PSoC4/cyfitter_cfg.c **** *   void
 118:Generated_Source\PSoC4/cyfitter_cfg.c **** *
 119:Generated_Source\PSoC4/cyfitter_cfg.c **** * Return:
 120:Generated_Source\PSoC4/cyfitter_cfg.c **** *   void
 121:Generated_Source\PSoC4/cyfitter_cfg.c **** *
 122:Generated_Source\PSoC4/cyfitter_cfg.c **** *******************************************************************************/
 123:Generated_Source\PSoC4/cyfitter_cfg.c **** CY_CFG_UNUSED
 124:Generated_Source\PSoC4/cyfitter_cfg.c **** static void CyClockStartupError(uint8 errorCode);
 125:Generated_Source\PSoC4/cyfitter_cfg.c **** CY_CFG_UNUSED
 126:Generated_Source\PSoC4/cyfitter_cfg.c **** static void CyClockStartupError(uint8 errorCode)
 127:Generated_Source\PSoC4/cyfitter_cfg.c **** {
 128:Generated_Source\PSoC4/cyfitter_cfg.c ****     /* To remove the compiler warning if errorCode not used.                */
 129:Generated_Source\PSoC4/cyfitter_cfg.c ****     errorCode = errorCode;
 130:Generated_Source\PSoC4/cyfitter_cfg.c **** 
 131:Generated_Source\PSoC4/cyfitter_cfg.c ****     /* If we have a clock startup error (bad MHz crystal, PLL lock, etc.),  */
 132:Generated_Source\PSoC4/cyfitter_cfg.c ****     /* we will end up here to allow the customer to implement something to  */
 133:Generated_Source\PSoC4/cyfitter_cfg.c ****     /* deal with the clock condition.                                       */
 134:Generated_Source\PSoC4/cyfitter_cfg.c **** 
 135:Generated_Source\PSoC4/cyfitter_cfg.c **** #ifdef CY_CFG_CLOCK_STARTUP_ERROR_CALLBACK
 136:Generated_Source\PSoC4/cyfitter_cfg.c ****     CY_CFG_Clock_Startup_ErrorCallback();
 137:Generated_Source\PSoC4/cyfitter_cfg.c **** #else
 138:Generated_Source\PSoC4/cyfitter_cfg.c ****     /*  If not using CY_CFG_CLOCK_STARTUP_ERROR_CALLBACK, place your clock startup code here. */
 139:Generated_Source\PSoC4/cyfitter_cfg.c ****     /* `#START CyClockStartupError` */
 140:Generated_Source\PSoC4/cyfitter_cfg.c **** 
 141:Generated_Source\PSoC4/cyfitter_cfg.c **** 
 142:Generated_Source\PSoC4/cyfitter_cfg.c **** 
 143:Generated_Source\PSoC4/cyfitter_cfg.c ****     /* `#END` */
 144:Generated_Source\PSoC4/cyfitter_cfg.c **** 
 145:Generated_Source\PSoC4/cyfitter_cfg.c ****     while(1) {}
ARM GAS  C:\Users\Jimmy\AppData\Local\Temp\ccaoCE6V.s 			page 4


 146:Generated_Source\PSoC4/cyfitter_cfg.c **** #endif /* CY_CFG_CLOCK_STARTUP_ERROR_CALLBACK */
 147:Generated_Source\PSoC4/cyfitter_cfg.c **** }
 148:Generated_Source\PSoC4/cyfitter_cfg.c **** #endif
 149:Generated_Source\PSoC4/cyfitter_cfg.c **** 
 150:Generated_Source\PSoC4/cyfitter_cfg.c **** #define CY_CFG_BASE_ADDR_COUNT 3u
 151:Generated_Source\PSoC4/cyfitter_cfg.c **** CYPACKED typedef struct
 152:Generated_Source\PSoC4/cyfitter_cfg.c **** {
 153:Generated_Source\PSoC4/cyfitter_cfg.c **** 	uint8 offset;
 154:Generated_Source\PSoC4/cyfitter_cfg.c **** 	uint8 value;
 155:Generated_Source\PSoC4/cyfitter_cfg.c **** } CYPACKED_ATTR cy_cfg_addrvalue_t;
 156:Generated_Source\PSoC4/cyfitter_cfg.c **** 
 157:Generated_Source\PSoC4/cyfitter_cfg.c **** 
 158:Generated_Source\PSoC4/cyfitter_cfg.c **** 
 159:Generated_Source\PSoC4/cyfitter_cfg.c **** /*******************************************************************************
 160:Generated_Source\PSoC4/cyfitter_cfg.c **** * Function Name: cfg_write_bytes32
 161:Generated_Source\PSoC4/cyfitter_cfg.c **** ********************************************************************************
 162:Generated_Source\PSoC4/cyfitter_cfg.c **** * Summary:
 163:Generated_Source\PSoC4/cyfitter_cfg.c **** *  This function is used for setting up the chip configuration areas that
 164:Generated_Source\PSoC4/cyfitter_cfg.c **** *  contain relatively sparse data.
 165:Generated_Source\PSoC4/cyfitter_cfg.c **** *
 166:Generated_Source\PSoC4/cyfitter_cfg.c **** * Parameters:
 167:Generated_Source\PSoC4/cyfitter_cfg.c **** *   void
 168:Generated_Source\PSoC4/cyfitter_cfg.c **** *
 169:Generated_Source\PSoC4/cyfitter_cfg.c **** * Return:
 170:Generated_Source\PSoC4/cyfitter_cfg.c **** *   void
 171:Generated_Source\PSoC4/cyfitter_cfg.c **** *
 172:Generated_Source\PSoC4/cyfitter_cfg.c **** *******************************************************************************/
 173:Generated_Source\PSoC4/cyfitter_cfg.c **** static void cfg_write_bytes32(const uint32 addr_table[], const cy_cfg_addrvalue_t data_table[]);
 174:Generated_Source\PSoC4/cyfitter_cfg.c **** static void cfg_write_bytes32(const uint32 addr_table[], const cy_cfg_addrvalue_t data_table[])
 175:Generated_Source\PSoC4/cyfitter_cfg.c **** {
  27              		.loc 1 175 0
  28              		.cfi_startproc
  29              		@ args = 0, pretend = 0, frame = 0
  30              		@ frame_needed = 0, uses_anonymous_args = 0
  31              	.LVL0:
  32 0000 F0B5     		push	{r4, r5, r6, r7, lr}
  33              		.cfi_def_cfa_offset 20
  34              		.cfi_offset 4, -20
  35              		.cfi_offset 5, -16
  36              		.cfi_offset 6, -12
  37              		.cfi_offset 7, -8
  38              		.cfi_offset 14, -4
  39              	.LVL1:
 176:Generated_Source\PSoC4/cyfitter_cfg.c **** 	/* For 32-bit little-endian architectures */
 177:Generated_Source\PSoC4/cyfitter_cfg.c **** 	uint32 i, j = 0u;
  40              		.loc 1 177 0
  41 0002 0025     		movs	r5, #0
 178:Generated_Source\PSoC4/cyfitter_cfg.c **** 	for (i = 0u; i < CY_CFG_BASE_ADDR_COUNT; i++)
  42              		.loc 1 178 0
  43 0004 0027     		movs	r7, #0
  44 0006 11E0     		b	.L2
  45              	.LVL2:
  46              	.L5:
  47              	.LBB2:
 179:Generated_Source\PSoC4/cyfitter_cfg.c **** 	{
 180:Generated_Source\PSoC4/cyfitter_cfg.c **** 		uint32 baseAddr = addr_table[i];
  48              		.loc 1 180 0
ARM GAS  C:\Users\Jimmy\AppData\Local\Temp\ccaoCE6V.s 			page 5


  49 0008 BB00     		lsls	r3, r7, #2
  50 000a C658     		ldr	r6, [r0, r3]
  51              	.LVL3:
 181:Generated_Source\PSoC4/cyfitter_cfg.c **** 		uint8 count = (uint8)baseAddr;
  52              		.loc 1 181 0
  53 000c F3B2     		uxtb	r3, r6
  54              	.LVL4:
 182:Generated_Source\PSoC4/cyfitter_cfg.c **** 		baseAddr &= 0xFFFFFF00u;
  55              		.loc 1 182 0
  56 000e FF22     		movs	r2, #255
  57 0010 9643     		bics	r6, r2
  58              	.LVL5:
 183:Generated_Source\PSoC4/cyfitter_cfg.c **** 		while (count != 0u)
  59              		.loc 1 183 0
  60 0012 08E0     		b	.L3
  61              	.L4:
 184:Generated_Source\PSoC4/cyfitter_cfg.c **** 		{
 185:Generated_Source\PSoC4/cyfitter_cfg.c **** 			CY_SET_REG8((void *)(baseAddr + data_table[j].offset), data_table[j].value);
  62              		.loc 1 185 0
  63 0014 6A00     		lsls	r2, r5, #1
  64 0016 8A18     		adds	r2, r1, r2
  65 0018 1478     		ldrb	r4, [r2]
  66 001a A419     		adds	r4, r4, r6
  67 001c 5278     		ldrb	r2, [r2, #1]
  68 001e 2270     		strb	r2, [r4]
 186:Generated_Source\PSoC4/cyfitter_cfg.c **** 			j++;
  69              		.loc 1 186 0
  70 0020 0135     		adds	r5, r5, #1
  71              	.LVL6:
 187:Generated_Source\PSoC4/cyfitter_cfg.c **** 			count--;
  72              		.loc 1 187 0
  73 0022 013B     		subs	r3, r3, #1
  74              	.LVL7:
  75 0024 DBB2     		uxtb	r3, r3
  76              	.LVL8:
  77              	.L3:
 183:Generated_Source\PSoC4/cyfitter_cfg.c **** 		{
  78              		.loc 1 183 0
  79 0026 002B     		cmp	r3, #0
  80 0028 F4D1     		bne	.L4
  81              	.LBE2:
 178:Generated_Source\PSoC4/cyfitter_cfg.c **** 	{
  82              		.loc 1 178 0 discriminator 2
  83 002a 0137     		adds	r7, r7, #1
  84              	.LVL9:
  85              	.L2:
 178:Generated_Source\PSoC4/cyfitter_cfg.c **** 	{
  86              		.loc 1 178 0 is_stmt 0 discriminator 1
  87 002c 022F     		cmp	r7, #2
  88 002e EBD9     		bls	.L5
 188:Generated_Source\PSoC4/cyfitter_cfg.c **** 		}
 189:Generated_Source\PSoC4/cyfitter_cfg.c **** 	}
 190:Generated_Source\PSoC4/cyfitter_cfg.c **** }
  89              		.loc 1 190 0 is_stmt 1
  90              		@ sp needed
  91              	.LVL10:
  92              	.LVL11:
ARM GAS  C:\Users\Jimmy\AppData\Local\Temp\ccaoCE6V.s 			page 6


  93 0030 F0BD     		pop	{r4, r5, r6, r7, pc}
  94              		.cfi_endproc
  95              	.LFE5:
  96              		.size	cfg_write_bytes32, .-cfg_write_bytes32
  97 0032 C046     		.section	.text.AnalogSetDefault,"ax",%progbits
  98              		.align	2
  99              		.code	16
 100              		.thumb_func
 101              		.type	AnalogSetDefault, %function
 102              	AnalogSetDefault:
 103              	.LFB7:
 191:Generated_Source\PSoC4/cyfitter_cfg.c **** 
 192:Generated_Source\PSoC4/cyfitter_cfg.c **** 
 193:Generated_Source\PSoC4/cyfitter_cfg.c **** /*******************************************************************************
 194:Generated_Source\PSoC4/cyfitter_cfg.c **** * Function Name: ClockSetup
 195:Generated_Source\PSoC4/cyfitter_cfg.c **** ********************************************************************************
 196:Generated_Source\PSoC4/cyfitter_cfg.c **** *
 197:Generated_Source\PSoC4/cyfitter_cfg.c **** * Summary:
 198:Generated_Source\PSoC4/cyfitter_cfg.c **** *   Performs the initialization of all of the clocks in the device based on the
 199:Generated_Source\PSoC4/cyfitter_cfg.c **** *   settings in the Clock tab of the DWR.  This includes enabling the requested
 200:Generated_Source\PSoC4/cyfitter_cfg.c **** *   clocks and setting the necessary dividers to produce the desired frequency. 
 201:Generated_Source\PSoC4/cyfitter_cfg.c **** *
 202:Generated_Source\PSoC4/cyfitter_cfg.c **** * Parameters:
 203:Generated_Source\PSoC4/cyfitter_cfg.c **** *   void
 204:Generated_Source\PSoC4/cyfitter_cfg.c **** *
 205:Generated_Source\PSoC4/cyfitter_cfg.c **** * Return:
 206:Generated_Source\PSoC4/cyfitter_cfg.c **** *   void
 207:Generated_Source\PSoC4/cyfitter_cfg.c **** *
 208:Generated_Source\PSoC4/cyfitter_cfg.c **** *******************************************************************************/
 209:Generated_Source\PSoC4/cyfitter_cfg.c **** static void ClockSetup(void);
 210:Generated_Source\PSoC4/cyfitter_cfg.c **** CY_CFG_SECTION
 211:Generated_Source\PSoC4/cyfitter_cfg.c **** static void ClockSetup(void)
 212:Generated_Source\PSoC4/cyfitter_cfg.c **** {
 213:Generated_Source\PSoC4/cyfitter_cfg.c **** 
 214:Generated_Source\PSoC4/cyfitter_cfg.c **** 	/* Set Flash Cycles based on max possible frequency in case a glitch occurs during ClockSetup(). *
 215:Generated_Source\PSoC4/cyfitter_cfg.c **** 	CY_SET_REG32((void CYXDATA *)(CYREG_CPUSS_FLASH_CTL), (0x0012u));
 216:Generated_Source\PSoC4/cyfitter_cfg.c **** 	/* Setup and trim IMO based on desired frequency. */
 217:Generated_Source\PSoC4/cyfitter_cfg.c **** 	CySysClkWriteImoFreq(24u);
 218:Generated_Source\PSoC4/cyfitter_cfg.c **** 	/* CYDEV_CLK_ILO_CONFIG Starting address: CYDEV_CLK_ILO_CONFIG */
 219:Generated_Source\PSoC4/cyfitter_cfg.c **** 	CY_SET_REG32((void *)(CYREG_CLK_ILO_CONFIG), 0x80000006u);
 220:Generated_Source\PSoC4/cyfitter_cfg.c **** 
 221:Generated_Source\PSoC4/cyfitter_cfg.c **** 
 222:Generated_Source\PSoC4/cyfitter_cfg.c **** 	/* Enable fast start mode for XO */
 223:Generated_Source\PSoC4/cyfitter_cfg.c **** 	CY_SET_REG32((void*)CYREG_BLE_BLERD_BB_XO, CY_GET_REG32((void*)CYREG_BLE_BLERD_BB_XO) | (uint32)0x
 224:Generated_Source\PSoC4/cyfitter_cfg.c **** 	CY_SET_REG32((void *)(CYREG_BLE_BLERD_BB_XO_CAPTRIM), 0x00003E2Du);
 225:Generated_Source\PSoC4/cyfitter_cfg.c **** 	/*Set XTAL(ECO) divider*/
 226:Generated_Source\PSoC4/cyfitter_cfg.c **** 	CY_SET_REG32((void *)(CYREG_BLE_BLESS_XTAL_CLK_DIV_CONFIG), 0x00000000u);
 227:Generated_Source\PSoC4/cyfitter_cfg.c **** 	/* Disable Crystal Stable Interrupt before enabling ECO */
 228:Generated_Source\PSoC4/cyfitter_cfg.c **** 	CY_SET_REG32((void*)CYREG_BLE_BLESS_LL_DSM_CTRL, CY_GET_REG32((void*)CYREG_BLE_BLESS_LL_DSM_CTRL) 
 229:Generated_Source\PSoC4/cyfitter_cfg.c **** 	/* Start the ECO and do not check status since it is not needed for HFCLK */
 230:Generated_Source\PSoC4/cyfitter_cfg.c **** 	(void)CySysClkEcoStart(2000u);
 231:Generated_Source\PSoC4/cyfitter_cfg.c **** 	CyDelayUs(1500u); /* Wait to stabilize */
 232:Generated_Source\PSoC4/cyfitter_cfg.c **** 
 233:Generated_Source\PSoC4/cyfitter_cfg.c **** 	/* Setup phase aligned clocks */
 234:Generated_Source\PSoC4/cyfitter_cfg.c **** 	CY_SET_REG32((void *)CYREG_PERI_DIV_16_CTL0, 0x0002DB00u);
 235:Generated_Source\PSoC4/cyfitter_cfg.c **** 	CY_SET_REG32((void *)CYREG_PERI_DIV_CMD, 0x8000FF40u);
 236:Generated_Source\PSoC4/cyfitter_cfg.c **** 
ARM GAS  C:\Users\Jimmy\AppData\Local\Temp\ccaoCE6V.s 			page 7


 237:Generated_Source\PSoC4/cyfitter_cfg.c **** 	/* CYDEV_CLK_IMO_CONFIG Starting address: CYDEV_CLK_IMO_CONFIG */
 238:Generated_Source\PSoC4/cyfitter_cfg.c **** 	CY_SET_REG32((void *)(CYREG_CLK_IMO_CONFIG), 0x80000000u);
 239:Generated_Source\PSoC4/cyfitter_cfg.c **** 
 240:Generated_Source\PSoC4/cyfitter_cfg.c **** 	/* CYDEV_CLK_SELECT Starting address: CYDEV_CLK_SELECT */
 241:Generated_Source\PSoC4/cyfitter_cfg.c **** 	CY_SET_REG32((void *)(CYREG_CLK_SELECT), 0x00000000u);
 242:Generated_Source\PSoC4/cyfitter_cfg.c **** 
 243:Generated_Source\PSoC4/cyfitter_cfg.c **** 	/* CYDEV_PERI_PCLK_CTL7 Starting address: CYDEV_PERI_PCLK_CTL7 */
 244:Generated_Source\PSoC4/cyfitter_cfg.c **** 	CY_SET_REG32((void *)(CYREG_PERI_PCLK_CTL7), 0x00000040u);
 245:Generated_Source\PSoC4/cyfitter_cfg.c **** 
 246:Generated_Source\PSoC4/cyfitter_cfg.c **** 	(void)CyIntSetVector(8u, &CySysWdtIsr);
 247:Generated_Source\PSoC4/cyfitter_cfg.c **** 	CyIntEnable(8u);
 248:Generated_Source\PSoC4/cyfitter_cfg.c **** 	CY_SET_REG32((void *)(CYREG_WDT_CONFIG), 0x00000000u);
 249:Generated_Source\PSoC4/cyfitter_cfg.c **** 	/* Set Flash Cycles based on newly configured 24.00MHz HFCLK. */
 250:Generated_Source\PSoC4/cyfitter_cfg.c **** 	CY_SET_REG32((void CYXDATA *)(CYREG_CPUSS_FLASH_CTL), (0x0011u));
 251:Generated_Source\PSoC4/cyfitter_cfg.c **** }
 252:Generated_Source\PSoC4/cyfitter_cfg.c **** 
 253:Generated_Source\PSoC4/cyfitter_cfg.c **** 
 254:Generated_Source\PSoC4/cyfitter_cfg.c **** /* Analog API Functions */
 255:Generated_Source\PSoC4/cyfitter_cfg.c **** 
 256:Generated_Source\PSoC4/cyfitter_cfg.c **** 
 257:Generated_Source\PSoC4/cyfitter_cfg.c **** /*******************************************************************************
 258:Generated_Source\PSoC4/cyfitter_cfg.c **** * Function Name: AnalogSetDefault
 259:Generated_Source\PSoC4/cyfitter_cfg.c **** ********************************************************************************
 260:Generated_Source\PSoC4/cyfitter_cfg.c **** *
 261:Generated_Source\PSoC4/cyfitter_cfg.c **** * Summary:
 262:Generated_Source\PSoC4/cyfitter_cfg.c **** *  Sets up the analog portions of the chip to default values based on chip
 263:Generated_Source\PSoC4/cyfitter_cfg.c **** *  configuration options from the project.
 264:Generated_Source\PSoC4/cyfitter_cfg.c **** *
 265:Generated_Source\PSoC4/cyfitter_cfg.c **** * Parameters:
 266:Generated_Source\PSoC4/cyfitter_cfg.c **** *  void
 267:Generated_Source\PSoC4/cyfitter_cfg.c **** *
 268:Generated_Source\PSoC4/cyfitter_cfg.c **** * Return:
 269:Generated_Source\PSoC4/cyfitter_cfg.c **** *  void
 270:Generated_Source\PSoC4/cyfitter_cfg.c **** *
 271:Generated_Source\PSoC4/cyfitter_cfg.c **** *******************************************************************************/
 272:Generated_Source\PSoC4/cyfitter_cfg.c **** static void AnalogSetDefault(void);
 273:Generated_Source\PSoC4/cyfitter_cfg.c **** static void AnalogSetDefault(void)
 274:Generated_Source\PSoC4/cyfitter_cfg.c **** {
 104              		.loc 1 274 0
 105              		.cfi_startproc
 106              		@ args = 0, pretend = 0, frame = 0
 107              		@ frame_needed = 0, uses_anonymous_args = 0
 108              		@ link register save eliminated.
 275:Generated_Source\PSoC4/cyfitter_cfg.c **** 	CY_SET_XTND_REG32((void CYFAR *)CYREG_CTBM0_DFT_CTRL, 0x00000003u);
 109              		.loc 1 275 0
 110 0000 0323     		movs	r3, #3
 111 0002 044A     		ldr	r2, .L7
 112 0004 1360     		str	r3, [r2]
 276:Generated_Source\PSoC4/cyfitter_cfg.c **** 	CY_SET_XTND_REG32((void CYFAR *)CYREG_CTBM1_DFT_CTRL, 0x00000003u);
 113              		.loc 1 276 0
 114 0006 044A     		ldr	r2, .L7+4
 115 0008 1360     		str	r3, [r2]
 277:Generated_Source\PSoC4/cyfitter_cfg.c **** 	CY_SET_XTND_REG32((void CYFAR *)CYREG_PASS_DSAB_DSAB_CTRL, 0x00000000u);
 116              		.loc 1 277 0
 117 000a 0022     		movs	r2, #0
 118 000c 034B     		ldr	r3, .L7+8
 119 000e 1A60     		str	r2, [r3]
ARM GAS  C:\Users\Jimmy\AppData\Local\Temp\ccaoCE6V.s 			page 8


 278:Generated_Source\PSoC4/cyfitter_cfg.c **** }
 120              		.loc 1 278 0
 121              		@ sp needed
 122 0010 7047     		bx	lr
 123              	.L8:
 124 0012 C046     		.align	2
 125              	.L7:
 126 0014 30003040 		.word	1076887600
 127 0018 30003140 		.word	1076953136
 128 001c 000E3F40 		.word	1077874176
 129              		.cfi_endproc
 130              	.LFE7:
 131              		.size	AnalogSetDefault, .-AnalogSetDefault
 132              		.section	.text.CYMEMZERO,"ax",%progbits
 133              		.align	2
 134              		.code	16
 135              		.thumb_func
 136              		.type	CYMEMZERO, %function
 137              	CYMEMZERO:
 138              	.LFB2:
  77:Generated_Source\PSoC4/cyfitter_cfg.c **** 	(void)memset(s, 0, n);
 139              		.loc 1 77 0
 140              		.cfi_startproc
 141              		@ args = 0, pretend = 0, frame = 0
 142              		@ frame_needed = 0, uses_anonymous_args = 0
 143              	.LVL12:
 144 0000 10B5     		push	{r4, lr}
 145              		.cfi_def_cfa_offset 8
 146              		.cfi_offset 4, -8
 147              		.cfi_offset 14, -4
 148 0002 0A00     		movs	r2, r1
  78:Generated_Source\PSoC4/cyfitter_cfg.c **** }
 149              		.loc 1 78 0
 150 0004 0021     		movs	r1, #0
 151              	.LVL13:
 152 0006 FFF7FEFF 		bl	memset
 153              	.LVL14:
  79:Generated_Source\PSoC4/cyfitter_cfg.c **** CY_CFG_UNUSED
 154              		.loc 1 79 0
 155              		@ sp needed
 156 000a 10BD     		pop	{r4, pc}
 157              		.cfi_endproc
 158              	.LFE2:
 159              		.size	CYMEMZERO, .-CYMEMZERO
 160              		.section	.psocinit,"ax",%progbits
 161              		.align	2
 162              		.code	16
 163              		.thumb_func
 164              		.type	ClockSetup, %function
 165              	ClockSetup:
 166              	.LFB6:
 212:Generated_Source\PSoC4/cyfitter_cfg.c **** 
 167              		.loc 1 212 0
 168              		.cfi_startproc
 169              		@ args = 0, pretend = 0, frame = 0
 170              		@ frame_needed = 0, uses_anonymous_args = 0
 171 0000 70B5     		push	{r4, r5, r6, lr}
ARM GAS  C:\Users\Jimmy\AppData\Local\Temp\ccaoCE6V.s 			page 9


 172              		.cfi_def_cfa_offset 16
 173              		.cfi_offset 4, -16
 174              		.cfi_offset 5, -12
 175              		.cfi_offset 6, -8
 176              		.cfi_offset 14, -4
 215:Generated_Source\PSoC4/cyfitter_cfg.c **** 	/* Setup and trim IMO based on desired frequency. */
 177              		.loc 1 215 0
 178 0002 1D4D     		ldr	r5, .L11
 179 0004 1223     		movs	r3, #18
 180 0006 2B60     		str	r3, [r5]
 217:Generated_Source\PSoC4/cyfitter_cfg.c **** 	/* CYDEV_CLK_ILO_CONFIG Starting address: CYDEV_CLK_ILO_CONFIG */
 181              		.loc 1 217 0
 182 0008 1820     		movs	r0, #24
 183 000a FFF7FEFF 		bl	CySysClkWriteImoFreq
 184              	.LVL15:
 219:Generated_Source\PSoC4/cyfitter_cfg.c **** 
 185              		.loc 1 219 0
 186 000e 1B4A     		ldr	r2, .L11+4
 187 0010 1B4B     		ldr	r3, .L11+8
 188 0012 1A60     		str	r2, [r3]
 223:Generated_Source\PSoC4/cyfitter_cfg.c **** 	CY_SET_REG32((void *)(CYREG_BLE_BLERD_BB_XO_CAPTRIM), 0x00003E2Du);
 189              		.loc 1 223 0
 190 0014 1B4A     		ldr	r2, .L11+12
 191 0016 1168     		ldr	r1, [r2]
 192 0018 0223     		movs	r3, #2
 193 001a 0B43     		orrs	r3, r1
 194 001c 1360     		str	r3, [r2]
 224:Generated_Source\PSoC4/cyfitter_cfg.c **** 	/*Set XTAL(ECO) divider*/
 195              		.loc 1 224 0
 196 001e 1A4A     		ldr	r2, .L11+16
 197 0020 1A4B     		ldr	r3, .L11+20
 198 0022 1A60     		str	r2, [r3]
 226:Generated_Source\PSoC4/cyfitter_cfg.c **** 	/* Disable Crystal Stable Interrupt before enabling ECO */
 199              		.loc 1 226 0
 200 0024 0024     		movs	r4, #0
 201 0026 1A4B     		ldr	r3, .L11+24
 202 0028 1C60     		str	r4, [r3]
 228:Generated_Source\PSoC4/cyfitter_cfg.c **** 	/* Start the ECO and do not check status since it is not needed for HFCLK */
 203              		.loc 1 228 0
 204 002a 1A4A     		ldr	r2, .L11+28
 205 002c 1368     		ldr	r3, [r2]
 206 002e 0821     		movs	r1, #8
 207 0030 8B43     		bics	r3, r1
 208 0032 1360     		str	r3, [r2]
 230:Generated_Source\PSoC4/cyfitter_cfg.c **** 	CyDelayUs(1500u); /* Wait to stabilize */
 209              		.loc 1 230 0
 210 0034 FA20     		movs	r0, #250
 211 0036 C000     		lsls	r0, r0, #3
 212 0038 FFF7FEFF 		bl	CySysClkEcoStart
 213              	.LVL16:
 231:Generated_Source\PSoC4/cyfitter_cfg.c **** 
 214              		.loc 1 231 0
 215 003c 1648     		ldr	r0, .L11+32
 216 003e FFF7FEFF 		bl	CyDelayUs
 217              	.LVL17:
 234:Generated_Source\PSoC4/cyfitter_cfg.c **** 	CY_SET_REG32((void *)CYREG_PERI_DIV_CMD, 0x8000FF40u);
 218              		.loc 1 234 0
ARM GAS  C:\Users\Jimmy\AppData\Local\Temp\ccaoCE6V.s 			page 10


 219 0042 164A     		ldr	r2, .L11+36
 220 0044 164B     		ldr	r3, .L11+40
 221 0046 1A60     		str	r2, [r3]
 235:Generated_Source\PSoC4/cyfitter_cfg.c **** 
 222              		.loc 1 235 0
 223 0048 164A     		ldr	r2, .L11+44
 224 004a 174B     		ldr	r3, .L11+48
 225 004c 1A60     		str	r2, [r3]
 238:Generated_Source\PSoC4/cyfitter_cfg.c **** 
 226              		.loc 1 238 0
 227 004e 8022     		movs	r2, #128
 228 0050 1206     		lsls	r2, r2, #24
 229 0052 164B     		ldr	r3, .L11+52
 230 0054 1A60     		str	r2, [r3]
 241:Generated_Source\PSoC4/cyfitter_cfg.c **** 
 231              		.loc 1 241 0
 232 0056 164B     		ldr	r3, .L11+56
 233 0058 1C60     		str	r4, [r3]
 244:Generated_Source\PSoC4/cyfitter_cfg.c **** 
 234              		.loc 1 244 0
 235 005a 4022     		movs	r2, #64
 236 005c 154B     		ldr	r3, .L11+60
 237 005e 1A60     		str	r2, [r3]
 246:Generated_Source\PSoC4/cyfitter_cfg.c **** 	CyIntEnable(8u);
 238              		.loc 1 246 0
 239 0060 1549     		ldr	r1, .L11+64
 240 0062 0820     		movs	r0, #8
 241 0064 FFF7FEFF 		bl	CyIntSetVector
 242              	.LVL18:
 247:Generated_Source\PSoC4/cyfitter_cfg.c **** 	CY_SET_REG32((void *)(CYREG_WDT_CONFIG), 0x00000000u);
 243              		.loc 1 247 0
 244 0068 0820     		movs	r0, #8
 245 006a FFF7FEFF 		bl	CyIntEnable
 246              	.LVL19:
 248:Generated_Source\PSoC4/cyfitter_cfg.c **** 	/* Set Flash Cycles based on newly configured 24.00MHz HFCLK. */
 247              		.loc 1 248 0
 248 006e 134B     		ldr	r3, .L11+68
 249 0070 1C60     		str	r4, [r3]
 250:Generated_Source\PSoC4/cyfitter_cfg.c **** }
 250              		.loc 1 250 0
 251 0072 1123     		movs	r3, #17
 252 0074 2B60     		str	r3, [r5]
 251:Generated_Source\PSoC4/cyfitter_cfg.c **** 
 253              		.loc 1 251 0
 254              		@ sp needed
 255 0076 70BD     		pop	{r4, r5, r6, pc}
 256              	.L12:
 257              		.align	2
 258              	.L11:
 259 0078 30001040 		.word	1074790448
 260 007c 06000080 		.word	-2147483642
 261 0080 04010B40 		.word	1074462980
 262 0084 78002E40 		.word	1076756600
 263 0088 2D3E0000 		.word	15917
 264 008c 7C002E40 		.word	1076756604
 265 0090 64F02E40 		.word	1076818020
 266 0094 6CF02E40 		.word	1076818028
ARM GAS  C:\Users\Jimmy\AppData\Local\Temp\ccaoCE6V.s 			page 11


 267 0098 DC050000 		.word	1500
 268 009c 00DB0200 		.word	187136
 269 00a0 00030140 		.word	1073808128
 270 00a4 40FF0080 		.word	-2147418304
 271 00a8 00000140 		.word	1073807360
 272 00ac 08010B40 		.word	1074462984
 273 00b0 00010B40 		.word	1074462976
 274 00b4 1C010140 		.word	1073807644
 275 00b8 00000000 		.word	CySysWdtIsr
 276 00bc 0C020B40 		.word	1074463244
 277              		.cfi_endproc
 278              	.LFE6:
 279              		.size	ClockSetup, .-ClockSetup
 280              		.align	2
 281              		.global	cyfitter_cfg
 282              		.code	16
 283              		.thumb_func
 284              		.type	cyfitter_cfg, %function
 285              	cyfitter_cfg:
 286              	.LFB8:
 279:Generated_Source\PSoC4/cyfitter_cfg.c **** 
 280:Generated_Source\PSoC4/cyfitter_cfg.c **** 
 281:Generated_Source\PSoC4/cyfitter_cfg.c **** 
 282:Generated_Source\PSoC4/cyfitter_cfg.c **** 
 283:Generated_Source\PSoC4/cyfitter_cfg.c **** /*******************************************************************************
 284:Generated_Source\PSoC4/cyfitter_cfg.c **** * Function Name: cyfitter_cfg
 285:Generated_Source\PSoC4/cyfitter_cfg.c **** ********************************************************************************
 286:Generated_Source\PSoC4/cyfitter_cfg.c **** * Summary:
 287:Generated_Source\PSoC4/cyfitter_cfg.c **** *  This function is called by the start-up code for the selected device. It
 288:Generated_Source\PSoC4/cyfitter_cfg.c **** *  performs all of the necessary device configuration based on the design
 289:Generated_Source\PSoC4/cyfitter_cfg.c **** *  settings.  This includes settings from the Design Wide Resources (DWR) such
 290:Generated_Source\PSoC4/cyfitter_cfg.c **** *  as Clocks and Pins as well as any component configuration that is necessary.
 291:Generated_Source\PSoC4/cyfitter_cfg.c **** *
 292:Generated_Source\PSoC4/cyfitter_cfg.c **** * Parameters:
 293:Generated_Source\PSoC4/cyfitter_cfg.c **** *   void
 294:Generated_Source\PSoC4/cyfitter_cfg.c **** *
 295:Generated_Source\PSoC4/cyfitter_cfg.c **** * Return:
 296:Generated_Source\PSoC4/cyfitter_cfg.c **** *   void
 297:Generated_Source\PSoC4/cyfitter_cfg.c **** *
 298:Generated_Source\PSoC4/cyfitter_cfg.c **** *******************************************************************************/
 299:Generated_Source\PSoC4/cyfitter_cfg.c **** CY_CFG_SECTION
 300:Generated_Source\PSoC4/cyfitter_cfg.c **** void cyfitter_cfg(void)
 301:Generated_Source\PSoC4/cyfitter_cfg.c **** {
 287              		.loc 1 301 0
 288              		.cfi_startproc
 289              		@ args = 0, pretend = 0, frame = 0
 290              		@ frame_needed = 0, uses_anonymous_args = 0
 291 00c0 10B5     		push	{r4, lr}
 292              		.cfi_def_cfa_offset 8
 293              		.cfi_offset 4, -8
 294              		.cfi_offset 14, -4
 302:Generated_Source\PSoC4/cyfitter_cfg.c **** 	/* Disable interrupts by default. Let user enable if/when they want. */
 303:Generated_Source\PSoC4/cyfitter_cfg.c **** 	CyGlobalIntDisable;
 295              		.loc 1 303 0
 296              		.syntax divided
 297              	@ 303 "Generated_Source\PSoC4\cyfitter_cfg.c" 1
 298 00c2 72B6     		CPSID   i
ARM GAS  C:\Users\Jimmy\AppData\Local\Temp\ccaoCE6V.s 			page 12


 299              	@ 0 "" 2
 304:Generated_Source\PSoC4/cyfitter_cfg.c **** 
 305:Generated_Source\PSoC4/cyfitter_cfg.c **** 	CY_SET_REG32((void *)(CYREG_BLE_BLESS_LL_DSM_CTRL), 0x00000000u);
 300              		.loc 1 305 0
 301              		.thumb
 302              		.syntax unified
 303 00c4 0022     		movs	r2, #0
 304 00c6 254B     		ldr	r3, .L16
 305 00c8 1A60     		str	r2, [r3]
 306              	.LVL20:
 307              	.LBB3:
 306:Generated_Source\PSoC4/cyfitter_cfg.c **** 
 307:Generated_Source\PSoC4/cyfitter_cfg.c **** 	{
 308:Generated_Source\PSoC4/cyfitter_cfg.c **** 		static const uint32 CYCODE cy_cfg_addr_table[] = {
 309:Generated_Source\PSoC4/cyfitter_cfg.c **** 			0x400F3101u, /* Base address: 0x400F3100 Count: 1 */
 310:Generated_Source\PSoC4/cyfitter_cfg.c **** 			0x400F4004u, /* Base address: 0x400F4000 Count: 4 */
 311:Generated_Source\PSoC4/cyfitter_cfg.c **** 			0x400F4203u, /* Base address: 0x400F4200 Count: 3 */
 312:Generated_Source\PSoC4/cyfitter_cfg.c **** 		};
 313:Generated_Source\PSoC4/cyfitter_cfg.c **** 
 314:Generated_Source\PSoC4/cyfitter_cfg.c **** 		static const cy_cfg_addrvalue_t CYCODE cy_cfg_data_table[] = {
 315:Generated_Source\PSoC4/cyfitter_cfg.c **** 			{0xE2u, 0x04u},
 316:Generated_Source\PSoC4/cyfitter_cfg.c **** 			{0x63u, 0x80u},
 317:Generated_Source\PSoC4/cyfitter_cfg.c **** 			{0x83u, 0x40u},
 318:Generated_Source\PSoC4/cyfitter_cfg.c **** 			{0xD8u, 0x40u},
 319:Generated_Source\PSoC4/cyfitter_cfg.c **** 			{0xE2u, 0x20u},
 320:Generated_Source\PSoC4/cyfitter_cfg.c **** 			{0x25u, 0x04u},
 321:Generated_Source\PSoC4/cyfitter_cfg.c **** 			{0x81u, 0x04u},
 322:Generated_Source\PSoC4/cyfitter_cfg.c **** 			{0xC8u, 0x01u},
 323:Generated_Source\PSoC4/cyfitter_cfg.c **** 		};
 324:Generated_Source\PSoC4/cyfitter_cfg.c **** 
 325:Generated_Source\PSoC4/cyfitter_cfg.c **** 
 326:Generated_Source\PSoC4/cyfitter_cfg.c **** 
 327:Generated_Source\PSoC4/cyfitter_cfg.c **** 		CYPACKED typedef struct {
 328:Generated_Source\PSoC4/cyfitter_cfg.c **** 			void CYFAR *address;
 329:Generated_Source\PSoC4/cyfitter_cfg.c **** 			uint16 size;
 330:Generated_Source\PSoC4/cyfitter_cfg.c **** 		} CYPACKED_ATTR cfg_memset_t;
 331:Generated_Source\PSoC4/cyfitter_cfg.c **** 
 332:Generated_Source\PSoC4/cyfitter_cfg.c **** 		static const cfg_memset_t CYCODE cfg_memset_list[] = {
 333:Generated_Source\PSoC4/cyfitter_cfg.c **** 			/* address, size */
 334:Generated_Source\PSoC4/cyfitter_cfg.c **** 			{(void CYFAR *)(CYDEV_UDB_P0_U0_BASE), 1024u},
 335:Generated_Source\PSoC4/cyfitter_cfg.c **** 			{(void CYFAR *)(CYDEV_UDB_DSI0_BASE), 1024u},
 336:Generated_Source\PSoC4/cyfitter_cfg.c **** 		};
 337:Generated_Source\PSoC4/cyfitter_cfg.c **** 
 338:Generated_Source\PSoC4/cyfitter_cfg.c **** 		uint8 CYDATA i;
 339:Generated_Source\PSoC4/cyfitter_cfg.c **** 
 340:Generated_Source\PSoC4/cyfitter_cfg.c **** 		/* Zero out critical memory blocks before beginning configuration */
 341:Generated_Source\PSoC4/cyfitter_cfg.c **** 		for (i = 0u; i < (sizeof(cfg_memset_list)/sizeof(cfg_memset_list[0])); i++)
 308              		.loc 1 341 0
 309 00ca 0024     		movs	r4, #0
 310 00cc 0FE0     		b	.L14
 311              	.LVL21:
 312              	.L15:
 313              	.LBB4:
 342:Generated_Source\PSoC4/cyfitter_cfg.c **** 		{
 343:Generated_Source\PSoC4/cyfitter_cfg.c **** 			const cfg_memset_t CYCODE * CYDATA ms = &cfg_memset_list[i];
 344:Generated_Source\PSoC4/cyfitter_cfg.c **** 			CYMEMZERO(ms->address, (size_t)(uint32)(ms->size));
 314              		.loc 1 344 0 discriminator 3
ARM GAS  C:\Users\Jimmy\AppData\Local\Temp\ccaoCE6V.s 			page 13


 315 00ce 2448     		ldr	r0, .L16+4
 316 00d0 6200     		lsls	r2, r4, #1
 317 00d2 1319     		adds	r3, r2, r4
 318 00d4 5900     		lsls	r1, r3, #1
 319 00d6 0B00     		movs	r3, r1
 320 00d8 4118     		adds	r1, r0, r1
 321 00da 8988     		ldrh	r1, [r1, #4]
 322 00dc 1A5A     		ldrh	r2, [r3, r0]
 323 00de C318     		adds	r3, r0, r3
 324 00e0 5888     		ldrh	r0, [r3, #2]
 325 00e2 0004     		lsls	r0, r0, #16
 326 00e4 1043     		orrs	r0, r2
 327 00e6 FFF7FEFF 		bl	CYMEMZERO
 328              	.LVL22:
 329              	.LBE4:
 341:Generated_Source\PSoC4/cyfitter_cfg.c **** 		{
 330              		.loc 1 341 0 discriminator 3
 331 00ea 0134     		adds	r4, r4, #1
 332              	.LVL23:
 333 00ec E4B2     		uxtb	r4, r4
 334              	.LVL24:
 335              	.L14:
 341:Generated_Source\PSoC4/cyfitter_cfg.c **** 		{
 336              		.loc 1 341 0 is_stmt 0 discriminator 1
 337 00ee 012C     		cmp	r4, #1
 338 00f0 EDD9     		bls	.L15
 345:Generated_Source\PSoC4/cyfitter_cfg.c **** 		}
 346:Generated_Source\PSoC4/cyfitter_cfg.c **** 
 347:Generated_Source\PSoC4/cyfitter_cfg.c **** 		cfg_write_bytes32(cy_cfg_addr_table, cy_cfg_data_table);
 339              		.loc 1 347 0 is_stmt 1
 340 00f2 1B48     		ldr	r0, .L16+4
 341 00f4 0100     		movs	r1, r0
 342 00f6 0C31     		adds	r1, r1, #12
 343 00f8 1C30     		adds	r0, r0, #28
 344 00fa FFF7FEFF 		bl	cfg_write_bytes32
 345              	.LVL25:
 348:Generated_Source\PSoC4/cyfitter_cfg.c **** 
 349:Generated_Source\PSoC4/cyfitter_cfg.c **** 		/* HSIOM Starting address: CYDEV_HSIOM_BASE */
 350:Generated_Source\PSoC4/cyfitter_cfg.c **** 		CY_SET_REG32((void *)(CYDEV_HSIOM_BASE), 0xEE030000u);
 346              		.loc 1 350 0
 347 00fe 194A     		ldr	r2, .L16+8
 348 0100 194B     		ldr	r3, .L16+12
 349 0102 1A60     		str	r2, [r3]
 351:Generated_Source\PSoC4/cyfitter_cfg.c **** 
 352:Generated_Source\PSoC4/cyfitter_cfg.c **** 		/* UDB_PA_0 Starting address: CYDEV_UDB_PA0_BASE */
 353:Generated_Source\PSoC4/cyfitter_cfg.c **** 		CY_SET_REG32((void *)(CYDEV_UDB_PA0_BASE), 0x00990000u);
 350              		.loc 1 353 0
 351 0104 9923     		movs	r3, #153
 352 0106 1B04     		lsls	r3, r3, #16
 353 0108 184A     		ldr	r2, .L16+16
 354 010a 1360     		str	r3, [r2]
 354:Generated_Source\PSoC4/cyfitter_cfg.c **** 		CY_SET_REG32((void *)(CYREG_UDB_PA0_CFG8), 0x02000000u);
 355              		.loc 1 354 0
 356 010c 8021     		movs	r1, #128
 357 010e 8904     		lsls	r1, r1, #18
 358 0110 174A     		ldr	r2, .L16+20
 359 0112 1160     		str	r1, [r2]
ARM GAS  C:\Users\Jimmy\AppData\Local\Temp\ccaoCE6V.s 			page 14


 355:Generated_Source\PSoC4/cyfitter_cfg.c **** 
 356:Generated_Source\PSoC4/cyfitter_cfg.c **** 		/* UDB_PA_1 Starting address: CYDEV_UDB_PA1_BASE */
 357:Generated_Source\PSoC4/cyfitter_cfg.c **** 		CY_SET_REG32((void *)(CYDEV_UDB_PA1_BASE), 0x00990000u);
 360              		.loc 1 357 0
 361 0114 174A     		ldr	r2, .L16+24
 362 0116 1360     		str	r3, [r2]
 358:Generated_Source\PSoC4/cyfitter_cfg.c **** 
 359:Generated_Source\PSoC4/cyfitter_cfg.c **** 		/* UDB_PA_3 Starting address: CYDEV_UDB_PA3_BASE */
 360:Generated_Source\PSoC4/cyfitter_cfg.c **** 		CY_SET_REG32((void *)(CYDEV_UDB_PA3_BASE), 0x00990000u);
 363              		.loc 1 360 0
 364 0118 174A     		ldr	r2, .L16+28
 365 011a 1360     		str	r3, [r2]
 361:Generated_Source\PSoC4/cyfitter_cfg.c **** 
 362:Generated_Source\PSoC4/cyfitter_cfg.c **** 		/* Enable digital routing */
 363:Generated_Source\PSoC4/cyfitter_cfg.c **** 		CY_SET_XTND_REG8((void *)CYREG_UDB_UDBIF_BANK_CTL, (uint8)(CY_GET_XTND_REG8((void *)CYREG_UDB_UDB
 366              		.loc 1 363 0
 367 011c 174A     		ldr	r2, .L16+32
 368 011e 1178     		ldrb	r1, [r2]
 369 0120 0623     		movs	r3, #6
 370 0122 0B43     		orrs	r3, r1
 371 0124 DBB2     		uxtb	r3, r3
 372 0126 1370     		strb	r3, [r2]
 373              	.LBE3:
 364:Generated_Source\PSoC4/cyfitter_cfg.c **** 	}
 365:Generated_Source\PSoC4/cyfitter_cfg.c **** 
 366:Generated_Source\PSoC4/cyfitter_cfg.c **** 	/* Perform second pass device configuration. These items must be configured in specific order afte
 367:Generated_Source\PSoC4/cyfitter_cfg.c **** 	/* IOPINS0_0 Starting address: CYDEV_GPIO_PRT0_BASE */
 368:Generated_Source\PSoC4/cyfitter_cfg.c **** 	CY_SET_REG32((void *)(CYDEV_GPIO_PRT0_BASE), 0x00000010u);
 374              		.loc 1 368 0
 375 0128 1022     		movs	r2, #16
 376 012a 154B     		ldr	r3, .L16+36
 377 012c 1A60     		str	r2, [r3]
 369:Generated_Source\PSoC4/cyfitter_cfg.c **** 	CY_SET_REG32((void *)(CYREG_GPIO_PRT0_PC), 0x00D80000u);
 378              		.loc 1 369 0
 379 012e D822     		movs	r2, #216
 380 0130 1204     		lsls	r2, r2, #16
 381 0132 144B     		ldr	r3, .L16+40
 382 0134 1A60     		str	r2, [r3]
 370:Generated_Source\PSoC4/cyfitter_cfg.c **** 
 371:Generated_Source\PSoC4/cyfitter_cfg.c **** 	/* IOPINS0_1 Starting address: CYDEV_GPIO_PRT1_BASE */
 372:Generated_Source\PSoC4/cyfitter_cfg.c **** 	CY_SET_REG32((void *)(CYDEV_GPIO_PRT1_BASE), 0x00000001u);
 383              		.loc 1 372 0
 384 0136 0122     		movs	r2, #1
 385 0138 134B     		ldr	r3, .L16+44
 386 013a 1A60     		str	r2, [r3]
 373:Generated_Source\PSoC4/cyfitter_cfg.c **** 	CY_SET_REG32((void *)(CYREG_GPIO_PRT1_PC), 0x00000002u);
 387              		.loc 1 373 0
 388 013c 0132     		adds	r2, r2, #1
 389 013e 134B     		ldr	r3, .L16+48
 390 0140 1A60     		str	r2, [r3]
 374:Generated_Source\PSoC4/cyfitter_cfg.c **** 
 375:Generated_Source\PSoC4/cyfitter_cfg.c **** 	/* IOPINS0_3 Starting address: CYDEV_GPIO_PRT3_BASE */
 376:Generated_Source\PSoC4/cyfitter_cfg.c **** 	CY_SET_REG32((void *)(CYDEV_GPIO_PRT3_BASE), 0x000000E0u);
 391              		.loc 1 376 0
 392 0142 DE32     		adds	r2, r2, #222
 393 0144 124B     		ldr	r3, .L16+52
 394 0146 1A60     		str	r2, [r3]
ARM GAS  C:\Users\Jimmy\AppData\Local\Temp\ccaoCE6V.s 			page 15


 377:Generated_Source\PSoC4/cyfitter_cfg.c **** 	CY_SET_REG32((void *)(CYREG_GPIO_PRT3_PC), 0x00DB0000u);
 395              		.loc 1 377 0
 396 0148 DB22     		movs	r2, #219
 397 014a 1204     		lsls	r2, r2, #16
 398 014c 114B     		ldr	r3, .L16+56
 399 014e 1A60     		str	r2, [r3]
 378:Generated_Source\PSoC4/cyfitter_cfg.c **** 
 379:Generated_Source\PSoC4/cyfitter_cfg.c **** 
 380:Generated_Source\PSoC4/cyfitter_cfg.c **** 	/* Setup clocks based on selections from Clock DWR */
 381:Generated_Source\PSoC4/cyfitter_cfg.c **** 	ClockSetup();
 400              		.loc 1 381 0
 401 0150 FFF756FF 		bl	ClockSetup
 402              	.LVL26:
 382:Generated_Source\PSoC4/cyfitter_cfg.c **** 
 383:Generated_Source\PSoC4/cyfitter_cfg.c **** 	/* Perform basic analog initialization to defaults */
 384:Generated_Source\PSoC4/cyfitter_cfg.c **** 	AnalogSetDefault();
 403              		.loc 1 384 0
 404 0154 FFF7FEFF 		bl	AnalogSetDefault
 405              	.LVL27:
 385:Generated_Source\PSoC4/cyfitter_cfg.c **** 
 386:Generated_Source\PSoC4/cyfitter_cfg.c **** }
 406              		.loc 1 386 0
 407              		@ sp needed
 408              	.LVL28:
 409 0158 10BD     		pop	{r4, pc}
 410              	.L17:
 411 015a C046     		.align	2
 412              	.L16:
 413 015c 6CF02E40 		.word	1076818028
 414 0160 00000000 		.word	.LANCHOR0
 415 0164 000003EE 		.word	-301793280
 416 0168 00000240 		.word	1073872896
 417 016c 00500F40 		.word	1074745344
 418 0170 08500F40 		.word	1074745352
 419 0174 10500F40 		.word	1074745360
 420 0178 30500F40 		.word	1074745392
 421 017c 00700F40 		.word	1074753536
 422 0180 00000440 		.word	1074003968
 423 0184 08000440 		.word	1074003976
 424 0188 00010440 		.word	1074004224
 425 018c 08010440 		.word	1074004232
 426 0190 00030440 		.word	1074004736
 427 0194 08030440 		.word	1074004744
 428              		.cfi_endproc
 429              	.LFE8:
 430              		.size	cyfitter_cfg, .-cyfitter_cfg
 431              		.section	.rodata
 432              		.align	2
 433              		.set	.LANCHOR0,. + 0
 434              		.type	cfg_memset_list.4916, %object
 435              		.size	cfg_memset_list.4916, 12
 436              	cfg_memset_list.4916:
 437 0000 00300F40 		.word	1074737152
 438 0004 0004     		.short	1024
 439 0006 00400F40 		.4byte	1074741248
 440 000a 0004     		.short	1024
 441              		.type	cy_cfg_data_table.4911, %object
ARM GAS  C:\Users\Jimmy\AppData\Local\Temp\ccaoCE6V.s 			page 16


 442              		.size	cy_cfg_data_table.4911, 16
 443              	cy_cfg_data_table.4911:
 444 000c E2       		.byte	-30
 445 000d 04       		.byte	4
 446 000e 63       		.byte	99
 447 000f 80       		.byte	-128
 448 0010 83       		.byte	-125
 449 0011 40       		.byte	64
 450 0012 D8       		.byte	-40
 451 0013 40       		.byte	64
 452 0014 E2       		.byte	-30
 453 0015 20       		.byte	32
 454 0016 25       		.byte	37
 455 0017 04       		.byte	4
 456 0018 81       		.byte	-127
 457 0019 04       		.byte	4
 458 001a C8       		.byte	-56
 459 001b 01       		.byte	1
 460              		.type	cy_cfg_addr_table.4910, %object
 461              		.size	cy_cfg_addr_table.4910, 12
 462              	cy_cfg_addr_table.4910:
 463 001c 01310F40 		.word	1074737409
 464 0020 04400F40 		.word	1074741252
 465 0024 03420F40 		.word	1074741763
 466              		.text
 467              	.Letext0:
 468              		.file 2 "c:\\program files\\cypress\\psoc creator\\4.2\\psoc creator\\import\\gnu\\arm\\5.4.1\\lib
 469              		.file 3 "Generated_Source\\PSoC4\\cytypes.h"
 470              		.file 4 "Generated_Source\\PSoC4\\CyLib.h"
 471              		.section	.debug_info,"",%progbits
 472              	.Ldebug_info0:
 473 0000 F7030000 		.4byte	0x3f7
 474 0004 0400     		.2byte	0x4
 475 0006 00000000 		.4byte	.Ldebug_abbrev0
 476 000a 04       		.byte	0x4
 477 000b 01       		.uleb128 0x1
 478 000c 79010000 		.4byte	.LASF41
 479 0010 0C       		.byte	0xc
 480 0011 CD020000 		.4byte	.LASF42
 481 0015 D8000000 		.4byte	.LASF43
 482 0019 00000000 		.4byte	.Ldebug_ranges0+0
 483 001d 00000000 		.4byte	0
 484 0021 00000000 		.4byte	.Ldebug_line0
 485 0025 02       		.uleb128 0x2
 486 0026 04       		.byte	0x4
 487 0027 05       		.byte	0x5
 488 0028 696E7400 		.ascii	"int\000"
 489 002c 03       		.uleb128 0x3
 490 002d 06000000 		.4byte	.LASF12
 491 0031 02       		.byte	0x2
 492 0032 D8       		.byte	0xd8
 493 0033 37000000 		.4byte	0x37
 494 0037 04       		.uleb128 0x4
 495 0038 04       		.byte	0x4
 496 0039 07       		.byte	0x7
 497 003a 40010000 		.4byte	.LASF0
 498 003e 04       		.uleb128 0x4
ARM GAS  C:\Users\Jimmy\AppData\Local\Temp\ccaoCE6V.s 			page 17


 499 003f 08       		.byte	0x8
 500 0040 05       		.byte	0x5
 501 0041 39020000 		.4byte	.LASF1
 502 0045 04       		.uleb128 0x4
 503 0046 08       		.byte	0x8
 504 0047 04       		.byte	0x4
 505 0048 A9020000 		.4byte	.LASF2
 506 004c 04       		.uleb128 0x4
 507 004d 01       		.byte	0x1
 508 004e 06       		.byte	0x6
 509 004f C1020000 		.4byte	.LASF3
 510 0053 04       		.uleb128 0x4
 511 0054 01       		.byte	0x1
 512 0055 08       		.byte	0x8
 513 0056 AA000000 		.4byte	.LASF4
 514 005a 04       		.uleb128 0x4
 515 005b 02       		.byte	0x2
 516 005c 05       		.byte	0x5
 517 005d 81020000 		.4byte	.LASF5
 518 0061 04       		.uleb128 0x4
 519 0062 02       		.byte	0x2
 520 0063 07       		.byte	0x7
 521 0064 26020000 		.4byte	.LASF6
 522 0068 04       		.uleb128 0x4
 523 0069 04       		.byte	0x4
 524 006a 05       		.byte	0x5
 525 006b A0020000 		.4byte	.LASF7
 526 006f 04       		.uleb128 0x4
 527 0070 04       		.byte	0x4
 528 0071 07       		.byte	0x7
 529 0072 88000000 		.4byte	.LASF8
 530 0076 04       		.uleb128 0x4
 531 0077 08       		.byte	0x8
 532 0078 07       		.byte	0x7
 533 0079 62010000 		.4byte	.LASF9
 534 007d 04       		.uleb128 0x4
 535 007e 04       		.byte	0x4
 536 007f 07       		.byte	0x7
 537 0080 1D020000 		.4byte	.LASF10
 538 0084 05       		.uleb128 0x5
 539 0085 04       		.byte	0x4
 540 0086 04       		.uleb128 0x4
 541 0087 01       		.byte	0x1
 542 0088 08       		.byte	0x8
 543 0089 51020000 		.4byte	.LASF11
 544 008d 06       		.uleb128 0x6
 545 008e 9A000000 		.4byte	.LASF13
 546 0092 03       		.byte	0x3
 547 0093 E401     		.2byte	0x1e4
 548 0095 53000000 		.4byte	0x53
 549 0099 06       		.uleb128 0x6
 550 009a 27010000 		.4byte	.LASF14
 551 009e 03       		.byte	0x3
 552 009f E501     		.2byte	0x1e5
 553 00a1 61000000 		.4byte	0x61
 554 00a5 06       		.uleb128 0x6
 555 00a6 39010000 		.4byte	.LASF15
ARM GAS  C:\Users\Jimmy\AppData\Local\Temp\ccaoCE6V.s 			page 18


 556 00aa 03       		.byte	0x3
 557 00ab E601     		.2byte	0x1e6
 558 00ad 6F000000 		.4byte	0x6f
 559 00b1 04       		.uleb128 0x4
 560 00b2 04       		.byte	0x4
 561 00b3 04       		.byte	0x4
 562 00b4 68000000 		.4byte	.LASF16
 563 00b8 04       		.uleb128 0x4
 564 00b9 08       		.byte	0x8
 565 00ba 04       		.byte	0x4
 566 00bb BF000000 		.4byte	.LASF17
 567 00bf 06       		.uleb128 0x6
 568 00c0 83000000 		.4byte	.LASF18
 569 00c4 03       		.byte	0x3
 570 00c5 8E02     		.2byte	0x28e
 571 00c7 CB000000 		.4byte	0xcb
 572 00cb 07       		.uleb128 0x7
 573 00cc 8D000000 		.4byte	0x8d
 574 00d0 06       		.uleb128 0x6
 575 00d1 00000000 		.4byte	.LASF19
 576 00d5 03       		.byte	0x3
 577 00d6 9002     		.2byte	0x290
 578 00d8 DC000000 		.4byte	0xdc
 579 00dc 07       		.uleb128 0x7
 580 00dd A5000000 		.4byte	0xa5
 581 00e1 08       		.uleb128 0x8
 582 00e2 02       		.byte	0x2
 583 00e3 01       		.byte	0x1
 584 00e4 97       		.byte	0x97
 585 00e5 02010000 		.4byte	0x102
 586 00e9 09       		.uleb128 0x9
 587 00ea 7A020000 		.4byte	.LASF20
 588 00ee 01       		.byte	0x1
 589 00ef 99       		.byte	0x99
 590 00f0 8D000000 		.4byte	0x8d
 591 00f4 00       		.byte	0
 592 00f5 09       		.uleb128 0x9
 593 00f6 2D000000 		.4byte	.LASF21
 594 00fa 01       		.byte	0x1
 595 00fb 9A       		.byte	0x9a
 596 00fc 8D000000 		.4byte	0x8d
 597 0100 01       		.byte	0x1
 598 0101 00       		.byte	0
 599 0102 03       		.uleb128 0x3
 600 0103 67020000 		.4byte	.LASF22
 601 0107 01       		.byte	0x1
 602 0108 9B       		.byte	0x9b
 603 0109 E1000000 		.4byte	0xe1
 604 010d 0A       		.uleb128 0xa
 605 010e C6000000 		.4byte	.LASF27
 606 0112 01       		.byte	0x1
 607 0113 AE       		.byte	0xae
 608 0114 00000000 		.4byte	.LFB5
 609 0118 32000000 		.4byte	.LFE5-.LFB5
 610 011c 01       		.uleb128 0x1
 611 011d 9C       		.byte	0x9c
 612 011e 7F010000 		.4byte	0x17f
ARM GAS  C:\Users\Jimmy\AppData\Local\Temp\ccaoCE6V.s 			page 19


 613 0122 0B       		.uleb128 0xb
 614 0123 1C010000 		.4byte	.LASF23
 615 0127 01       		.byte	0x1
 616 0128 AE       		.byte	0xae
 617 0129 7F010000 		.4byte	0x17f
 618 012d 01       		.uleb128 0x1
 619 012e 50       		.byte	0x50
 620 012f 0B       		.uleb128 0xb
 621 0130 2E010000 		.4byte	.LASF24
 622 0134 01       		.byte	0x1
 623 0135 AE       		.byte	0xae
 624 0136 8A010000 		.4byte	0x18a
 625 013a 01       		.uleb128 0x1
 626 013b 51       		.byte	0x51
 627 013c 0C       		.uleb128 0xc
 628 013d 6900     		.ascii	"i\000"
 629 013f 01       		.byte	0x1
 630 0140 B1       		.byte	0xb1
 631 0141 A5000000 		.4byte	0xa5
 632 0145 00000000 		.4byte	.LLST0
 633 0149 0C       		.uleb128 0xc
 634 014a 6A00     		.ascii	"j\000"
 635 014c 01       		.byte	0x1
 636 014d B1       		.byte	0xb1
 637 014e A5000000 		.4byte	0xa5
 638 0152 1F000000 		.4byte	.LLST1
 639 0156 0D       		.uleb128 0xd
 640 0157 08000000 		.4byte	.LBB2
 641 015b 22000000 		.4byte	.LBE2-.LBB2
 642 015f 0E       		.uleb128 0xe
 643 0160 14020000 		.4byte	.LASF25
 644 0164 01       		.byte	0x1
 645 0165 B4       		.byte	0xb4
 646 0166 A5000000 		.4byte	0xa5
 647 016a 3E000000 		.4byte	.LLST2
 648 016e 0E       		.uleb128 0xe
 649 016f 33000000 		.4byte	.LASF26
 650 0173 01       		.byte	0x1
 651 0174 B5       		.byte	0xb5
 652 0175 8D000000 		.4byte	0x8d
 653 0179 51000000 		.4byte	.LLST3
 654 017d 00       		.byte	0
 655 017e 00       		.byte	0
 656 017f 0F       		.uleb128 0xf
 657 0180 04       		.byte	0x4
 658 0181 85010000 		.4byte	0x185
 659 0185 10       		.uleb128 0x10
 660 0186 A5000000 		.4byte	0xa5
 661 018a 0F       		.uleb128 0xf
 662 018b 04       		.byte	0x4
 663 018c 90010000 		.4byte	0x190
 664 0190 10       		.uleb128 0x10
 665 0191 02010000 		.4byte	0x102
 666 0195 11       		.uleb128 0x11
 667 0196 0D000000 		.4byte	.LASF44
 668 019a 01       		.byte	0x1
 669 019b 1101     		.2byte	0x111
ARM GAS  C:\Users\Jimmy\AppData\Local\Temp\ccaoCE6V.s 			page 20


 670 019d 00000000 		.4byte	.LFB7
 671 01a1 20000000 		.4byte	.LFE7-.LFB7
 672 01a5 01       		.uleb128 0x1
 673 01a6 9C       		.byte	0x9c
 674 01a7 0A       		.uleb128 0xa
 675 01a8 A0000000 		.4byte	.LASF28
 676 01ac 01       		.byte	0x1
 677 01ad 4C       		.byte	0x4c
 678 01ae 00000000 		.4byte	.LFB2
 679 01b2 0C000000 		.4byte	.LFE2-.LFB2
 680 01b6 01       		.uleb128 0x1
 681 01b7 9C       		.byte	0x9c
 682 01b8 F4010000 		.4byte	0x1f4
 683 01bc 12       		.uleb128 0x12
 684 01bd 7300     		.ascii	"s\000"
 685 01bf 01       		.byte	0x1
 686 01c0 4C       		.byte	0x4c
 687 01c1 84000000 		.4byte	0x84
 688 01c5 6F000000 		.4byte	.LLST4
 689 01c9 12       		.uleb128 0x12
 690 01ca 6E00     		.ascii	"n\000"
 691 01cc 01       		.byte	0x1
 692 01cd 4C       		.byte	0x4c
 693 01ce 2C000000 		.4byte	0x2c
 694 01d2 90000000 		.4byte	.LLST5
 695 01d6 13       		.uleb128 0x13
 696 01d7 0A000000 		.4byte	.LVL14
 697 01db BA030000 		.4byte	0x3ba
 698 01df 14       		.uleb128 0x14
 699 01e0 01       		.uleb128 0x1
 700 01e1 50       		.byte	0x50
 701 01e2 03       		.uleb128 0x3
 702 01e3 F3       		.byte	0xf3
 703 01e4 01       		.uleb128 0x1
 704 01e5 50       		.byte	0x50
 705 01e6 14       		.uleb128 0x14
 706 01e7 01       		.uleb128 0x1
 707 01e8 51       		.byte	0x51
 708 01e9 01       		.uleb128 0x1
 709 01ea 30       		.byte	0x30
 710 01eb 14       		.uleb128 0x14
 711 01ec 01       		.uleb128 0x1
 712 01ed 52       		.byte	0x52
 713 01ee 03       		.uleb128 0x3
 714 01ef F3       		.byte	0xf3
 715 01f0 01       		.uleb128 0x1
 716 01f1 51       		.byte	0x51
 717 01f2 00       		.byte	0
 718 01f3 00       		.byte	0
 719 01f4 0A       		.uleb128 0xa
 720 01f5 39000000 		.4byte	.LASF29
 721 01f9 01       		.byte	0x1
 722 01fa D3       		.byte	0xd3
 723 01fb 00000000 		.4byte	.LFB6
 724 01ff C0000000 		.4byte	.LFE6-.LFB6
 725 0203 01       		.uleb128 0x1
 726 0204 9C       		.byte	0x9c
ARM GAS  C:\Users\Jimmy\AppData\Local\Temp\ccaoCE6V.s 			page 21


 727 0205 69020000 		.4byte	0x269
 728 0209 15       		.uleb128 0x15
 729 020a 0E000000 		.4byte	.LVL15
 730 020e C3030000 		.4byte	0x3c3
 731 0212 1C020000 		.4byte	0x21c
 732 0216 14       		.uleb128 0x14
 733 0217 01       		.uleb128 0x1
 734 0218 50       		.byte	0x50
 735 0219 01       		.uleb128 0x1
 736 021a 48       		.byte	0x48
 737 021b 00       		.byte	0
 738 021c 15       		.uleb128 0x15
 739 021d 3C000000 		.4byte	.LVL16
 740 0221 CE030000 		.4byte	0x3ce
 741 0225 31020000 		.4byte	0x231
 742 0229 14       		.uleb128 0x14
 743 022a 01       		.uleb128 0x1
 744 022b 50       		.byte	0x50
 745 022c 03       		.uleb128 0x3
 746 022d 0A       		.byte	0xa
 747 022e D007     		.2byte	0x7d0
 748 0230 00       		.byte	0
 749 0231 15       		.uleb128 0x15
 750 0232 42000000 		.4byte	.LVL17
 751 0236 D9030000 		.4byte	0x3d9
 752 023a 46020000 		.4byte	0x246
 753 023e 14       		.uleb128 0x14
 754 023f 01       		.uleb128 0x1
 755 0240 50       		.byte	0x50
 756 0241 03       		.uleb128 0x3
 757 0242 0A       		.byte	0xa
 758 0243 DC05     		.2byte	0x5dc
 759 0245 00       		.byte	0
 760 0246 15       		.uleb128 0x15
 761 0247 68000000 		.4byte	.LVL18
 762 024b E4030000 		.4byte	0x3e4
 763 024f 59020000 		.4byte	0x259
 764 0253 14       		.uleb128 0x14
 765 0254 01       		.uleb128 0x1
 766 0255 50       		.byte	0x50
 767 0256 01       		.uleb128 0x1
 768 0257 38       		.byte	0x38
 769 0258 00       		.byte	0
 770 0259 13       		.uleb128 0x13
 771 025a 6E000000 		.4byte	.LVL19
 772 025e EF030000 		.4byte	0x3ef
 773 0262 14       		.uleb128 0x14
 774 0263 01       		.uleb128 0x1
 775 0264 50       		.byte	0x50
 776 0265 01       		.uleb128 0x1
 777 0266 38       		.byte	0x38
 778 0267 00       		.byte	0
 779 0268 00       		.byte	0
 780 0269 16       		.uleb128 0x16
 781 026a 4D010000 		.4byte	.LASF45
 782 026e 01       		.byte	0x1
 783 026f 2C01     		.2byte	0x12c
ARM GAS  C:\Users\Jimmy\AppData\Local\Temp\ccaoCE6V.s 			page 22


 784 0271 C0000000 		.4byte	.LFB8
 785 0275 D8000000 		.4byte	.LFE8-.LFB8
 786 0279 01       		.uleb128 0x1
 787 027a 9C       		.byte	0x9c
 788 027b 90030000 		.4byte	0x390
 789 027f 17       		.uleb128 0x17
 790 0280 CA000000 		.4byte	.LBB3
 791 0284 5E000000 		.4byte	.LBE3-.LBB3
 792 0288 7D030000 		.4byte	0x37d
 793 028c 18       		.uleb128 0x18
 794 028d 44000000 		.4byte	.LASF30
 795 0291 01       		.byte	0x1
 796 0292 3401     		.2byte	0x134
 797 0294 A0030000 		.4byte	0x3a0
 798 0298 05       		.uleb128 0x5
 799 0299 03       		.byte	0x3
 800 029a 1C000000 		.4byte	cy_cfg_addr_table.4910
 801 029e 18       		.uleb128 0x18
 802 029f 56000000 		.4byte	.LASF31
 803 02a3 01       		.byte	0x1
 804 02a4 3A01     		.2byte	0x13a
 805 02a6 B5030000 		.4byte	0x3b5
 806 02aa 05       		.uleb128 0x5
 807 02ab 03       		.byte	0x3
 808 02ac 0C000000 		.4byte	cy_cfg_data_table.4911
 809 02b0 19       		.uleb128 0x19
 810 02b1 06       		.byte	0x6
 811 02b2 01       		.byte	0x1
 812 02b3 4701     		.2byte	0x147
 813 02b5 D4020000 		.4byte	0x2d4
 814 02b9 1A       		.uleb128 0x1a
 815 02ba 5A010000 		.4byte	.LASF32
 816 02be 01       		.byte	0x1
 817 02bf 4801     		.2byte	0x148
 818 02c1 84000000 		.4byte	0x84
 819 02c5 00       		.byte	0
 820 02c6 1A       		.uleb128 0x1a
 821 02c7 7E000000 		.4byte	.LASF33
 822 02cb 01       		.byte	0x1
 823 02cc 4901     		.2byte	0x149
 824 02ce 99000000 		.4byte	0x99
 825 02d2 04       		.byte	0x4
 826 02d3 00       		.byte	0
 827 02d4 06       		.uleb128 0x6
 828 02d5 07020000 		.4byte	.LASF34
 829 02d9 01       		.byte	0x1
 830 02da 4A01     		.2byte	0x14a
 831 02dc B0020000 		.4byte	0x2b0
 832 02e0 1B       		.uleb128 0x1b
 833 02e1 F0020000 		.4byte	0x2f0
 834 02e5 F0020000 		.4byte	0x2f0
 835 02e9 1C       		.uleb128 0x1c
 836 02ea 7D000000 		.4byte	0x7d
 837 02ee 01       		.byte	0x1
 838 02ef 00       		.byte	0
 839 02f0 10       		.uleb128 0x10
 840 02f1 D4020000 		.4byte	0x2d4
ARM GAS  C:\Users\Jimmy\AppData\Local\Temp\ccaoCE6V.s 			page 23


 841 02f5 18       		.uleb128 0x18
 842 02f6 6E000000 		.4byte	.LASF35
 843 02fa 01       		.byte	0x1
 844 02fb 4C01     		.2byte	0x14c
 845 02fd 07030000 		.4byte	0x307
 846 0301 05       		.uleb128 0x5
 847 0302 03       		.byte	0x3
 848 0303 00000000 		.4byte	cfg_memset_list.4916
 849 0307 10       		.uleb128 0x10
 850 0308 E0020000 		.4byte	0x2e0
 851 030c 1D       		.uleb128 0x1d
 852 030d 6900     		.ascii	"i\000"
 853 030f 01       		.byte	0x1
 854 0310 5201     		.2byte	0x152
 855 0312 8D000000 		.4byte	0x8d
 856 0316 BC000000 		.4byte	.LLST6
 857 031a 17       		.uleb128 0x17
 858 031b CE000000 		.4byte	.LBB4
 859 031f 1C000000 		.4byte	.LBE4-.LBB4
 860 0323 60030000 		.4byte	0x360
 861 0327 1D       		.uleb128 0x1d
 862 0328 6D7300   		.ascii	"ms\000"
 863 032b 01       		.byte	0x1
 864 032c 5701     		.2byte	0x157
 865 032e 36030000 		.4byte	0x336
 866 0332 E6000000 		.4byte	.LLST7
 867 0336 0F       		.uleb128 0xf
 868 0337 04       		.byte	0x4
 869 0338 F0020000 		.4byte	0x2f0
 870 033c 13       		.uleb128 0x13
 871 033d EA000000 		.4byte	.LVL22
 872 0341 A7010000 		.4byte	0x1a7
 873 0345 14       		.uleb128 0x14
 874 0346 01       		.uleb128 0x1
 875 0347 51       		.byte	0x51
 876 0348 15       		.uleb128 0x15
 877 0349 74       		.byte	0x74
 878 034a 00       		.sleb128 0
 879 034b 31       		.byte	0x31
 880 034c 24       		.byte	0x24
 881 034d 74       		.byte	0x74
 882 034e 00       		.sleb128 0
 883 034f 22       		.byte	0x22
 884 0350 31       		.byte	0x31
 885 0351 24       		.byte	0x24
 886 0352 03       		.byte	0x3
 887 0353 04000000 		.4byte	.LANCHOR0+4
 888 0357 22       		.byte	0x22
 889 0358 94       		.byte	0x94
 890 0359 02       		.byte	0x2
 891 035a 0A       		.byte	0xa
 892 035b FFFF     		.2byte	0xffff
 893 035d 1A       		.byte	0x1a
 894 035e 00       		.byte	0
 895 035f 00       		.byte	0
 896 0360 13       		.uleb128 0x13
 897 0361 FE000000 		.4byte	.LVL25
ARM GAS  C:\Users\Jimmy\AppData\Local\Temp\ccaoCE6V.s 			page 24


 898 0365 0D010000 		.4byte	0x10d
 899 0369 14       		.uleb128 0x14
 900 036a 01       		.uleb128 0x1
 901 036b 50       		.byte	0x50
 902 036c 05       		.uleb128 0x5
 903 036d 03       		.byte	0x3
 904 036e 1C000000 		.4byte	.LANCHOR0+28
 905 0372 14       		.uleb128 0x14
 906 0373 01       		.uleb128 0x1
 907 0374 51       		.byte	0x51
 908 0375 05       		.uleb128 0x5
 909 0376 03       		.byte	0x3
 910 0377 0C000000 		.4byte	.LANCHOR0+12
 911 037b 00       		.byte	0
 912 037c 00       		.byte	0
 913 037d 1E       		.uleb128 0x1e
 914 037e 54010000 		.4byte	.LVL26
 915 0382 F4010000 		.4byte	0x1f4
 916 0386 1E       		.uleb128 0x1e
 917 0387 58010000 		.4byte	.LVL27
 918 038b 95010000 		.4byte	0x195
 919 038f 00       		.byte	0
 920 0390 1B       		.uleb128 0x1b
 921 0391 85010000 		.4byte	0x185
 922 0395 A0030000 		.4byte	0x3a0
 923 0399 1C       		.uleb128 0x1c
 924 039a 7D000000 		.4byte	0x7d
 925 039e 02       		.byte	0x2
 926 039f 00       		.byte	0
 927 03a0 10       		.uleb128 0x10
 928 03a1 90030000 		.4byte	0x390
 929 03a5 1B       		.uleb128 0x1b
 930 03a6 90010000 		.4byte	0x190
 931 03aa B5030000 		.4byte	0x3b5
 932 03ae 1C       		.uleb128 0x1c
 933 03af 7D000000 		.4byte	0x7d
 934 03b3 07       		.byte	0x7
 935 03b4 00       		.byte	0
 936 03b5 10       		.uleb128 0x10
 937 03b6 A5030000 		.4byte	0x3a5
 938 03ba 1F       		.uleb128 0x1f
 939 03bb B8000000 		.4byte	.LASF46
 940 03bf B8000000 		.4byte	.LASF46
 941 03c3 20       		.uleb128 0x20
 942 03c4 8B020000 		.4byte	.LASF36
 943 03c8 8B020000 		.4byte	.LASF36
 944 03cc 04       		.byte	0x4
 945 03cd 6C       		.byte	0x6c
 946 03ce 20       		.uleb128 0x20
 947 03cf 56020000 		.4byte	.LASF37
 948 03d3 56020000 		.4byte	.LASF37
 949 03d7 04       		.byte	0x4
 950 03d8 84       		.byte	0x84
 951 03d9 20       		.uleb128 0x20
 952 03da 47020000 		.4byte	.LASF38
 953 03de 47020000 		.4byte	.LASF38
 954 03e2 04       		.byte	0x4
ARM GAS  C:\Users\Jimmy\AppData\Local\Temp\ccaoCE6V.s 			page 25


 955 03e3 DA       		.byte	0xda
 956 03e4 20       		.uleb128 0x20
 957 03e5 1E000000 		.4byte	.LASF39
 958 03e9 1E000000 		.4byte	.LASF39
 959 03ed 04       		.byte	0x4
 960 03ee BD       		.byte	0xbd
 961 03ef 20       		.uleb128 0x20
 962 03f0 B5020000 		.4byte	.LASF40
 963 03f4 B5020000 		.4byte	.LASF40
 964 03f8 04       		.byte	0x4
 965 03f9 C3       		.byte	0xc3
 966 03fa 00       		.byte	0
 967              		.section	.debug_abbrev,"",%progbits
 968              	.Ldebug_abbrev0:
 969 0000 01       		.uleb128 0x1
 970 0001 11       		.uleb128 0x11
 971 0002 01       		.byte	0x1
 972 0003 25       		.uleb128 0x25
 973 0004 0E       		.uleb128 0xe
 974 0005 13       		.uleb128 0x13
 975 0006 0B       		.uleb128 0xb
 976 0007 03       		.uleb128 0x3
 977 0008 0E       		.uleb128 0xe
 978 0009 1B       		.uleb128 0x1b
 979 000a 0E       		.uleb128 0xe
 980 000b 55       		.uleb128 0x55
 981 000c 17       		.uleb128 0x17
 982 000d 11       		.uleb128 0x11
 983 000e 01       		.uleb128 0x1
 984 000f 10       		.uleb128 0x10
 985 0010 17       		.uleb128 0x17
 986 0011 00       		.byte	0
 987 0012 00       		.byte	0
 988 0013 02       		.uleb128 0x2
 989 0014 24       		.uleb128 0x24
 990 0015 00       		.byte	0
 991 0016 0B       		.uleb128 0xb
 992 0017 0B       		.uleb128 0xb
 993 0018 3E       		.uleb128 0x3e
 994 0019 0B       		.uleb128 0xb
 995 001a 03       		.uleb128 0x3
 996 001b 08       		.uleb128 0x8
 997 001c 00       		.byte	0
 998 001d 00       		.byte	0
 999 001e 03       		.uleb128 0x3
 1000 001f 16       		.uleb128 0x16
 1001 0020 00       		.byte	0
 1002 0021 03       		.uleb128 0x3
 1003 0022 0E       		.uleb128 0xe
 1004 0023 3A       		.uleb128 0x3a
 1005 0024 0B       		.uleb128 0xb
 1006 0025 3B       		.uleb128 0x3b
 1007 0026 0B       		.uleb128 0xb
 1008 0027 49       		.uleb128 0x49
 1009 0028 13       		.uleb128 0x13
 1010 0029 00       		.byte	0
 1011 002a 00       		.byte	0
ARM GAS  C:\Users\Jimmy\AppData\Local\Temp\ccaoCE6V.s 			page 26


 1012 002b 04       		.uleb128 0x4
 1013 002c 24       		.uleb128 0x24
 1014 002d 00       		.byte	0
 1015 002e 0B       		.uleb128 0xb
 1016 002f 0B       		.uleb128 0xb
 1017 0030 3E       		.uleb128 0x3e
 1018 0031 0B       		.uleb128 0xb
 1019 0032 03       		.uleb128 0x3
 1020 0033 0E       		.uleb128 0xe
 1021 0034 00       		.byte	0
 1022 0035 00       		.byte	0
 1023 0036 05       		.uleb128 0x5
 1024 0037 0F       		.uleb128 0xf
 1025 0038 00       		.byte	0
 1026 0039 0B       		.uleb128 0xb
 1027 003a 0B       		.uleb128 0xb
 1028 003b 00       		.byte	0
 1029 003c 00       		.byte	0
 1030 003d 06       		.uleb128 0x6
 1031 003e 16       		.uleb128 0x16
 1032 003f 00       		.byte	0
 1033 0040 03       		.uleb128 0x3
 1034 0041 0E       		.uleb128 0xe
 1035 0042 3A       		.uleb128 0x3a
 1036 0043 0B       		.uleb128 0xb
 1037 0044 3B       		.uleb128 0x3b
 1038 0045 05       		.uleb128 0x5
 1039 0046 49       		.uleb128 0x49
 1040 0047 13       		.uleb128 0x13
 1041 0048 00       		.byte	0
 1042 0049 00       		.byte	0
 1043 004a 07       		.uleb128 0x7
 1044 004b 35       		.uleb128 0x35
 1045 004c 00       		.byte	0
 1046 004d 49       		.uleb128 0x49
 1047 004e 13       		.uleb128 0x13
 1048 004f 00       		.byte	0
 1049 0050 00       		.byte	0
 1050 0051 08       		.uleb128 0x8
 1051 0052 13       		.uleb128 0x13
 1052 0053 01       		.byte	0x1
 1053 0054 0B       		.uleb128 0xb
 1054 0055 0B       		.uleb128 0xb
 1055 0056 3A       		.uleb128 0x3a
 1056 0057 0B       		.uleb128 0xb
 1057 0058 3B       		.uleb128 0x3b
 1058 0059 0B       		.uleb128 0xb
 1059 005a 01       		.uleb128 0x1
 1060 005b 13       		.uleb128 0x13
 1061 005c 00       		.byte	0
 1062 005d 00       		.byte	0
 1063 005e 09       		.uleb128 0x9
 1064 005f 0D       		.uleb128 0xd
 1065 0060 00       		.byte	0
 1066 0061 03       		.uleb128 0x3
 1067 0062 0E       		.uleb128 0xe
 1068 0063 3A       		.uleb128 0x3a
ARM GAS  C:\Users\Jimmy\AppData\Local\Temp\ccaoCE6V.s 			page 27


 1069 0064 0B       		.uleb128 0xb
 1070 0065 3B       		.uleb128 0x3b
 1071 0066 0B       		.uleb128 0xb
 1072 0067 49       		.uleb128 0x49
 1073 0068 13       		.uleb128 0x13
 1074 0069 38       		.uleb128 0x38
 1075 006a 0B       		.uleb128 0xb
 1076 006b 00       		.byte	0
 1077 006c 00       		.byte	0
 1078 006d 0A       		.uleb128 0xa
 1079 006e 2E       		.uleb128 0x2e
 1080 006f 01       		.byte	0x1
 1081 0070 03       		.uleb128 0x3
 1082 0071 0E       		.uleb128 0xe
 1083 0072 3A       		.uleb128 0x3a
 1084 0073 0B       		.uleb128 0xb
 1085 0074 3B       		.uleb128 0x3b
 1086 0075 0B       		.uleb128 0xb
 1087 0076 27       		.uleb128 0x27
 1088 0077 19       		.uleb128 0x19
 1089 0078 11       		.uleb128 0x11
 1090 0079 01       		.uleb128 0x1
 1091 007a 12       		.uleb128 0x12
 1092 007b 06       		.uleb128 0x6
 1093 007c 40       		.uleb128 0x40
 1094 007d 18       		.uleb128 0x18
 1095 007e 9742     		.uleb128 0x2117
 1096 0080 19       		.uleb128 0x19
 1097 0081 01       		.uleb128 0x1
 1098 0082 13       		.uleb128 0x13
 1099 0083 00       		.byte	0
 1100 0084 00       		.byte	0
 1101 0085 0B       		.uleb128 0xb
 1102 0086 05       		.uleb128 0x5
 1103 0087 00       		.byte	0
 1104 0088 03       		.uleb128 0x3
 1105 0089 0E       		.uleb128 0xe
 1106 008a 3A       		.uleb128 0x3a
 1107 008b 0B       		.uleb128 0xb
 1108 008c 3B       		.uleb128 0x3b
 1109 008d 0B       		.uleb128 0xb
 1110 008e 49       		.uleb128 0x49
 1111 008f 13       		.uleb128 0x13
 1112 0090 02       		.uleb128 0x2
 1113 0091 18       		.uleb128 0x18
 1114 0092 00       		.byte	0
 1115 0093 00       		.byte	0
 1116 0094 0C       		.uleb128 0xc
 1117 0095 34       		.uleb128 0x34
 1118 0096 00       		.byte	0
 1119 0097 03       		.uleb128 0x3
 1120 0098 08       		.uleb128 0x8
 1121 0099 3A       		.uleb128 0x3a
 1122 009a 0B       		.uleb128 0xb
 1123 009b 3B       		.uleb128 0x3b
 1124 009c 0B       		.uleb128 0xb
 1125 009d 49       		.uleb128 0x49
ARM GAS  C:\Users\Jimmy\AppData\Local\Temp\ccaoCE6V.s 			page 28


 1126 009e 13       		.uleb128 0x13
 1127 009f 02       		.uleb128 0x2
 1128 00a0 17       		.uleb128 0x17
 1129 00a1 00       		.byte	0
 1130 00a2 00       		.byte	0
 1131 00a3 0D       		.uleb128 0xd
 1132 00a4 0B       		.uleb128 0xb
 1133 00a5 01       		.byte	0x1
 1134 00a6 11       		.uleb128 0x11
 1135 00a7 01       		.uleb128 0x1
 1136 00a8 12       		.uleb128 0x12
 1137 00a9 06       		.uleb128 0x6
 1138 00aa 00       		.byte	0
 1139 00ab 00       		.byte	0
 1140 00ac 0E       		.uleb128 0xe
 1141 00ad 34       		.uleb128 0x34
 1142 00ae 00       		.byte	0
 1143 00af 03       		.uleb128 0x3
 1144 00b0 0E       		.uleb128 0xe
 1145 00b1 3A       		.uleb128 0x3a
 1146 00b2 0B       		.uleb128 0xb
 1147 00b3 3B       		.uleb128 0x3b
 1148 00b4 0B       		.uleb128 0xb
 1149 00b5 49       		.uleb128 0x49
 1150 00b6 13       		.uleb128 0x13
 1151 00b7 02       		.uleb128 0x2
 1152 00b8 17       		.uleb128 0x17
 1153 00b9 00       		.byte	0
 1154 00ba 00       		.byte	0
 1155 00bb 0F       		.uleb128 0xf
 1156 00bc 0F       		.uleb128 0xf
 1157 00bd 00       		.byte	0
 1158 00be 0B       		.uleb128 0xb
 1159 00bf 0B       		.uleb128 0xb
 1160 00c0 49       		.uleb128 0x49
 1161 00c1 13       		.uleb128 0x13
 1162 00c2 00       		.byte	0
 1163 00c3 00       		.byte	0
 1164 00c4 10       		.uleb128 0x10
 1165 00c5 26       		.uleb128 0x26
 1166 00c6 00       		.byte	0
 1167 00c7 49       		.uleb128 0x49
 1168 00c8 13       		.uleb128 0x13
 1169 00c9 00       		.byte	0
 1170 00ca 00       		.byte	0
 1171 00cb 11       		.uleb128 0x11
 1172 00cc 2E       		.uleb128 0x2e
 1173 00cd 00       		.byte	0
 1174 00ce 03       		.uleb128 0x3
 1175 00cf 0E       		.uleb128 0xe
 1176 00d0 3A       		.uleb128 0x3a
 1177 00d1 0B       		.uleb128 0xb
 1178 00d2 3B       		.uleb128 0x3b
 1179 00d3 05       		.uleb128 0x5
 1180 00d4 27       		.uleb128 0x27
 1181 00d5 19       		.uleb128 0x19
 1182 00d6 11       		.uleb128 0x11
ARM GAS  C:\Users\Jimmy\AppData\Local\Temp\ccaoCE6V.s 			page 29


 1183 00d7 01       		.uleb128 0x1
 1184 00d8 12       		.uleb128 0x12
 1185 00d9 06       		.uleb128 0x6
 1186 00da 40       		.uleb128 0x40
 1187 00db 18       		.uleb128 0x18
 1188 00dc 9742     		.uleb128 0x2117
 1189 00de 19       		.uleb128 0x19
 1190 00df 00       		.byte	0
 1191 00e0 00       		.byte	0
 1192 00e1 12       		.uleb128 0x12
 1193 00e2 05       		.uleb128 0x5
 1194 00e3 00       		.byte	0
 1195 00e4 03       		.uleb128 0x3
 1196 00e5 08       		.uleb128 0x8
 1197 00e6 3A       		.uleb128 0x3a
 1198 00e7 0B       		.uleb128 0xb
 1199 00e8 3B       		.uleb128 0x3b
 1200 00e9 0B       		.uleb128 0xb
 1201 00ea 49       		.uleb128 0x49
 1202 00eb 13       		.uleb128 0x13
 1203 00ec 02       		.uleb128 0x2
 1204 00ed 17       		.uleb128 0x17
 1205 00ee 00       		.byte	0
 1206 00ef 00       		.byte	0
 1207 00f0 13       		.uleb128 0x13
 1208 00f1 898201   		.uleb128 0x4109
 1209 00f4 01       		.byte	0x1
 1210 00f5 11       		.uleb128 0x11
 1211 00f6 01       		.uleb128 0x1
 1212 00f7 31       		.uleb128 0x31
 1213 00f8 13       		.uleb128 0x13
 1214 00f9 00       		.byte	0
 1215 00fa 00       		.byte	0
 1216 00fb 14       		.uleb128 0x14
 1217 00fc 8A8201   		.uleb128 0x410a
 1218 00ff 00       		.byte	0
 1219 0100 02       		.uleb128 0x2
 1220 0101 18       		.uleb128 0x18
 1221 0102 9142     		.uleb128 0x2111
 1222 0104 18       		.uleb128 0x18
 1223 0105 00       		.byte	0
 1224 0106 00       		.byte	0
 1225 0107 15       		.uleb128 0x15
 1226 0108 898201   		.uleb128 0x4109
 1227 010b 01       		.byte	0x1
 1228 010c 11       		.uleb128 0x11
 1229 010d 01       		.uleb128 0x1
 1230 010e 31       		.uleb128 0x31
 1231 010f 13       		.uleb128 0x13
 1232 0110 01       		.uleb128 0x1
 1233 0111 13       		.uleb128 0x13
 1234 0112 00       		.byte	0
 1235 0113 00       		.byte	0
 1236 0114 16       		.uleb128 0x16
 1237 0115 2E       		.uleb128 0x2e
 1238 0116 01       		.byte	0x1
 1239 0117 3F       		.uleb128 0x3f
ARM GAS  C:\Users\Jimmy\AppData\Local\Temp\ccaoCE6V.s 			page 30


 1240 0118 19       		.uleb128 0x19
 1241 0119 03       		.uleb128 0x3
 1242 011a 0E       		.uleb128 0xe
 1243 011b 3A       		.uleb128 0x3a
 1244 011c 0B       		.uleb128 0xb
 1245 011d 3B       		.uleb128 0x3b
 1246 011e 05       		.uleb128 0x5
 1247 011f 27       		.uleb128 0x27
 1248 0120 19       		.uleb128 0x19
 1249 0121 11       		.uleb128 0x11
 1250 0122 01       		.uleb128 0x1
 1251 0123 12       		.uleb128 0x12
 1252 0124 06       		.uleb128 0x6
 1253 0125 40       		.uleb128 0x40
 1254 0126 18       		.uleb128 0x18
 1255 0127 9742     		.uleb128 0x2117
 1256 0129 19       		.uleb128 0x19
 1257 012a 01       		.uleb128 0x1
 1258 012b 13       		.uleb128 0x13
 1259 012c 00       		.byte	0
 1260 012d 00       		.byte	0
 1261 012e 17       		.uleb128 0x17
 1262 012f 0B       		.uleb128 0xb
 1263 0130 01       		.byte	0x1
 1264 0131 11       		.uleb128 0x11
 1265 0132 01       		.uleb128 0x1
 1266 0133 12       		.uleb128 0x12
 1267 0134 06       		.uleb128 0x6
 1268 0135 01       		.uleb128 0x1
 1269 0136 13       		.uleb128 0x13
 1270 0137 00       		.byte	0
 1271 0138 00       		.byte	0
 1272 0139 18       		.uleb128 0x18
 1273 013a 34       		.uleb128 0x34
 1274 013b 00       		.byte	0
 1275 013c 03       		.uleb128 0x3
 1276 013d 0E       		.uleb128 0xe
 1277 013e 3A       		.uleb128 0x3a
 1278 013f 0B       		.uleb128 0xb
 1279 0140 3B       		.uleb128 0x3b
 1280 0141 05       		.uleb128 0x5
 1281 0142 49       		.uleb128 0x49
 1282 0143 13       		.uleb128 0x13
 1283 0144 02       		.uleb128 0x2
 1284 0145 18       		.uleb128 0x18
 1285 0146 00       		.byte	0
 1286 0147 00       		.byte	0
 1287 0148 19       		.uleb128 0x19
 1288 0149 13       		.uleb128 0x13
 1289 014a 01       		.byte	0x1
 1290 014b 0B       		.uleb128 0xb
 1291 014c 0B       		.uleb128 0xb
 1292 014d 3A       		.uleb128 0x3a
 1293 014e 0B       		.uleb128 0xb
 1294 014f 3B       		.uleb128 0x3b
 1295 0150 05       		.uleb128 0x5
 1296 0151 01       		.uleb128 0x1
ARM GAS  C:\Users\Jimmy\AppData\Local\Temp\ccaoCE6V.s 			page 31


 1297 0152 13       		.uleb128 0x13
 1298 0153 00       		.byte	0
 1299 0154 00       		.byte	0
 1300 0155 1A       		.uleb128 0x1a
 1301 0156 0D       		.uleb128 0xd
 1302 0157 00       		.byte	0
 1303 0158 03       		.uleb128 0x3
 1304 0159 0E       		.uleb128 0xe
 1305 015a 3A       		.uleb128 0x3a
 1306 015b 0B       		.uleb128 0xb
 1307 015c 3B       		.uleb128 0x3b
 1308 015d 05       		.uleb128 0x5
 1309 015e 49       		.uleb128 0x49
 1310 015f 13       		.uleb128 0x13
 1311 0160 38       		.uleb128 0x38
 1312 0161 0B       		.uleb128 0xb
 1313 0162 00       		.byte	0
 1314 0163 00       		.byte	0
 1315 0164 1B       		.uleb128 0x1b
 1316 0165 01       		.uleb128 0x1
 1317 0166 01       		.byte	0x1
 1318 0167 49       		.uleb128 0x49
 1319 0168 13       		.uleb128 0x13
 1320 0169 01       		.uleb128 0x1
 1321 016a 13       		.uleb128 0x13
 1322 016b 00       		.byte	0
 1323 016c 00       		.byte	0
 1324 016d 1C       		.uleb128 0x1c
 1325 016e 21       		.uleb128 0x21
 1326 016f 00       		.byte	0
 1327 0170 49       		.uleb128 0x49
 1328 0171 13       		.uleb128 0x13
 1329 0172 2F       		.uleb128 0x2f
 1330 0173 0B       		.uleb128 0xb
 1331 0174 00       		.byte	0
 1332 0175 00       		.byte	0
 1333 0176 1D       		.uleb128 0x1d
 1334 0177 34       		.uleb128 0x34
 1335 0178 00       		.byte	0
 1336 0179 03       		.uleb128 0x3
 1337 017a 08       		.uleb128 0x8
 1338 017b 3A       		.uleb128 0x3a
 1339 017c 0B       		.uleb128 0xb
 1340 017d 3B       		.uleb128 0x3b
 1341 017e 05       		.uleb128 0x5
 1342 017f 49       		.uleb128 0x49
 1343 0180 13       		.uleb128 0x13
 1344 0181 02       		.uleb128 0x2
 1345 0182 17       		.uleb128 0x17
 1346 0183 00       		.byte	0
 1347 0184 00       		.byte	0
 1348 0185 1E       		.uleb128 0x1e
 1349 0186 898201   		.uleb128 0x4109
 1350 0189 00       		.byte	0
 1351 018a 11       		.uleb128 0x11
 1352 018b 01       		.uleb128 0x1
 1353 018c 31       		.uleb128 0x31
ARM GAS  C:\Users\Jimmy\AppData\Local\Temp\ccaoCE6V.s 			page 32


 1354 018d 13       		.uleb128 0x13
 1355 018e 00       		.byte	0
 1356 018f 00       		.byte	0
 1357 0190 1F       		.uleb128 0x1f
 1358 0191 2E       		.uleb128 0x2e
 1359 0192 00       		.byte	0
 1360 0193 3F       		.uleb128 0x3f
 1361 0194 19       		.uleb128 0x19
 1362 0195 3C       		.uleb128 0x3c
 1363 0196 19       		.uleb128 0x19
 1364 0197 6E       		.uleb128 0x6e
 1365 0198 0E       		.uleb128 0xe
 1366 0199 03       		.uleb128 0x3
 1367 019a 0E       		.uleb128 0xe
 1368 019b 00       		.byte	0
 1369 019c 00       		.byte	0
 1370 019d 20       		.uleb128 0x20
 1371 019e 2E       		.uleb128 0x2e
 1372 019f 00       		.byte	0
 1373 01a0 3F       		.uleb128 0x3f
 1374 01a1 19       		.uleb128 0x19
 1375 01a2 3C       		.uleb128 0x3c
 1376 01a3 19       		.uleb128 0x19
 1377 01a4 6E       		.uleb128 0x6e
 1378 01a5 0E       		.uleb128 0xe
 1379 01a6 03       		.uleb128 0x3
 1380 01a7 0E       		.uleb128 0xe
 1381 01a8 3A       		.uleb128 0x3a
 1382 01a9 0B       		.uleb128 0xb
 1383 01aa 3B       		.uleb128 0x3b
 1384 01ab 0B       		.uleb128 0xb
 1385 01ac 00       		.byte	0
 1386 01ad 00       		.byte	0
 1387 01ae 00       		.byte	0
 1388              		.section	.debug_loc,"",%progbits
 1389              	.Ldebug_loc0:
 1390              	.LLST0:
 1391 0000 02000000 		.4byte	.LVL1
 1392 0004 08000000 		.4byte	.LVL2
 1393 0008 0200     		.2byte	0x2
 1394 000a 30       		.byte	0x30
 1395 000b 9F       		.byte	0x9f
 1396 000c 08000000 		.4byte	.LVL2
 1397 0010 30000000 		.4byte	.LVL11
 1398 0014 0100     		.2byte	0x1
 1399 0016 57       		.byte	0x57
 1400 0017 00000000 		.4byte	0
 1401 001b 00000000 		.4byte	0
 1402              	.LLST1:
 1403 001f 02000000 		.4byte	.LVL1
 1404 0023 08000000 		.4byte	.LVL2
 1405 0027 0200     		.2byte	0x2
 1406 0029 30       		.byte	0x30
 1407 002a 9F       		.byte	0x9f
 1408 002b 08000000 		.4byte	.LVL2
 1409 002f 30000000 		.4byte	.LVL10
 1410 0033 0100     		.2byte	0x1
ARM GAS  C:\Users\Jimmy\AppData\Local\Temp\ccaoCE6V.s 			page 33


 1411 0035 55       		.byte	0x55
 1412 0036 00000000 		.4byte	0
 1413 003a 00000000 		.4byte	0
 1414              	.LLST2:
 1415 003e 0C000000 		.4byte	.LVL3
 1416 0042 2C000000 		.4byte	.LVL9
 1417 0046 0100     		.2byte	0x1
 1418 0048 56       		.byte	0x56
 1419 0049 00000000 		.4byte	0
 1420 004d 00000000 		.4byte	0
 1421              	.LLST3:
 1422 0051 0E000000 		.4byte	.LVL4
 1423 0055 24000000 		.4byte	.LVL7
 1424 0059 0100     		.2byte	0x1
 1425 005b 53       		.byte	0x53
 1426 005c 26000000 		.4byte	.LVL8
 1427 0060 2C000000 		.4byte	.LVL9
 1428 0064 0100     		.2byte	0x1
 1429 0066 53       		.byte	0x53
 1430 0067 00000000 		.4byte	0
 1431 006b 00000000 		.4byte	0
 1432              	.LLST4:
 1433 006f 00000000 		.4byte	.LVL12
 1434 0073 09000000 		.4byte	.LVL14-1
 1435 0077 0100     		.2byte	0x1
 1436 0079 50       		.byte	0x50
 1437 007a 09000000 		.4byte	.LVL14-1
 1438 007e 0C000000 		.4byte	.LFE2
 1439 0082 0400     		.2byte	0x4
 1440 0084 F3       		.byte	0xf3
 1441 0085 01       		.uleb128 0x1
 1442 0086 50       		.byte	0x50
 1443 0087 9F       		.byte	0x9f
 1444 0088 00000000 		.4byte	0
 1445 008c 00000000 		.4byte	0
 1446              	.LLST5:
 1447 0090 00000000 		.4byte	.LVL12
 1448 0094 06000000 		.4byte	.LVL13
 1449 0098 0100     		.2byte	0x1
 1450 009a 51       		.byte	0x51
 1451 009b 06000000 		.4byte	.LVL13
 1452 009f 09000000 		.4byte	.LVL14-1
 1453 00a3 0100     		.2byte	0x1
 1454 00a5 52       		.byte	0x52
 1455 00a6 09000000 		.4byte	.LVL14-1
 1456 00aa 0C000000 		.4byte	.LFE2
 1457 00ae 0400     		.2byte	0x4
 1458 00b0 F3       		.byte	0xf3
 1459 00b1 01       		.uleb128 0x1
 1460 00b2 51       		.byte	0x51
 1461 00b3 9F       		.byte	0x9f
 1462 00b4 00000000 		.4byte	0
 1463 00b8 00000000 		.4byte	0
 1464              	.LLST6:
 1465 00bc CA000000 		.4byte	.LVL20
 1466 00c0 CE000000 		.4byte	.LVL21
 1467 00c4 0200     		.2byte	0x2
ARM GAS  C:\Users\Jimmy\AppData\Local\Temp\ccaoCE6V.s 			page 34


 1468 00c6 30       		.byte	0x30
 1469 00c7 9F       		.byte	0x9f
 1470 00c8 CE000000 		.4byte	.LVL21
 1471 00cc EC000000 		.4byte	.LVL23
 1472 00d0 0100     		.2byte	0x1
 1473 00d2 54       		.byte	0x54
 1474 00d3 EE000000 		.4byte	.LVL24
 1475 00d7 58010000 		.4byte	.LVL28
 1476 00db 0100     		.2byte	0x1
 1477 00dd 54       		.byte	0x54
 1478 00de 00000000 		.4byte	0
 1479 00e2 00000000 		.4byte	0
 1480              	.LLST7:
 1481 00e6 CE000000 		.4byte	.LVL21
 1482 00ea EC000000 		.4byte	.LVL23
 1483 00ee 0B00     		.2byte	0xb
 1484 00f0 74       		.byte	0x74
 1485 00f1 00       		.sleb128 0
 1486 00f2 36       		.byte	0x36
 1487 00f3 1E       		.byte	0x1e
 1488 00f4 03       		.byte	0x3
 1489 00f5 00000000 		.4byte	cfg_memset_list.4916
 1490 00f9 22       		.byte	0x22
 1491 00fa 9F       		.byte	0x9f
 1492 00fb EC000000 		.4byte	.LVL23
 1493 00ff EE000000 		.4byte	.LVL24
 1494 0103 0B00     		.2byte	0xb
 1495 0105 74       		.byte	0x74
 1496 0106 7F       		.sleb128 -1
 1497 0107 36       		.byte	0x36
 1498 0108 1E       		.byte	0x1e
 1499 0109 03       		.byte	0x3
 1500 010a 00000000 		.4byte	cfg_memset_list.4916
 1501 010e 22       		.byte	0x22
 1502 010f 9F       		.byte	0x9f
 1503 0110 00000000 		.4byte	0
 1504 0114 00000000 		.4byte	0
 1505              		.section	.debug_aranges,"",%progbits
 1506 0000 3C000000 		.4byte	0x3c
 1507 0004 0200     		.2byte	0x2
 1508 0006 00000000 		.4byte	.Ldebug_info0
 1509 000a 04       		.byte	0x4
 1510 000b 00       		.byte	0
 1511 000c 0000     		.2byte	0
 1512 000e 0000     		.2byte	0
 1513 0010 00000000 		.4byte	.LFB5
 1514 0014 32000000 		.4byte	.LFE5-.LFB5
 1515 0018 00000000 		.4byte	.LFB7
 1516 001c 20000000 		.4byte	.LFE7-.LFB7
 1517 0020 00000000 		.4byte	.LFB2
 1518 0024 0C000000 		.4byte	.LFE2-.LFB2
 1519 0028 00000000 		.4byte	.LFB6
 1520 002c C0000000 		.4byte	.LFE6-.LFB6
 1521 0030 C0000000 		.4byte	.LFB8
 1522 0034 D8000000 		.4byte	.LFE8-.LFB8
 1523 0038 00000000 		.4byte	0
 1524 003c 00000000 		.4byte	0
ARM GAS  C:\Users\Jimmy\AppData\Local\Temp\ccaoCE6V.s 			page 35


 1525              		.section	.debug_ranges,"",%progbits
 1526              	.Ldebug_ranges0:
 1527 0000 00000000 		.4byte	.LFB5
 1528 0004 32000000 		.4byte	.LFE5
 1529 0008 00000000 		.4byte	.LFB7
 1530 000c 20000000 		.4byte	.LFE7
 1531 0010 00000000 		.4byte	.LFB2
 1532 0014 0C000000 		.4byte	.LFE2
 1533 0018 00000000 		.4byte	.LFB6
 1534 001c C0000000 		.4byte	.LFE6
 1535 0020 C0000000 		.4byte	.LFB8
 1536 0024 98010000 		.4byte	.LFE8
 1537 0028 00000000 		.4byte	0
 1538 002c 00000000 		.4byte	0
 1539              		.section	.debug_line,"",%progbits
 1540              	.Ldebug_line0:
 1541 0000 73010000 		.section	.debug_str,"MS",%progbits,1
 1541      0200D000 
 1541      00000201 
 1541      FB0E0D00 
 1541      01010101 
 1542              	.LASF19:
 1543 0000 72656733 		.ascii	"reg32\000"
 1543      3200
 1544              	.LASF12:
 1545 0006 73697A65 		.ascii	"size_t\000"
 1545      5F7400
 1546              	.LASF44:
 1547 000d 416E616C 		.ascii	"AnalogSetDefault\000"
 1547      6F675365 
 1547      74446566 
 1547      61756C74 
 1547      00
 1548              	.LASF39:
 1549 001e 4379496E 		.ascii	"CyIntSetVector\000"
 1549      74536574 
 1549      56656374 
 1549      6F7200
 1550              	.LASF21:
 1551 002d 76616C75 		.ascii	"value\000"
 1551      6500
 1552              	.LASF26:
 1553 0033 636F756E 		.ascii	"count\000"
 1553      7400
 1554              	.LASF29:
 1555 0039 436C6F63 		.ascii	"ClockSetup\000"
 1555      6B536574 
 1555      757000
 1556              	.LASF30:
 1557 0044 63795F63 		.ascii	"cy_cfg_addr_table\000"
 1557      66675F61 
 1557      6464725F 
 1557      7461626C 
 1557      6500
 1558              	.LASF31:
 1559 0056 63795F63 		.ascii	"cy_cfg_data_table\000"
 1559      66675F64 
ARM GAS  C:\Users\Jimmy\AppData\Local\Temp\ccaoCE6V.s 			page 36


 1559      6174615F 
 1559      7461626C 
 1559      6500
 1560              	.LASF16:
 1561 0068 666C6F61 		.ascii	"float\000"
 1561      7400
 1562              	.LASF35:
 1563 006e 6366675F 		.ascii	"cfg_memset_list\000"
 1563      6D656D73 
 1563      65745F6C 
 1563      69737400 
 1564              	.LASF33:
 1565 007e 73697A65 		.ascii	"size\000"
 1565      00
 1566              	.LASF18:
 1567 0083 72656738 		.ascii	"reg8\000"
 1567      00
 1568              	.LASF8:
 1569 0088 6C6F6E67 		.ascii	"long unsigned int\000"
 1569      20756E73 
 1569      69676E65 
 1569      6420696E 
 1569      7400
 1570              	.LASF13:
 1571 009a 75696E74 		.ascii	"uint8\000"
 1571      3800
 1572              	.LASF28:
 1573 00a0 43594D45 		.ascii	"CYMEMZERO\000"
 1573      4D5A4552 
 1573      4F00
 1574              	.LASF4:
 1575 00aa 756E7369 		.ascii	"unsigned char\000"
 1575      676E6564 
 1575      20636861 
 1575      7200
 1576              	.LASF46:
 1577 00b8 6D656D73 		.ascii	"memset\000"
 1577      657400
 1578              	.LASF17:
 1579 00bf 646F7562 		.ascii	"double\000"
 1579      6C6500
 1580              	.LASF27:
 1581 00c6 6366675F 		.ascii	"cfg_write_bytes32\000"
 1581      77726974 
 1581      655F6279 
 1581      74657333 
 1581      3200
 1582              	.LASF43:
 1583 00d8 433A5C55 		.ascii	"C:\\Users\\Jimmy\\temp\\RTC_P4_WDT_Example01\\RTC_P"
 1583      73657273 
 1583      5C4A696D 
 1583      6D795C74 
 1583      656D705C 
 1584 0106 345F5744 		.ascii	"4_WDT_Example01.cydsn\000"
 1584      545F4578 
 1584      616D706C 
 1584      6530312E 
ARM GAS  C:\Users\Jimmy\AppData\Local\Temp\ccaoCE6V.s 			page 37


 1584      63796473 
 1585              	.LASF23:
 1586 011c 61646472 		.ascii	"addr_table\000"
 1586      5F746162 
 1586      6C6500
 1587              	.LASF14:
 1588 0127 75696E74 		.ascii	"uint16\000"
 1588      313600
 1589              	.LASF24:
 1590 012e 64617461 		.ascii	"data_table\000"
 1590      5F746162 
 1590      6C6500
 1591              	.LASF15:
 1592 0139 75696E74 		.ascii	"uint32\000"
 1592      333200
 1593              	.LASF0:
 1594 0140 756E7369 		.ascii	"unsigned int\000"
 1594      676E6564 
 1594      20696E74 
 1594      00
 1595              	.LASF45:
 1596 014d 63796669 		.ascii	"cyfitter_cfg\000"
 1596      74746572 
 1596      5F636667 
 1596      00
 1597              	.LASF32:
 1598 015a 61646472 		.ascii	"address\000"
 1598      65737300 
 1599              	.LASF9:
 1600 0162 6C6F6E67 		.ascii	"long long unsigned int\000"
 1600      206C6F6E 
 1600      6720756E 
 1600      7369676E 
 1600      65642069 
 1601              	.LASF41:
 1602 0179 474E5520 		.ascii	"GNU C11 5.4.1 20160609 (release) [ARM/embedded-5-br"
 1602      43313120 
 1602      352E342E 
 1602      31203230 
 1602      31363036 
 1603 01ac 616E6368 		.ascii	"anch revision 237715] -mcpu=cortex-m0 -mthumb -g -O"
 1603      20726576 
 1603      6973696F 
 1603      6E203233 
 1603      37373135 
 1604 01df 67202D66 		.ascii	"g -ffunction-sections -ffat-lto-objects\000"
 1604      66756E63 
 1604      74696F6E 
 1604      2D736563 
 1604      74696F6E 
 1605              	.LASF34:
 1606 0207 6366675F 		.ascii	"cfg_memset_t\000"
 1606      6D656D73 
 1606      65745F74 
 1606      00
 1607              	.LASF25:
 1608 0214 62617365 		.ascii	"baseAddr\000"
ARM GAS  C:\Users\Jimmy\AppData\Local\Temp\ccaoCE6V.s 			page 38


 1608      41646472 
 1608      00
 1609              	.LASF10:
 1610 021d 73697A65 		.ascii	"sizetype\000"
 1610      74797065 
 1610      00
 1611              	.LASF6:
 1612 0226 73686F72 		.ascii	"short unsigned int\000"
 1612      7420756E 
 1612      7369676E 
 1612      65642069 
 1612      6E7400
 1613              	.LASF1:
 1614 0239 6C6F6E67 		.ascii	"long long int\000"
 1614      206C6F6E 
 1614      6720696E 
 1614      7400
 1615              	.LASF38:
 1616 0247 43794465 		.ascii	"CyDelayUs\000"
 1616      6C617955 
 1616      7300
 1617              	.LASF11:
 1618 0251 63686172 		.ascii	"char\000"
 1618      00
 1619              	.LASF37:
 1620 0256 43795379 		.ascii	"CySysClkEcoStart\000"
 1620      73436C6B 
 1620      45636F53 
 1620      74617274 
 1620      00
 1621              	.LASF22:
 1622 0267 63795F63 		.ascii	"cy_cfg_addrvalue_t\000"
 1622      66675F61 
 1622      64647276 
 1622      616C7565 
 1622      5F7400
 1623              	.LASF20:
 1624 027a 6F666673 		.ascii	"offset\000"
 1624      657400
 1625              	.LASF5:
 1626 0281 73686F72 		.ascii	"short int\000"
 1626      7420696E 
 1626      7400
 1627              	.LASF36:
 1628 028b 43795379 		.ascii	"CySysClkWriteImoFreq\000"
 1628      73436C6B 
 1628      57726974 
 1628      65496D6F 
 1628      46726571 
 1629              	.LASF7:
 1630 02a0 6C6F6E67 		.ascii	"long int\000"
 1630      20696E74 
 1630      00
 1631              	.LASF2:
 1632 02a9 6C6F6E67 		.ascii	"long double\000"
 1632      20646F75 
 1632      626C6500 
ARM GAS  C:\Users\Jimmy\AppData\Local\Temp\ccaoCE6V.s 			page 39


 1633              	.LASF40:
 1634 02b5 4379496E 		.ascii	"CyIntEnable\000"
 1634      74456E61 
 1634      626C6500 
 1635              	.LASF3:
 1636 02c1 7369676E 		.ascii	"signed char\000"
 1636      65642063 
 1636      68617200 
 1637              	.LASF42:
 1638 02cd 47656E65 		.ascii	"Generated_Source\\PSoC4\\cyfitter_cfg.c\000"
 1638      72617465 
 1638      645F536F 
 1638      75726365 
 1638      5C50536F 
 1639              		.ident	"GCC: (GNU Tools for ARM Embedded Processors) 5.4.1 20160609 (release) [ARM/embedded-5-bran
