Archive member included to satisfy reference by file (symbol)

.\CortexM0\ARM_GCC_541\Debug\RTC_P4_WDT_Example01.a(LED_Alarm.o)
                              .\CortexM0\ARM_GCC_541\Debug\main.o (LED_Alarm_Write)
.\CortexM0\ARM_GCC_541\Debug\RTC_P4_WDT_Example01.a(LED_WdtIsr.o)
                              .\CortexM0\ARM_GCC_541\Debug\main.o (LED_WdtIsr_Write)
.\CortexM0\ARM_GCC_541\Debug\RTC_P4_WDT_Example01.a(RTC.o)
                              .\CortexM0\ARM_GCC_541\Debug\main.o (RTC_SetPeriod)
.\CortexM0\ARM_GCC_541\Debug\RTC_P4_WDT_Example01.a(UART.o)
                              .\CortexM0\ARM_GCC_541\Debug\main.o (UART_PutString)
.\CortexM0\ARM_GCC_541\Debug\RTC_P4_WDT_Example01.a(LFCLK_Out.o)
                              .\CortexM0\ARM_GCC_541\Debug\main.o (LFCLK_Out_SetDriveMode)
.\CortexM0\ARM_GCC_541\Debug\RTC_P4_WDT_Example01.a(CyLib.o)
                              .\CortexM0\ARM_GCC_541\Debug\cyfitter_cfg.o (CyIntEnable)
.\CortexM0\ARM_GCC_541\Debug\RTC_P4_WDT_Example01.a(cyPm.o)
                              .\CortexM0\ARM_GCC_541\Debug\main.o (CySysPmSleep)
.\CortexM0\ARM_GCC_541\Debug\RTC_P4_WDT_Example01.a(CyLFClk.o)
                              .\CortexM0\ARM_GCC_541\Debug\main.o (CySysClkWcoStart)
.\CortexM0\ARM_GCC_541\Debug\RTC_P4_WDT_Example01.a(Timer1.o)
                              .\CortexM0\ARM_GCC_541\Debug\main.o (Timer1_ReadCounter)
.\CortexM0\ARM_GCC_541\Debug\RTC_P4_WDT_Example01.a(isrTimer1.o)
                              .\CortexM0\ARM_GCC_541\Debug\main.o (isrTimer1_StartEx)
.\CortexM0\ARM_GCC_541\Debug\RTC_P4_WDT_Example01.a(UART_AsmGnu.o)
                              .\CortexM0\ARM_GCC_541\Debug\RTC_P4_WDT_Example01.a(UART.o) (UART_PutChar)
.\CortexM0\ARM_GCC_541\Debug\RTC_P4_WDT_Example01.a(CyBootAsmGnu.o)
                              .\CortexM0\ARM_GCC_541\Debug\RTC_P4_WDT_Example01.a(CyLib.o) (CyDelayCycles)
c:/program files/cypress/psoc creator/4.2/psoc creator/import/gnu/arm/5.4.1/bin/../lib/gcc/arm-none-eabi/5.4.1/armv6-m\libgcc.a(_udivsi3.o)
                              .\CortexM0\ARM_GCC_541\Debug\RTC_P4_WDT_Example01.a(RTC.o) (__aeabi_uidiv)
c:/program files/cypress/psoc creator/4.2/psoc creator/import/gnu/arm/5.4.1/bin/../lib/gcc/arm-none-eabi/5.4.1/armv6-m\libgcc.a(_divsi3.o)
                              .\CortexM0\ARM_GCC_541\Debug\RTC_P4_WDT_Example01.a(CyLFClk.o) (__aeabi_idiv)
c:/program files/cypress/psoc creator/4.2/psoc creator/import/gnu/arm/5.4.1/bin/../lib/gcc/arm-none-eabi/5.4.1/armv6-m\libgcc.a(_dvmd_tls.o)
                              c:/program files/cypress/psoc creator/4.2/psoc creator/import/gnu/arm/5.4.1/bin/../lib/gcc/arm-none-eabi/5.4.1/armv6-m\libgcc.a(_udivsi3.o) (__aeabi_idiv0)
c:/program files/cypress/psoc creator/4.2/psoc creator/import/gnu/arm/5.4.1/bin/../lib/gcc/arm-none-eabi/5.4.1/armv6-m\libgcc.a(_aeabi_uldivmod.o)
                              .\CortexM0\ARM_GCC_541\Debug\RTC_P4_WDT_Example01.a(RTC.o) (__aeabi_uldivmod)
c:/program files/cypress/psoc creator/4.2/psoc creator/import/gnu/arm/5.4.1/bin/../lib/gcc/arm-none-eabi/5.4.1/armv6-m\libgcc.a(_muldi3.o)
                              .\CortexM0\ARM_GCC_541\Debug\RTC_P4_WDT_Example01.a(RTC.o) (__aeabi_lmul)
c:/program files/cypress/psoc creator/4.2/psoc creator/import/gnu/arm/5.4.1/bin/../lib/gcc/arm-none-eabi/5.4.1/armv6-m\libgcc.a(_udivmoddi4.o)
                              c:/program files/cypress/psoc creator/4.2/psoc creator/import/gnu/arm/5.4.1/bin/../lib/gcc/arm-none-eabi/5.4.1/armv6-m\libgcc.a(_aeabi_uldivmod.o) (__udivmoddi4)
c:/program files/cypress/psoc creator/4.2/psoc creator/import/gnu/arm/5.4.1/bin/../lib/gcc/arm-none-eabi/5.4.1/armv6-m\libgcc.a(_clzdi2.o)
                              c:/program files/cypress/psoc creator/4.2/psoc creator/import/gnu/arm/5.4.1/bin/../lib/gcc/arm-none-eabi/5.4.1/armv6-m\libgcc.a(_udivmoddi4.o) (__clzdi2)
c:/program files/cypress/psoc creator/4.2/psoc creator/import/gnu/arm/5.4.1/bin/../lib/gcc/arm-none-eabi/5.4.1/armv6-m\libgcc.a(_clzsi2.o)
                              c:/program files/cypress/psoc creator/4.2/psoc creator/import/gnu/arm/5.4.1/bin/../lib/gcc/arm-none-eabi/5.4.1/armv6-m\libgcc.a(_clzdi2.o) (__clzsi2)
c:/program files/cypress/psoc creator/4.2/psoc creator/import/gnu/arm/5.4.1/bin/../lib/gcc/arm-none-eabi/5.4.1/../../../../arm-none-eabi/lib/armv6-m\libg_nano.a(lib_a-errno.o)
                              .\CortexM0\ARM_GCC_541\Debug\Cm0Start.o (__errno)
c:/program files/cypress/psoc creator/4.2/psoc creator/import/gnu/arm/5.4.1/bin/../lib/gcc/arm-none-eabi/5.4.1/../../../../arm-none-eabi/lib/armv6-m\libg_nano.a(lib_a-exit.o)
                              c:/program files/cypress/psoc creator/4.2/psoc creator/import/gnu/arm/5.4.1/bin/../lib/gcc/arm-none-eabi/5.4.1/../../../../arm-none-eabi/lib/armv6-m/crt0.o (exit)
c:/program files/cypress/psoc creator/4.2/psoc creator/import/gnu/arm/5.4.1/bin/../lib/gcc/arm-none-eabi/5.4.1/../../../../arm-none-eabi/lib/armv6-m\libg_nano.a(lib_a-impure.o)
[...]
Memory Configuration

Name             Origin             Length             Attributes
rom              0x00000000         0x00040000         xr
ram              0x20000000         0x00008000         xrw
*default*        0x00000000         0xffffffff

Linker script and memory map

LOAD c:/program files/cypress/psoc creator/4.2/psoc creator/import/gnu/arm/5.4.1/bin/../lib/gcc/arm-none-eabi/5.4.1/armv6-m/crti.o
LOAD c:/program files/cypress/psoc creator/4.2/psoc creator/import/gnu/arm/5.4.1/bin/../lib/gcc/arm-none-eabi/5.4.1/armv6-m/crtbegin.o
LOAD c:/program files/cypress/psoc creator/4.2/psoc creator/import/gnu/arm/5.4.1/bin/../lib/gcc/arm-none-eabi/5.4.1/../../../../arm-none-eabi/lib/armv6-m/crt0.o
START GROUP
LOAD .\CortexM0\ARM_GCC_541\Debug\main.o
LOAD .\CortexM0\ARM_GCC_541\Debug\cyfitter_cfg.o
LOAD .\CortexM0\ARM_GCC_541\Debug\cymetadata.o
LOAD .\CortexM0\ARM_GCC_541\Debug\Cm0Start.o
LOAD .\CortexM0\ARM_GCC_541\Debug\RTC_P4_WDT_Example01.a
END GROUP
START GROUP
LOAD c:/program files/cypress/psoc creator/4.2/psoc creator/import/gnu/arm/5.4.1/bin/../lib/gcc/arm-none-eabi/5.4.1/armv6-m\libgcc.a
LOAD c:/program files/cypress/psoc creator/4.2/psoc creator/import/gnu/arm/5.4.1/bin/../lib/gcc/arm-none-eabi/5.4.1/../../../../arm-none-eabi/lib/armv6-m\libg_nano.a
LOAD c:/program files/cypress/psoc creator/4.2/psoc creator/import/gnu/arm/5.4.1/bin/../lib/gcc/arm-none-eabi/5.4.1/../../../../arm-none-eabi/lib/armv6-m\libc_nano.a
END GROUP
START GROUP
LOAD c:/program files/cypress/psoc creator/4.2/psoc creator/import/gnu/arm/5.4.1/bin/../lib/gcc/arm-none-eabi/5.4.1/armv6-m\libgcc.a
LOAD c:/program files/cypress/psoc creator/4.2/psoc creator/import/gnu/arm/5.4.1/bin/../lib/gcc/arm-none-eabi/5.4.1/../../../../arm-none-eabi/lib/armv6-m\libc_nano.a
END GROUP
LOAD c:/program files/cypress/psoc creator/4.2/psoc creator/import/gnu/arm/5.4.1/bin/../lib/gcc/arm-none-eabi/5.4.1/armv6-m/crtend.o
LOAD c:/program files/cypress/psoc creator/4.2/psoc creator/import/gnu/arm/5.4.1/bin/../lib/gcc/arm-none-eabi/5.4.1/armv6-m/crtn.o
START GROUP
LOAD c:/program files/cypress/psoc creator/4.2/psoc creator/import/gnu/arm/5.4.1/bin/../lib/gcc/arm-none-eabi/5.4.1/armv6-m\libgcc.a
LOAD c:/program files/cypress/psoc creator/4.2/psoc creator/import/gnu/arm/5.4.1/bin/../lib/gcc/arm-none-eabi/5.4.1/../../../../arm-none-eabi/lib/armv6-m\libc.a
LOAD c:/program files/cypress/psoc creator/4.2/psoc creator/import/gnu/arm/5.4.1/bin/../lib/gcc/arm-none-eabi/5.4.1/../../../../arm-none-eabi/lib/armv6-m\libnosys.a
END GROUP
                0x00000000                CY_APPL_ORIGIN = 0x0
                0x00000100                CY_FLASH_ROW_SIZE = 0x100
                0x00000001                CY_APPL_NUM = 0x1
                0x00000001                CY_APPL_MAX = 0x1
                0x00000040                CY_METADATA_SIZE = 0x40
                0x00000000                CY_APPL_LOADABLE = 0x0
                0x00000000                CY_CHECKSUM_EXCLUDE_SIZE = ALIGN (0x0, CY_FLASH_ROW_SIZE)
                0x00000000                CY_APP_FOR_STACK_AND_COPIER = 0x0
                [!provide]                PROVIDE (__cy_heap_start, _end)
                0x00000001                PROVIDE (__cy_region_num, ((__cy_regions_end - __cy_regions) / 0x10))
                0x20008000                PROVIDE (__cy_stack, (ORIGIN (ram) + LENGTH (ram)))
                [!provide]                PROVIDE (__cy_heap_end, (__cy_stack - 0x400))

.cybootloader   0x00000000        0x0
 *(.cybootloader)
                0x00000000                appl1_start = CY_APPL_ORIGIN?CY_APPL_ORIGIN:ALIGN (CY_FLASH_ROW_SIZE)
                0x0001ff00                appl2_start = (appl1_start + ALIGN ((((LENGTH (rom) - appl1_start) - (0x2 * CY_FLASH_ROW_SIZE)) / 0x2), CY_FLASH_ROW_SIZE))
                0x00000000                appl_start = (CY_APPL_NUM == 0x1)?appl1_start:appl2_start
                0x00000001                cy_project_type_bootloader = (appl_start == 0x0)?0x1:0x0
                0x00000000                cy_project_type_app_for_stack_and_copier = (CY_APP_FOR_STACK_AND_COPIER == 0x1)?0x1:0x0

.text           0x00000000     0x2f7e
 CREATE_OBJECT_SYMBOLS
                0x00000000                PROVIDE (__cy_interrupt_vector, RomVectors)
 *(.romvectors)
 .romvectors    0x00000000       0x10 .\CortexM0\ARM_GCC_541\Debug\Cm0Start.o
                0x00000000                RomVectors
                0x00000001                ASSERT ((. != __cy_interrupt_vector), No interrupt vector)
                0x00000001                ASSERT (CY_APPL_ORIGIN?(SIZEOF (.cybootloader) <= CY_APPL_ORIGIN):0x1, Wrong image location)
                0x00000010                PROVIDE (__cy_reset, Reset)
 *(.text.Reset)
 .text.Reset    0x00000010        0x8 .\CortexM0\ARM_GCC_541\Debug\Cm0Start.o
                0x00000010                Reset
                0x00000001                ASSERT ((. != __cy_reset), No reset code)
 *(.psocinit)
 .psocinit      0x00000018      0x198 .\CortexM0\ARM_GCC_541\Debug\cyfitter_cfg.o
                0x000000d8                cyfitter_cfg
                0x000001b0                . = MAX (., 0x100)
 *(.text .text.* .gnu.linkonce.t.*)
 .text          0x000001b0       0x60 c:/program files/cypress/psoc creator/4.2/psoc creator/import/gnu/arm/5.4.1/bin/../lib/gcc/arm-none-eabi/5.4.1/armv6-m/crtbegin.o
 .text.EnableRtcOperation
                0x00000210       0x44 .\CortexM0\ARM_GCC_541\Debug\main.o
                0x00000210                EnableRtcOperation
 .text.UpdateTimeIsrHandler
                0x00000254       0x24 .\CortexM0\ARM_GCC_541\Debug\main.o
                0x00000254                UpdateTimeIsrHandler
 .text.AlarmIsrHandler
                0x00000278       0x14 .\CortexM0\ARM_GCC_541\Debug\main.o
                0x00000278                AlarmIsrHandler
 .text.Time1_ISR_Handler
                0x0000028c       0x48 .\CortexM0\ARM_GCC_541\Debug\main.o
                0x0000028c                Time1_ISR_Handler
 .text.main     0x000002d4      0x1ac .\CortexM0\ARM_GCC_541\Debug\main.o
                0x000002d4                main
 .text.cfg_write_bytes32
                0x00000480       0x34 .\CortexM0\ARM_GCC_541\Debug\cyfitter_cfg.o
 .text.AnalogSetDefault
                0x000004b4       0x20 .\CortexM0\ARM_GCC_541\Debug\cyfitter_cfg.o
 .text.CYMEMZERO
                0x000004d4        0xc .\CortexM0\ARM_GCC_541\Debug\cyfitter_cfg.o
 .text.IntDefaultHandler
                0x000004e0       0x10 .\CortexM0\ARM_GCC_541\Debug\Cm0Start.o
                0x000004e0                IntDefaultHandler
 .text._sbrk    0x000004f0       0x30 .\CortexM0\ARM_GCC_541\Debug\Cm0Start.o
                0x000004f0                _sbrk
 .text.Start_c  0x00000520       0x48 .\CortexM0\ARM_GCC_541\Debug\Cm0Start.o
                0x00000520                Start_c
 .text.initialize_psoc
                0x00000568       0x4c .\CortexM0\ARM_GCC_541\Debug\Cm0Start.o
                0x00000568                initialize_psoc
 .text.LED_Alarm_Write
                0x000005b4       0x18 .\CortexM0\ARM_GCC_541\Debug\RTC_P4_WDT_Example01.a(LED_Alarm.o)
                0x000005b4                LED_Alarm_Write
 .text.LED_Alarm_Read
                0x000005cc       0x10 .\CortexM0\ARM_GCC_541\Debug\RTC_P4_WDT_Example01.a(LED_Alarm.o)
                0x000005cc                LED_Alarm_Read
 .text.LED_WdtIsr_Write
                0x000005dc       0x18 .\CortexM0\ARM_GCC_541\Debug\RTC_P4_WDT_Example01.a(LED_WdtIsr.o)
                0x000005dc                LED_WdtIsr_Write
 .text.LED_WdtIsr_Read
                0x000005f4       0x10 .\CortexM0\ARM_GCC_541\Debug\RTC_P4_WDT_Example01.a(LED_WdtIsr.o)
                0x000005f4                LED_WdtIsr_Read
 .text.RTC_SetPeriod
                0x00000604        0xc .\CortexM0\ARM_GCC_541\Debug\RTC_P4_WDT_Example01.a(RTC.o)
                0x00000604                RTC_SetPeriod
 .text.RTC_ClearAlarmStatus
                0x00000610       0x1c .\CortexM0\ARM_GCC_541\Debug\RTC_P4_WDT_Example01.a(RTC.o)
                0x00000610                RTC_ClearAlarmStatus
 .text.RTC_SetAlarmHandler
                0x0000062c       0x10 .\CortexM0\ARM_GCC_541\Debug\RTC_P4_WDT_Example01.a(RTC.o)
                0x0000062c                RTC_SetAlarmHandler
 .text.RTC_DateTimeToUnix
                0x0000063c      0x1dc .\CortexM0\ARM_GCC_541\Debug\RTC_P4_WDT_Example01.a(RTC.o)
                0x0000063c                RTC_DateTimeToUnix
 .text.RTC_DaysInMonth
                0x00000818       0x48 .\CortexM0\ARM_GCC_541\Debug\RTC_P4_WDT_Example01.a(RTC.o)
                0x00000818                RTC_DaysInMonth
 .text.RTC_UnixToDateTime
                0x00000860      0x2a0 .\CortexM0\ARM_GCC_541\Debug\RTC_P4_WDT_Example01.a(RTC.o)
                0x00000860                RTC_UnixToDateTime
 .text.RTC_GetTime
                0x00000b00       0x30 .\CortexM0\ARM_GCC_541\Debug\RTC_P4_WDT_Example01.a(RTC.o)
                0x00000b00                RTC_GetTime
 .text.RTC_GetDate
                0x00000b30       0x30 .\CortexM0\ARM_GCC_541\Debug\RTC_P4_WDT_Example01.a(RTC.o)
                0x00000b30                RTC_GetDate
 .text.RTC_GetNexAlarmTime
                0x00000b60      0x2f4 .\CortexM0\ARM_GCC_541\Debug\RTC_P4_WDT_Example01.a(RTC.o)
                0x00000b60                RTC_GetNexAlarmTime
 .text.RTC_ConstructUnixAlarmTime
                0x00000e54      0x3e8 .\CortexM0\ARM_GCC_541\Debug\RTC_P4_WDT_Example01.a(RTC.o)
                0x00000e54                RTC_ConstructUnixAlarmTime
 .text.RTC_SetAlarmDateAndTime
                0x0000123c       0x2c .\CortexM0\ARM_GCC_541\Debug\RTC_P4_WDT_Example01.a(RTC.o)
                0x0000123c                RTC_SetAlarmDateAndTime
 .text.RTC_SetAlarmMask
                0x00001268       0x28 .\CortexM0\ARM_GCC_541\Debug\RTC_P4_WDT_Example01.a(RTC.o)
                0x00001268                RTC_SetAlarmMask
 .text.RTC_RelativeToFixed
                0x00001290      0x118 .\CortexM0\ARM_GCC_541\Debug\RTC_P4_WDT_Example01.a(RTC.o)
                0x00001290                RTC_RelativeToFixed
 .text.RTC_GetDstUnixTime
                0x000013a8       0xfc .\CortexM0\ARM_GCC_541\Debug\RTC_P4_WDT_Example01.a(RTC.o)
                0x000013a8                RTC_GetDstUnixTime
 .text.RTC_SetDateAndTime
                0x000014a4      0x15c .\CortexM0\ARM_GCC_541\Debug\RTC_P4_WDT_Example01.a(RTC.o)
                0x000014a4                RTC_SetDateAndTime
 .text.RTC_SetDSTStartTime
                0x00001600       0x7c .\CortexM0\ARM_GCC_541\Debug\RTC_P4_WDT_Example01.a(RTC.o)
                0x00001600                RTC_SetDSTStartTime
 .text.RTC_SetDSTStopTime
                0x0000167c       0x7c .\CortexM0\ARM_GCC_541\Debug\RTC_P4_WDT_Example01.a(RTC.o)
                0x0000167c                RTC_SetDSTStopTime
 .text.RTC_Init
                0x000016f8       0xdc .\CortexM0\ARM_GCC_541\Debug\RTC_P4_WDT_Example01.a(RTC.o)
                0x000016f8                RTC_Init
 .text.RTC_Start
                0x000017d4       0x14 .\CortexM0\ARM_GCC_541\Debug\RTC_P4_WDT_Example01.a(RTC.o)
                0x000017d4                RTC_Start
 .text.RTC_Update
                0x000017e8       0xf0 .\CortexM0\ARM_GCC_541\Debug\RTC_P4_WDT_Example01.a(RTC.o)
                0x000017e8                RTC_Update
 .text.UART_PutString
                0x000018d8       0x1c .\CortexM0\ARM_GCC_541\Debug\RTC_P4_WDT_Example01.a(UART.o)
                0x000018d8                UART_PutString
 .text.LFCLK_Out_SetDriveMode
                0x000018f4       0x18 .\CortexM0\ARM_GCC_541\Debug\RTC_P4_WDT_Example01.a(LFCLK_Out.o)
                0x000018f4                LFCLK_Out_SetDriveMode
 .text.CySysClkEcoReadStatus
                0x0000190c       0x10 .\CortexM0\ARM_GCC_541\Debug\RTC_P4_WDT_Example01.a(CyLib.o)
                0x0000190c                CySysClkEcoReadStatus
 .text.CyIntEnable
                0x0000191c       0x14 .\CortexM0\ARM_GCC_541\Debug\RTC_P4_WDT_Example01.a(CyLib.o)
                0x0000191c                CyIntEnable
 .text.CyHalt   0x00001930        0x4 .\CortexM0\ARM_GCC_541\Debug\RTC_P4_WDT_Example01.a(CyLib.o)
                0x00001930                CyHalt
 .text.CyIntSetVector
                0x00001934       0x24 .\CortexM0\ARM_GCC_541\Debug\RTC_P4_WDT_Example01.a(CyLib.o)
                0x00001934                CyIntSetVector
 .text.CyDelayUs
                0x00001958       0x14 .\CortexM0\ARM_GCC_541\Debug\RTC_P4_WDT_Example01.a(CyLib.o)
                0x00001958                CyDelayUs
 .text.CySysClkWriteImoFreq
                0x0000196c      0x164 .\CortexM0\ARM_GCC_541\Debug\RTC_P4_WDT_Example01.a(CyLib.o)
                0x0000196c                CySysClkWriteImoFreq
 .text.CySysClkEcoStart
                0x00001ad0       0x54 .\CortexM0\ARM_GCC_541\Debug\RTC_P4_WDT_Example01.a(CyLib.o)
                0x00001ad0                CySysClkEcoStart
 .text.CySysPmSleep
                0x00001b24       0x1c .\CortexM0\ARM_GCC_541\Debug\RTC_P4_WDT_Example01.a(cyPm.o)
                0x00001b24                CySysPmSleep
 .text.CySysClkGetLfclkSource
                0x00001b40       0x10 .\CortexM0\ARM_GCC_541\Debug\RTC_P4_WDT_Example01.a(CyLFClk.o)
 .text.CySysWdtLocked
                0x00001b50       0x14 .\CortexM0\ARM_GCC_541\Debug\RTC_P4_WDT_Example01.a(CyLFClk.o)
 .text.CySysClkWcoStart
                0x00001b64       0x40 .\CortexM0\ARM_GCC_541\Debug\RTC_P4_WDT_Example01.a(CyLFClk.o)
                0x00001b64                CySysClkWcoStart
 .text.CySysWdtLock
                0x00001ba4       0x1c .\CortexM0\ARM_GCC_541\Debug\RTC_P4_WDT_Example01.a(CyLFClk.o)
                0x00001ba4                CySysWdtLock
 .text.CySysWdtUnlock
                0x00001bc0       0x30 .\CortexM0\ARM_GCC_541\Debug\RTC_P4_WDT_Example01.a(CyLFClk.o)
                0x00001bc0                CySysWdtUnlock
 .text.CySysWdtGetEnabledStatus
                0x00001bf0       0x24 .\CortexM0\ARM_GCC_541\Debug\RTC_P4_WDT_Example01.a(CyLFClk.o)
                0x00001bf0                CySysWdtGetEnabledStatus
 .text.CySysWdtSetMode
                0x00001c14       0x38 .\CortexM0\ARM_GCC_541\Debug\RTC_P4_WDT_Example01.a(CyLFClk.o)
                0x00001c14                CySysWdtSetMode
 .text.CySysClkLfclkPosedgeRestore
                0x00001c4c       0x2c .\CortexM0\ARM_GCC_541\Debug\RTC_P4_WDT_Example01.a(CyLFClk.o)
 .text.CySysWdtGetMode
                0x00001c78       0x14 .\CortexM0\ARM_GCC_541\Debug\RTC_P4_WDT_Example01.a(CyLFClk.o)
                0x00001c78                CySysWdtGetMode
 .text.CySysWdtSetClearOnMatch
                0x00001c8c       0x34 .\CortexM0\ARM_GCC_541\Debug\RTC_P4_WDT_Example01.a(CyLFClk.o)
                0x00001c8c                CySysWdtSetClearOnMatch
 .text.CySysWdtGetClearOnMatch
                0x00001cc0       0x24 .\CortexM0\ARM_GCC_541\Debug\RTC_P4_WDT_Example01.a(CyLFClk.o)
                0x00001cc0                CySysWdtGetClearOnMatch
 .text.CySysWdtEnable
                0x00001ce4       0x3c .\CortexM0\ARM_GCC_541\Debug\RTC_P4_WDT_Example01.a(CyLFClk.o)
                0x00001ce4                CySysWdtEnable
 .text.CySysWdtDisable
                0x00001d20       0x44 .\CortexM0\ARM_GCC_541\Debug\RTC_P4_WDT_Example01.a(CyLFClk.o)
                0x00001d20                CySysWdtDisable
 .text.CySysWdtSetMatch
                0x00001d64       0x54 .\CortexM0\ARM_GCC_541\Debug\RTC_P4_WDT_Example01.a(CyLFClk.o)
                0x00001d64                CySysWdtSetMatch
 .text.CySysWdtGetCount
                0x00001db8       0x3c .\CortexM0\ARM_GCC_541\Debug\RTC_P4_WDT_Example01.a(CyLFClk.o)
                0x00001db8                CySysWdtGetCount
 .text.CySysClkLfclkPosedgeCatch
                0x00001df4       0x74 .\CortexM0\ARM_GCC_541\Debug\RTC_P4_WDT_Example01.a(CyLFClk.o)
 .text.CySysClkSetLfclkSource
                0x00001e68       0x38 .\CortexM0\ARM_GCC_541\Debug\RTC_P4_WDT_Example01.a(CyLFClk.o)
                0x00001e68                CySysClkSetLfclkSource
 .text.CySysWdtClearInterrupt
                0x00001ea0       0x4c .\CortexM0\ARM_GCC_541\Debug\RTC_P4_WDT_Example01.a(CyLFClk.o)
                0x00001ea0                CySysWdtClearInterrupt
 .text.CySysWdtSetInterruptCallback
                0x00001eec       0x20 .\CortexM0\ARM_GCC_541\Debug\RTC_P4_WDT_Example01.a(CyLFClk.o)
                0x00001eec                CySysWdtSetInterruptCallback
 .text.CySysWdtEnableCounterIsr
                0x00001f0c       0x34 .\CortexM0\ARM_GCC_541\Debug\RTC_P4_WDT_Example01.a(CyLFClk.o)
                0x00001f0c                CySysWdtEnableCounterIsr
 .text.CySysWdtDisableCounterIsr
                0x00001f40       0x28 .\CortexM0\ARM_GCC_541\Debug\RTC_P4_WDT_Example01.a(CyLFClk.o)
                0x00001f40                CySysWdtDisableCounterIsr
 .text.CySysWdtIsr
                0x00001f68       0xa4 .\CortexM0\ARM_GCC_541\Debug\RTC_P4_WDT_Example01.a(CyLFClk.o)
                0x00001f68                CySysWdtIsr
 .text.CySysTimerDelayUntilMatch
                0x0000200c       0x6c .\CortexM0\ARM_GCC_541\Debug\RTC_P4_WDT_Example01.a(CyLFClk.o)
                0x0000200c                CySysTimerDelayUntilMatch
 .text.CySysTimerDelay
                0x00002078       0x3c .\CortexM0\ARM_GCC_541\Debug\RTC_P4_WDT_Example01.a(CyLFClk.o)
                0x00002078                CySysTimerDelay
 .text.Timer1_WriteCounter
                0x000020b4       0x10 .\CortexM0\ARM_GCC_541\Debug\RTC_P4_WDT_Example01.a(Timer1.o)
                0x000020b4                Timer1_WriteCounter
 .text.Timer1_ReadCounter
                0x000020c4       0x10 .\CortexM0\ARM_GCC_541\Debug\RTC_P4_WDT_Example01.a(Timer1.o)
                0x000020c4                Timer1_ReadCounter
 .text.Timer1_WritePeriod
                0x000020d4       0x10 .\CortexM0\ARM_GCC_541\Debug\RTC_P4_WDT_Example01.a(Timer1.o)
                0x000020d4                Timer1_WritePeriod
 .text.Timer1_WriteCompare
                0x000020e4       0x10 .\CortexM0\ARM_GCC_541\Debug\RTC_P4_WDT_Example01.a(Timer1.o)
                0x000020e4                Timer1_WriteCompare
 .text.Timer1_TriggerCommand
                0x000020f4       0x1c .\CortexM0\ARM_GCC_541\Debug\RTC_P4_WDT_Example01.a(Timer1.o)
                0x000020f4                Timer1_TriggerCommand
 .text.Timer1_Enable
                0x00002110       0x24 .\CortexM0\ARM_GCC_541\Debug\RTC_P4_WDT_Example01.a(Timer1.o)
                0x00002110                Timer1_Enable
 .text.Timer1_SetInterruptMode
                0x00002134        0xc .\CortexM0\ARM_GCC_541\Debug\RTC_P4_WDT_Example01.a(Timer1.o)
                0x00002134                Timer1_SetInterruptMode
 .text.Timer1_Init
                0x00002140       0x34 .\CortexM0\ARM_GCC_541\Debug\RTC_P4_WDT_Example01.a(Timer1.o)
                0x00002140                Timer1_Init
 .text.Timer1_Start
                0x00002174       0x20 .\CortexM0\ARM_GCC_541\Debug\RTC_P4_WDT_Example01.a(Timer1.o)
                0x00002174                Timer1_Start
 .text.Timer1_GetInterruptSourceMasked
                0x00002194        0xc .\CortexM0\ARM_GCC_541\Debug\RTC_P4_WDT_Example01.a(Timer1.o)
                0x00002194                Timer1_GetInterruptSourceMasked
 .text.Timer1_ClearInterrupt
                0x000021a0        0xc .\CortexM0\ARM_GCC_541\Debug\RTC_P4_WDT_Example01.a(Timer1.o)
                0x000021a0                Timer1_ClearInterrupt
 .text.isrTimer1_SetVector
                0x000021ac        0xc .\CortexM0\ARM_GCC_541\Debug\RTC_P4_WDT_Example01.a(isrTimer1.o)
                0x000021ac                isrTimer1_SetVector
 .text.isrTimer1_SetPriority
                0x000021b8       0x24 .\CortexM0\ARM_GCC_541\Debug\RTC_P4_WDT_Example01.a(isrTimer1.o)
                0x000021b8                isrTimer1_SetPriority
 .text.isrTimer1_Enable
                0x000021dc       0x10 .\CortexM0\ARM_GCC_541\Debug\RTC_P4_WDT_Example01.a(isrTimer1.o)
                0x000021dc                isrTimer1_Enable
 .text.isrTimer1_Disable
                0x000021ec       0x10 .\CortexM0\ARM_GCC_541\Debug\RTC_P4_WDT_Example01.a(isrTimer1.o)
                0x000021ec                isrTimer1_Disable
 .text.isrTimer1_StartEx
                0x000021fc       0x1c .\CortexM0\ARM_GCC_541\Debug\RTC_P4_WDT_Example01.a(isrTimer1.o)
                0x000021fc                isrTimer1_StartEx
 .text.isrTimer1_ClearPending
                0x00002218       0x10 .\CortexM0\ARM_GCC_541\Debug\RTC_P4_WDT_Example01.a(isrTimer1.o)
                0x00002218                isrTimer1_ClearPending
 *fill*         0x00002228       0x18 
 .text          0x00002240       0xd4 .\CortexM0\ARM_GCC_541\Debug\RTC_P4_WDT_Example01.a(UART_AsmGnu.o)
                0x00002240                UART_PutChar
 *fill*         0x00002314        0x4 
 .text          0x00002318       0x20 .\CortexM0\ARM_GCC_541\Debug\RTC_P4_WDT_Example01.a(CyBootAsmGnu.o)
                0x00002318                CyDelayCycles
                0x0000232a                CyEnterCriticalSection
                0x00002332                CyExitCriticalSection
 .text          0x00002338      0x114 c:/program files/cypress/psoc creator/4.2/psoc creator/import/gnu/arm/5.4.1/bin/../lib/gcc/arm-none-eabi/5.4.1/armv6-m\libgcc.a(_udivsi3.o)
                0x00002338                __aeabi_uidiv
                0x00002338                __udivsi3
                0x00002444                __aeabi_uidivmod
 .text          0x0000244c        0x4 c:/program files/cypress/psoc creator/4.2/psoc creator/import/gnu/arm/5.4.1/bin/../lib/gcc/arm-none-eabi/5.4.1/armv6-m\libgcc.a(_dvmd_tls.o)
                0x0000244c                __aeabi_idiv0
                0x0000244c                __aeabi_ldiv0
 .text          0x00002450       0x40 c:/program files/cypress/psoc creator/4.2/psoc creator/import/gnu/arm/5.4.1/bin/../lib/gcc/arm-none-eabi/5.4.1/armv6-m\libgcc.a(_aeabi_uldivmod.o)
                0x00002450                __aeabi_uldivmod
 .text          0x00002490       0x58 c:/program files/cypress/psoc creator/4.2/psoc creator/import/gnu/arm/5.4.1/bin/../lib/gcc/arm-none-eabi/5.4.1/armv6-m\libgcc.a(_muldi3.o)
                0x00002490                __muldi3
                0x00002490                __aeabi_lmul
 .text          0x000024e8      0x180 c:/program files/cypress/psoc creator/4.2/psoc creator/import/gnu/arm/5.4.1/bin/../lib/gcc/arm-none-eabi/5.4.1/armv6-m\libgcc.a(_udivmoddi4.o)
                0x000024e8                __udivmoddi4
 .text          0x00002668       0x18 c:/program files/cypress/psoc creator/4.2/psoc creator/import/gnu/arm/5.4.1/bin/../lib/gcc/arm-none-eabi/5.4.1/armv6-m\libgcc.a(_clzdi2.o)
                0x00002668                __clzdi2
 .text          0x00002680       0x3c c:/program files/cypress/psoc creator/4.2/psoc creator/import/gnu/arm/5.4.1/bin/../lib/gcc/arm-none-eabi/5.4.1/armv6-m\libgcc.a(_clzsi2.o)
                0x00002680                __clzsi2
 .text.__errno  0x000026bc        0xc c:/program files/cypress/psoc creator/4.2/psoc creator/import/gnu/arm/5.4.1/bin/../lib/gcc/arm-none-eabi/5.4.1/../../../../arm-none-eabi/lib/armv6-m\libg_nano.a(lib_a-errno.o)
                0x000026bc                __errno
 .text.__libc_init_array
                0x000026c8       0x4c c:/program files/cypress/psoc creator/4.2/psoc creator/import/gnu/arm/5.4.1/bin/../lib/gcc/arm-none-eabi/5.4.1/../../../../arm-none-eabi/lib/armv6-m\libg_nano.a(lib_a-init.o)
                0x000026c8                __libc_init_array
 .text.memset   0x00002714       0x10 c:/program files/cypress/psoc creator/4.2/psoc creator/import/gnu/arm/5.4.1/bin/../lib/gcc/arm-none-eabi/5.4.1/../../../../arm-none-eabi/lib/armv6-m\libg_nano.a(lib_a-memset.o)
                0x00002714                memset
 .text.sprintf  0x00002724       0x44 c:/program files/cypress/psoc creator/4.2/psoc creator/import/gnu/arm/5.4.1/bin/../lib/gcc/arm-none-eabi/5.4.1/../../../../arm-none-eabi/lib/armv6-m\libg_nano.a(lib_a-sprintf.o)
                0x00002724                siprintf
                0x00002724                sprintf
 .text.__ssputs_r
                0x00002768       0xc4 c:/program files/cypress/psoc creator/4.2/psoc creator/import/gnu/arm/5.4.1/bin/../lib/gcc/arm-none-eabi/5.4.1/../../../../arm-none-eabi/lib/armv6-m\libg_nano.a(lib_a-nano-svfprintf.o)
                0x00002768                __ssputs_r
 .text._svfprintf_r
                0x0000282c      0x1fc c:/program files/cypress/psoc creator/4.2/psoc creator/import/gnu/arm/5.4.1/bin/../lib/gcc/arm-none-eabi/5.4.1/../../../../arm-none-eabi/lib/armv6-m\libg_nano.a(lib_a-nano-svfprintf.o)
                0x0000282c                _svfiprintf_r
                0x0000282c                _svfprintf_r
 .text._printf_common
                0x00002a28       0xdc c:/program files/cypress/psoc creator/4.2/psoc creator/import/gnu/arm/5.4.1/bin/../lib/gcc/arm-none-eabi/5.4.1/../../../../arm-none-eabi/lib/armv6-m\libg_nano.a(lib_a-nano-vfprintf_i.o)
                0x00002a28                _printf_common
 .text._printf_i
                0x00002b04      0x244 c:/program files/cypress/psoc creator/4.2/psoc creator/import/gnu/arm/5.4.1/bin/../lib/gcc/arm-none-eabi/5.4.1/../../../../arm-none-eabi/lib/armv6-m\libg_nano.a(lib_a-nano-vfprintf_i.o)
                0x00002b04                _printf_i
 .text.memchr   0x00002d48       0x16 c:/program files/cypress/psoc creator/4.2/psoc creator/import/gnu/arm/5.4.1/bin/../lib/gcc/arm-none-eabi/5.4.1/../../../../arm-none-eabi/lib/armv6-m\libg_nano.a(lib_a-memchr-stub.o)
                0x00002d48                memchr
 .text.memcpy   0x00002d5e       0x12 c:/program files/cypress/psoc creator/4.2/psoc creator/import/gnu/arm/5.4.1/bin/../lib/gcc/arm-none-eabi/5.4.1/../../../../arm-none-eabi/lib/armv6-m\libg_nano.a(lib_a-memcpy-stub.o)
                0x00002d5e                memcpy
 .text.memmove  0x00002d70       0x2a c:/program files/cypress/psoc creator/4.2/psoc creator/import/gnu/arm/5.4.1/bin/../lib/gcc/arm-none-eabi/5.4.1/../../../../arm-none-eabi/lib/armv6-m\libg_nano.a(lib_a-memmove.o)
                0x00002d70                memmove
 *fill*         0x00002d9a        0x2 
 .text._free_r  0x00002d9c       0x98 c:/program files/cypress/psoc creator/4.2/psoc creator/import/gnu/arm/5.4.1/bin/../lib/gcc/arm-none-eabi/5.4.1/../../../../arm-none-eabi/lib/armv6-m\libg_nano.a(lib_a-nano-freer.o)
                0x00002d9c                _free_r
 .text._malloc_r
                0x00002e34       0xc0 c:/program files/cypress/psoc creator/4.2/psoc creator/import/gnu/arm/5.4.1/bin/../lib/gcc/arm-none-eabi/5.4.1/../../../../arm-none-eabi/lib/armv6-m\libg_nano.a(lib_a-nano-mallocr.o)
                0x00002e34                _malloc_r
 .text._realloc_r
                0x00002ef4       0x4c c:/program files/cypress/psoc creator/4.2/psoc creator/import/gnu/arm/5.4.1/bin/../lib/gcc/arm-none-eabi/5.4.1/../../../../arm-none-eabi/lib/armv6-m\libg_nano.a(lib_a-nano-reallocr.o)
                0x00002ef4                _realloc_r
 .text._sbrk_r  0x00002f40       0x24 c:/program files/cypress/psoc creator/4.2/psoc creator/import/gnu/arm/5.4.1/bin/../lib/gcc/arm-none-eabi/5.4.1/../../../../arm-none-eabi/lib/armv6-m\libg_nano.a(lib_a-sbrkr.o)
                0x00002f40                _sbrk_r
 .text.__malloc_lock
                0x00002f64        0x2 c:/program files/cypress/psoc creator/4.2/psoc creator/import/gnu/arm/5.4.1/bin/../lib/gcc/arm-none-eabi/5.4.1/../../../../arm-none-eabi/lib/armv6-m\libg_nano.a(lib_a-mlock.o)
                0x00002f64                __malloc_lock
 .text.__malloc_unlock
                0x00002f66        0x2 c:/program files/cypress/psoc creator/4.2/psoc creator/import/gnu/arm/5.4.1/bin/../lib/gcc/arm-none-eabi/5.4.1/../../../../arm-none-eabi/lib/armv6-m\libg_nano.a(lib_a-mlock.o)
                0x00002f66                __malloc_unlock
 .text._malloc_usable_size_r
                0x00002f68       0x16 c:/program files/cypress/psoc creator/4.2/psoc creator/import/gnu/arm/5.4.1/bin/../lib/gcc/arm-none-eabi/5.4.1/../../../../arm-none-eabi/lib/armv6-m\libg_nano.a(lib_a-nano-msizer.o)
                0x00002f68                _malloc_usable_size_r
 *(.plt)
 *(.gnu.warning)
 *(.glue_7t)
 .glue_7t       0x00002f7e        0x0 linker stubs
 *(.glue_7)
 .glue_7        0x00002f7e        0x0 linker stubs
 *(.vfp11_veneer)
 .vfp11_veneer  0x00002f7e        0x0 linker stubs
 *(.bootloader)
 *(.ARM.extab* .gnu.linkonce.armextab.*)
 *(.gcc_except_table)

.v4_bx          0x00002f80        0x0
 .v4_bx         0x00002f80        0x0 linker stubs

.iplt           0x00002f80        0x0
 .iplt          0x00002f80        0x0 c:/program files/cypress/psoc creator/4.2/psoc creator/import/gnu/arm/5.4.1/bin/../lib/gcc/arm-none-eabi/5.4.1/armv6-m/crtbegin.o

.eh_frame_hdr
 *(.eh_frame_hdr)

.eh_frame       0x00002f80        0x4
 *(.eh_frame)
 .eh_frame      0x00002f80        0x0 c:/program files/cypress/psoc creator/4.2/psoc creator/import/gnu/arm/5.4.1/bin/../lib/gcc/arm-none-eabi/5.4.1/armv6-m/crtbegin.o
 .eh_frame      0x00002f80        0x4 c:/program files/cypress/psoc creator/4.2/psoc creator/import/gnu/arm/5.4.1/bin/../lib/gcc/arm-none-eabi/5.4.1/armv6-m/crtend.o
                [!provide]                PROVIDE (__exidx_start, .)

.ARM.exidx      0x00002f84        0x8
 *(.ARM.exidx* .gnu.linkonce.armexidx.*)
 .ARM.exidx     0x00002f84        0x8 c:/program files/cypress/psoc creator/4.2/psoc creator/import/gnu/arm/5.4.1/bin/../lib/gcc/arm-none-eabi/5.4.1/armv6-m\libgcc.a(_udivmoddi4.o)
                0x00002f8c                __exidx_end = .

.rodata         0x00002f8c      0x144
 *(.rodata .rodata.* .gnu.linkonce.r.*)
 .rodata.str1.4
                0x00002f8c       0x4c .\CortexM0\ARM_GCC_541\Debug\main.o
                                 0x4a (size before relaxing)
 .rodata        0x00002fd8       0x28 .\CortexM0\ARM_GCC_541\Debug\cyfitter_cfg.o
 .rodata        0x00003000       0x24 .\CortexM0\ARM_GCC_541\Debug\RTC_P4_WDT_Example01.a(RTC.o)
                0x00003000                RTC_daysBeforeMonthTbl
                0x00003018                RTC_daysInMonthTbl
 .rodata        0x00003024       0x2e .\CortexM0\ARM_GCC_541\Debug\RTC_P4_WDT_Example01.a(CyLib.o)
                0x00003024                cyImoFreqMhz2Reg
 *fill*         0x00003052        0x2 
 .rodata        0x00003054        0xc .\CortexM0\ARM_GCC_541\Debug\RTC_P4_WDT_Example01.a(CyLFClk.o)
 .rodata.str1.1
                0x00003060        0x2 c:/program files/cypress/psoc creator/4.2/psoc creator/import/gnu/arm/5.4.1/bin/../lib/gcc/arm-none-eabi/5.4.1/../../../../arm-none-eabi/lib/armv6-m\libg_nano.a(lib_a-impure.o)
 .rodata.str1.1
                0x00003062       0x11 c:/program files/cypress/psoc creator/4.2/psoc creator/import/gnu/arm/5.4.1/bin/../lib/gcc/arm-none-eabi/5.4.1/../../../../arm-none-eabi/lib/armv6-m\libg_nano.a(lib_a-nano-svfprintf.o)
 .rodata.str1.1
                0x00003073       0x22 c:/program files/cypress/psoc creator/4.2/psoc creator/import/gnu/arm/5.4.1/bin/../lib/gcc/arm-none-eabi/5.4.1/../../../../arm-none-eabi/lib/armv6-m\libg_nano.a(lib_a-nano-vfprintf_i.o)
                0x00003098                . = ALIGN (0x4)
 *fill*         0x00003095        0x3 
 *(.init)
 .init          0x00003098        0x4 c:/program files/cypress/psoc creator/4.2/psoc creator/import/gnu/arm/5.4.1/bin/../lib/gcc/arm-none-eabi/5.4.1/armv6-m/crti.o
                0x00003098                _init
 .init          0x0000309c        0x8 c:/program files/cypress/psoc creator/4.2/psoc creator/import/gnu/arm/5.4.1/bin/../lib/gcc/arm-none-eabi/5.4.1/armv6-m/crtn.o
                0x000030a4                . = ALIGN (0x4)
                0x000030a4                __preinit_array_start = .
 *(.preinit_array)
                0x000030a4                __preinit_array_end = .
                0x000030a4                . = ALIGN (0x4)
                0x000030a4                __init_array_start = .
 *(SORT(.init_array.*))
 *(.init_array)
 .init_array    0x000030a4        0x4 c:/program files/cypress/psoc creator/4.2/psoc creator/import/gnu/arm/5.4.1/bin/../lib/gcc/arm-none-eabi/5.4.1/armv6-m/crtbegin.o
 .init_array    0x000030a8        0x4 .\CortexM0\ARM_GCC_541\Debug\Cm0Start.o
                0x000030ac                __init_array_end = .
                0x000030ac                . = ALIGN (0x4)
 *(.fini)
 .fini          0x000030ac        0x4 c:/program files/cypress/psoc creator/4.2/psoc creator/import/gnu/arm/5.4.1/bin/../lib/gcc/arm-none-eabi/5.4.1/armv6-m/crti.o
                0x000030ac                _fini
 .fini          0x000030b0        0x8 c:/program files/cypress/psoc creator/4.2/psoc creator/import/gnu/arm/5.4.1/bin/../lib/gcc/arm-none-eabi/5.4.1/armv6-m/crtn.o
                0x000030b8                . = ALIGN (0x4)
                0x000030b8                __fini_array_start = .
 *(.fini_array)
 .fini_array    0x000030b8        0x4 c:/program files/cypress/psoc creator/4.2/psoc creator/import/gnu/arm/5.4.1/bin/../lib/gcc/arm-none-eabi/5.4.1/armv6-m/crtbegin.o
 *(SORT(.fini_array.*))
                0x000030bc                __fini_array_end = .
                0x000030bc                . = ALIGN (0x4)
 *crtbegin.o(.ctors)
 *(EXCLUDE_FILE(*crtend.o) .ctors)
 *(SORT(.ctors.*))
 *crtend.o(.ctors)
                0x000030bc                . = ALIGN (0x4)
 *crtbegin.o(.dtors)
 *(EXCLUDE_FILE(*crtend.o) .dtors)
 *(SORT(.dtors.*))
 *crtend.o(.dtors)
                0x000030bc                . = ALIGN (0x4)
                0x000030bc                __cy_regions = .
                0x000030bc        0x4 LONG 0x30d0 __cy_region_init_ram
                0x000030c0        0x4 LONG 0x200000c0 __cy_region_start_data
                0x000030c4        0x4 LONG 0x98 __cy_region_init_size_ram
                0x000030c8        0x4 LONG 0x118 __cy_region_zero_size_ram
                0x000030cc                __cy_regions_end = .
                0x000030d0                . = ALIGN (0x8)
 *fill*         0x000030cc        0x4 
                0x000030d0                _etext = .

.cy_checksum_exclude
                0x000030d0        0x0
 *(.cy_checksum_exclude)

.ramvectors     0x20000000       0xc0
                0x20000000                __cy_region_start_ram = .
 *(.ramvectors)
 .ramvectors    0x20000000       0xc0 .\CortexM0\ARM_GCC_541\Debug\Cm0Start.o
                0x20000000                CyRamVectors

.noinit
 *(.noinit)

.data           0x200000c0       0x98 load address 0x000030d0
                0x200000c0                __cy_region_start_data = .
 *(.jcr)
 .jcr           0x200000c0        0x0 c:/program files/cypress/psoc creator/4.2/psoc creator/import/gnu/arm/5.4.1/bin/../lib/gcc/arm-none-eabi/5.4.1/armv6-m/crtbegin.o
 .jcr           0x200000c0        0x4 c:/program files/cypress/psoc creator/4.2/psoc creator/import/gnu/arm/5.4.1/bin/../lib/gcc/arm-none-eabi/5.4.1/armv6-m/crtend.o
 *(.got.plt)
 *(.got)
 *(.shdata)
 *(.data .data.* .gnu.linkonce.d.*)
 .data          0x200000c4        0x4 .\CortexM0\ARM_GCC_541\Debug\Cm0Start.o
 .data          0x200000c8        0x4 .\CortexM0\ARM_GCC_541\Debug\RTC_P4_WDT_Example01.a(RTC.o)
                0x200000c8                RTC_alarmCfgMask
 .data          0x200000cc        0xc .\CortexM0\ARM_GCC_541\Debug\RTC_P4_WDT_Example01.a(UART.o)
                0x200000cc                UART_pinDrAdress
                0x200000d0                UART_pinPortNumber
                0x200000d4                UART_pinNumber
 .data          0x200000d8       0x14 .\CortexM0\ARM_GCC_541\Debug\RTC_P4_WDT_Example01.a(CyLib.o)
                0x200000d8                CySysClkPumpConfig
                0x200000dc                cydelay32kMs
                0x200000e0                cydelayFreqKhz
                0x200000e4                cydelayFreqMhz
                0x200000e8                cydelayFreqHz
 .data          0x200000ec        0x8 .\CortexM0\ARM_GCC_541\Debug\RTC_P4_WDT_Example01.a(CyLFClk.o)
 .data.impure_data
                0x200000f4       0x60 c:/program files/cypress/psoc creator/4.2/psoc creator/import/gnu/arm/5.4.1/bin/../lib/gcc/arm-none-eabi/5.4.1/../../../../arm-none-eabi/lib/armv6-m\libg_nano.a(lib_a-impure.o)
 .data._impure_ptr
                0x20000154        0x4 c:/program files/cypress/psoc creator/4.2/psoc creator/import/gnu/arm/5.4.1/bin/../lib/gcc/arm-none-eabi/5.4.1/../../../../arm-none-eabi/lib/armv6-m\libg_nano.a(lib_a-impure.o)
                0x20000154                _impure_ptr
                0x20000158                . = ALIGN (0x8)
 *(.ram)
                0x20000158                _edata = .

.igot.plt       0x20000158        0x0 load address 0x00003168
 .igot.plt      0x20000158        0x0 c:/program files/cypress/psoc creator/4.2/psoc creator/import/gnu/arm/5.4.1/bin/../lib/gcc/arm-none-eabi/5.4.1/armv6-m/crtbegin.o

.bss            0x20000158      0x118 load address 0x00003168
                0x20000158                PROVIDE (__bss_start__, .)
 *(.shbss)
 *(.bss .bss.* .gnu.linkonce.b.*)
 .bss           0x20000158       0x1c c:/program files/cypress/psoc creator/4.2/psoc creator/import/gnu/arm/5.4.1/bin/../lib/gcc/arm-none-eabi/5.4.1/armv6-m/crtbegin.o
 .bss           0x20000174        0xd .\CortexM0\ARM_GCC_541\Debug\main.o
                0x20000174                ui100mS
                0x20000178                byUpdateTime
                0x2000017c                alarmFlag
                0x20000180                byUpdateCapture
 *fill*         0x20000181        0x7 
 .bss           0x20000188       0x2c .\CortexM0\ARM_GCC_541\Debug\RTC_P4_WDT_Example01.a(RTC.o)
                0x20000190                RTC_alarmCallbackPtr
 .bss           0x200001b4       0x28 .\CortexM0\ARM_GCC_541\Debug\RTC_P4_WDT_Example01.a(CyLFClk.o)
 .bss           0x200001dc        0x1 .\CortexM0\ARM_GCC_541\Debug\RTC_P4_WDT_Example01.a(Timer1.o)
                0x200001dc                Timer1_initVar
 *fill*         0x200001dd        0x3 
 .bss.__malloc_sbrk_start
                0x200001e0        0x4 c:/program files/cypress/psoc creator/4.2/psoc creator/import/gnu/arm/5.4.1/bin/../lib/gcc/arm-none-eabi/5.4.1/../../../../arm-none-eabi/lib/armv6-m\libg_nano.a(lib_a-nano-mallocr.o)
                0x200001e0                __malloc_sbrk_start
 .bss.__malloc_free_list
                0x200001e4        0x4 c:/program files/cypress/psoc creator/4.2/psoc creator/import/gnu/arm/5.4.1/bin/../lib/gcc/arm-none-eabi/5.4.1/../../../../arm-none-eabi/lib/armv6-m\libg_nano.a(lib_a-nano-mallocr.o)
                0x200001e4                __malloc_free_list
 *(COMMON)
 COMMON         0x200001e8       0x14 .\CortexM0\ARM_GCC_541\Debug\main.o
                0x200001e8                alarmTimeDate
                0x200001f8                Timer1Count
 *fill*         0x200001fc        0x4 
 COMMON         0x20000200       0x68 .\CortexM0\ARM_GCC_541\Debug\RTC_P4_WDT_Example01.a(RTC.o)
                0x20000200                RTC_dstStartTime
                0x20000218                RTC_initVar
                0x2000021c                RTC_dstStopTime
                0x20000234                RTC_alarmCfgTimeDate
                0x20000244                RTC_currentTimeDate
                0x20000254                RTC_alarmCurStatus
                0x20000258                RTC_dstStatus
                0x20000260                RTC_unixTime
 COMMON         0x20000268        0x4 c:/program files/cypress/psoc creator/4.2/psoc creator/import/gnu/arm/5.4.1/bin/../lib/gcc/arm-none-eabi/5.4.1/../../../../arm-none-eabi/lib/armv6-m\libg_nano.a(lib_a-reent.o)
                0x20000268                errno
                0x20000270                . = ALIGN (0x8)
 *fill*         0x2000026c        0x4 
 *(.ram.b)
                0x20000270                _end = .
                0x20000270                __end = .
                0x20000270                PROVIDE (end, .)
                0x20000270                PROVIDE (__bss_end__, .)
                0x000030d0                __cy_region_init_ram = LOADADDR (.data)
                0x00000098                __cy_region_init_size_ram = (_edata - ADDR (.data))
                0x00000118                __cy_region_zero_size_ram = (_end - _edata)

.heap           0x20000270       0x80 load address 0x00003168
                0x20000270                . = _end
                0x200002f0                . = (. + 0x80)
 *fill*         0x20000270       0x80 
                0x200002f0                __cy_heap_limit = .

.stack          0x20007c00      0x400
                0x20007c00                __cy_stack_limit = .
                0x20008000                . = (. + 0x400)
 *fill*         0x20007c00      0x400 
                0x00000001                ASSERT ((__cy_stack_limit >= __cy_heap_limit), region RAM overflowed with stack)
                0x00000000                cy_checksum_exclude_size = (CY_APPL_LOADABLE == 0x1)?SIZEOF (.cy_checksum_exclude):0x0
                0x00000001                ASSERT ((cy_checksum_exclude_size <= CY_CHECKSUM_EXCLUDE_SIZE), CY_BOOT: Section .cy_checksum_exclude size exceedes specified limit.)
                0x0003ffc0                cyloadermeta_start = (cy_project_type_bootloader || cy_project_type_app_for_stack_and_copier)?(LENGTH (rom) - CY_METADATA_SIZE):0xf0000000

.cyloadermeta
 *(.cyloadermeta)
                0x0003ffc0                cyloadablemeta_start = cy_project_type_app_for_stack_and_copier?((LENGTH (rom) - CY_FLASH_ROW_SIZE) - CY_METADATA_SIZE):((LENGTH (rom) - (CY_FLASH_ROW_SIZE * (CY_APPL_NUM - 0x1))) - CY_METADATA_SIZE)

.cyloadablemeta
 *(.cyloadablemeta)

.cyflashprotect
                0x90400000       0x80
 *(.cyflashprotect)
 .cyflashprotect
                0x90400000       0x80 .\CortexM0\ARM_GCC_541\Debug\cymetadata.o
                0x90400000                cy_meta_flashprotect

.cymeta         0x90500000        0xc
 *(.cymeta)
 .cymeta        0x90500000        0xc .\CortexM0\ARM_GCC_541\Debug\cymetadata.o
                0x90500000                cy_metadata

.cychipprotect  0x90600000        0x1
 *(.cychipprotect)
 .cychipprotect
                0x90600000        0x1 .\CortexM0\ARM_GCC_541\Debug\cymetadata.o
                0x90600000                cy_meta_chipprotect

.rel.dyn        0x00003168        0x0 load address 0x90600004
 .rel.iplt      0x00003168        0x0 c:/program files/cypress/psoc creator/4.2/psoc creator/import/gnu/arm/5.4.1/bin/../lib/gcc/arm-none-eabi/5.4.1/armv6-m/crtbegin.o

.stab
 *(.stab)

.stabstr
 *(.stabstr)

.debug
 *(.debug)

.line
 *(.line)

.debug_srcinfo
 *(.debug_srcinfo)

.debug_sfnames
 *(.debug_sfnames)

.debug_aranges  0x00000000      0x8e8
 *(.debug_aranges)
 .debug_aranges
                0x00000000       0x40 .\CortexM0\ARM_GCC_541\Debug\main.o
 .debug_aranges
                0x00000040       0x40 .\CortexM0\ARM_GCC_541\Debug\cyfitter_cfg.o
 .debug_aranges
                0x00000080       0x18 .\CortexM0\ARM_GCC_541\Debug\cymetadata.o
 .debug_aranges
                0x00000098       0x48 .\CortexM0\ARM_GCC_541\Debug\Cm0Start.o
 .debug_aranges
                0x000000e0       0x48 .\CortexM0\ARM_GCC_541\Debug\RTC_P4_WDT_Example01.a(LED_Alarm.o)
 .debug_aranges
                0x00000128       0x48 .\CortexM0\ARM_GCC_541\Debug\RTC_P4_WDT_Example01.a(LED_WdtIsr.o)
 .debug_aranges
                0x00000170      0x118 .\CortexM0\ARM_GCC_541\Debug\RTC_P4_WDT_Example01.a(RTC.o)
 .debug_aranges
                0x00000288       0x50 .\CortexM0\ARM_GCC_541\Debug\RTC_P4_WDT_Example01.a(UART.o)
 .debug_aranges
                0x000002d8       0x48 .\CortexM0\ARM_GCC_541\Debug\RTC_P4_WDT_Example01.a(LFCLK_Out.o)
 .debug_aranges
                0x00000320      0x1d0 .\CortexM0\ARM_GCC_541\Debug\RTC_P4_WDT_Example01.a(CyLib.o)
 .debug_aranges
                0x000004f0       0x58 .\CortexM0\ARM_GCC_541\Debug\RTC_P4_WDT_Example01.a(cyPm.o)
 .debug_aranges
                0x00000548      0x188 .\CortexM0\ARM_GCC_541\Debug\RTC_P4_WDT_Example01.a(CyLFClk.o)
 .debug_aranges
                0x000006d0      0x158 .\CortexM0\ARM_GCC_541\Debug\RTC_P4_WDT_Example01.a(Timer1.o)
 .debug_aranges
                0x00000828       0x80 .\CortexM0\ARM_GCC_541\Debug\RTC_P4_WDT_Example01.a(isrTimer1.o)
 .debug_aranges
                0x000008a8       0x20 .\CortexM0\ARM_GCC_541\Debug\RTC_P4_WDT_Example01.a(UART_AsmGnu.o)
 .debug_aranges
                0x000008c8       0x20 .\CortexM0\ARM_GCC_541\Debug\RTC_P4_WDT_Example01.a(CyBootAsmGnu.o)

.debug_pubnames
 *(.debug_pubnames)

.debug_info     0x00000000     0x69da
 *(.debug_info .gnu.linkonce.wi.*)
 .debug_info    0x00000000      0x97f .\CortexM0\ARM_GCC_541\Debug\main.o
 .debug_info    0x0000097f      0x3fb .\CortexM0\ARM_GCC_541\Debug\cyfitter_cfg.o
 .debug_info    0x00000d7a       0xf8 .\CortexM0\ARM_GCC_541\Debug\cymetadata.o
 .debug_info    0x00000e72      0x3a2 .\CortexM0\ARM_GCC_541\Debug\Cm0Start.o
 .debug_info    0x00001214      0x19d .\CortexM0\ARM_GCC_541\Debug\RTC_P4_WDT_Example01.a(LED_Alarm.o)
 .debug_info    0x000013b1      0x19d .\CortexM0\ARM_GCC_541\Debug\RTC_P4_WDT_Example01.a(LED_WdtIsr.o)
 .debug_info    0x0000154e     0x2274 .\CortexM0\ARM_GCC_541\Debug\RTC_P4_WDT_Example01.a(RTC.o)
 .debug_info    0x000037c2      0x2c4 .\CortexM0\ARM_GCC_541\Debug\RTC_P4_WDT_Example01.a(UART.o)
 .debug_info    0x00003a86      0x19d .\CortexM0\ARM_GCC_541\Debug\RTC_P4_WDT_Example01.a(LFCLK_Out.o)
 .debug_info    0x00003c23      0xd2b .\CortexM0\ARM_GCC_541\Debug\RTC_P4_WDT_Example01.a(CyLib.o)
 .debug_info    0x0000494e      0x2e8 .\CortexM0\ARM_GCC_541\Debug\RTC_P4_WDT_Example01.a(cyPm.o)
 .debug_info    0x00004c36     0x1071 .\CortexM0\ARM_GCC_541\Debug\RTC_P4_WDT_Example01.a(CyLFClk.o)
 .debug_info    0x00005ca7      0x90b .\CortexM0\ARM_GCC_541\Debug\RTC_P4_WDT_Example01.a(Timer1.o)
 .debug_info    0x000065b2      0x305 .\CortexM0\ARM_GCC_541\Debug\RTC_P4_WDT_Example01.a(isrTimer1.o)
 .debug_info    0x000068b7       0x91 .\CortexM0\ARM_GCC_541\Debug\RTC_P4_WDT_Example01.a(UART_AsmGnu.o)
 .debug_info    0x00006948       0x92 .\CortexM0\ARM_GCC_541\Debug\RTC_P4_WDT_Example01.a(CyBootAsmGnu.o)

.debug_abbrev   0x00000000     0x144e
 *(.debug_abbrev)
 .debug_abbrev  0x00000000      0x1e8 .\CortexM0\ARM_GCC_541\Debug\main.o
 .debug_abbrev  0x000001e8      0x1af .\CortexM0\ARM_GCC_541\Debug\cyfitter_cfg.o
 .debug_abbrev  0x00000397       0x5d .\CortexM0\ARM_GCC_541\Debug\cymetadata.o
 .debug_abbrev  0x000003f4      0x1d7 .\CortexM0\ARM_GCC_541\Debug\Cm0Start.o
 .debug_abbrev  0x000005cb       0xc8 .\CortexM0\ARM_GCC_541\Debug\RTC_P4_WDT_Example01.a(LED_Alarm.o)
 .debug_abbrev  0x00000693       0xc8 .\CortexM0\ARM_GCC_541\Debug\RTC_P4_WDT_Example01.a(LED_WdtIsr.o)
 .debug_abbrev  0x0000075b      0x2f7 .\CortexM0\ARM_GCC_541\Debug\RTC_P4_WDT_Example01.a(RTC.o)
 .debug_abbrev  0x00000a52      0x109 .\CortexM0\ARM_GCC_541\Debug\RTC_P4_WDT_Example01.a(UART.o)
 .debug_abbrev  0x00000b5b       0xc8 .\CortexM0\ARM_GCC_541\Debug\RTC_P4_WDT_Example01.a(LFCLK_Out.o)
 .debug_abbrev  0x00000c23      0x1e0 .\CortexM0\ARM_GCC_541\Debug\RTC_P4_WDT_Example01.a(CyLib.o)
 .debug_abbrev  0x00000e03      0x128 .\CortexM0\ARM_GCC_541\Debug\RTC_P4_WDT_Example01.a(cyPm.o)
 .debug_abbrev  0x00000f2b      0x248 .\CortexM0\ARM_GCC_541\Debug\RTC_P4_WDT_Example01.a(CyLFClk.o)
 .debug_abbrev  0x00001173      0x119 .\CortexM0\ARM_GCC_541\Debug\RTC_P4_WDT_Example01.a(Timer1.o)
 .debug_abbrev  0x0000128c      0x19a .\CortexM0\ARM_GCC_541\Debug\RTC_P4_WDT_Example01.a(isrTimer1.o)
 .debug_abbrev  0x00001426       0x14 .\CortexM0\ARM_GCC_541\Debug\RTC_P4_WDT_Example01.a(UART_AsmGnu.o)
 .debug_abbrev  0x0000143a       0x14 .\CortexM0\ARM_GCC_541\Debug\RTC_P4_WDT_Example01.a(CyBootAsmGnu.o)

.debug_line     0x00000000     0x24e9
 *(.debug_line)
 .debug_line    0x00000000      0x1ec .\CortexM0\ARM_GCC_541\Debug\main.o
 .debug_line    0x000001ec      0x177 .\CortexM0\ARM_GCC_541\Debug\cyfitter_cfg.o
 .debug_line    0x00000363      0x135 .\CortexM0\ARM_GCC_541\Debug\cymetadata.o
 .debug_line    0x00000498      0x22a .\CortexM0\ARM_GCC_541\Debug\Cm0Start.o
 .debug_line    0x000006c2       0xc1 .\CortexM0\ARM_GCC_541\Debug\RTC_P4_WDT_Example01.a(LED_Alarm.o)
 .debug_line    0x00000783       0xc2 .\CortexM0\ARM_GCC_541\Debug\RTC_P4_WDT_Example01.a(LED_WdtIsr.o)
 .debug_line    0x00000845      0x8ac .\CortexM0\ARM_GCC_541\Debug\RTC_P4_WDT_Example01.a(RTC.o)
 .debug_line    0x000010f1       0xea .\CortexM0\ARM_GCC_541\Debug\RTC_P4_WDT_Example01.a(UART.o)
 .debug_line    0x000011db       0xc1 .\CortexM0\ARM_GCC_541\Debug\RTC_P4_WDT_Example01.a(LFCLK_Out.o)
 .debug_line    0x0000129c      0x553 .\CortexM0\ARM_GCC_541\Debug\RTC_P4_WDT_Example01.a(CyLib.o)
 .debug_line    0x000017ef      0x14a .\CortexM0\ARM_GCC_541\Debug\RTC_P4_WDT_Example01.a(cyPm.o)
 .debug_line    0x00001939      0x5db .\CortexM0\ARM_GCC_541\Debug\RTC_P4_WDT_Example01.a(CyLFClk.o)
 .debug_line    0x00001f14      0x37b .\CortexM0\ARM_GCC_541\Debug\RTC_P4_WDT_Example01.a(Timer1.o)
 .debug_line    0x0000228f      0x155 .\CortexM0\ARM_GCC_541\Debug\RTC_P4_WDT_Example01.a(isrTimer1.o)
 .debug_line    0x000023e4       0x9d .\CortexM0\ARM_GCC_541\Debug\RTC_P4_WDT_Example01.a(UART_AsmGnu.o)
 .debug_line    0x00002481       0x68 .\CortexM0\ARM_GCC_541\Debug\RTC_P4_WDT_Example01.a(CyBootAsmGnu.o)

.debug_frame    0x00000000     0x1af0
 *(.debug_frame)
 .debug_frame   0x00000000       0xac .\CortexM0\ARM_GCC_541\Debug\main.o
 .debug_frame   0x000000ac       0x9c .\CortexM0\ARM_GCC_541\Debug\cyfitter_cfg.o
 .debug_frame   0x00000148       0xbc .\CortexM0\ARM_GCC_541\Debug\Cm0Start.o
 .debug_frame   0x00000204       0x70 .\CortexM0\ARM_GCC_541\Debug\RTC_P4_WDT_Example01.a(LED_Alarm.o)
 .debug_frame   0x00000274       0x70 .\CortexM0\ARM_GCC_541\Debug\RTC_P4_WDT_Example01.a(LED_WdtIsr.o)
 .debug_frame   0x000002e4      0x3d8 .\CortexM0\ARM_GCC_541\Debug\RTC_P4_WDT_Example01.a(RTC.o)
 .debug_frame   0x000006bc       0xc8 .\CortexM0\ARM_GCC_541\Debug\RTC_P4_WDT_Example01.a(UART.o)
 .debug_frame   0x00000784       0x70 .\CortexM0\ARM_GCC_541\Debug\RTC_P4_WDT_Example01.a(LFCLK_Out.o)
 .debug_frame   0x000007f4      0x4a4 .\CortexM0\ARM_GCC_541\Debug\RTC_P4_WDT_Example01.a(CyLib.o)
 .debug_frame   0x00000c98       0xe8 .\CortexM0\ARM_GCC_541\Debug\RTC_P4_WDT_Example01.a(cyPm.o)
 .debug_frame   0x00000d80      0x4a8 .\CortexM0\ARM_GCC_541\Debug\RTC_P4_WDT_Example01.a(CyLFClk.o)
 .debug_frame   0x00001228      0x3a0 .\CortexM0\ARM_GCC_541\Debug\RTC_P4_WDT_Example01.a(Timer1.o)
 .debug_frame   0x000015c8      0x110 .\CortexM0\ARM_GCC_541\Debug\RTC_P4_WDT_Example01.a(isrTimer1.o)
 .debug_frame   0x000016d8       0x20 c:/program files/cypress/psoc creator/4.2/psoc creator/import/gnu/arm/5.4.1/bin/../lib/gcc/arm-none-eabi/5.4.1/armv6-m\libgcc.a(_udivsi3.o)
 .debug_frame   0x000016f8       0x20 c:/program files/cypress/psoc creator/4.2/psoc creator/import/gnu/arm/5.4.1/bin/../lib/gcc/arm-none-eabi/5.4.1/armv6-m\libgcc.a(_divsi3.o)
 .debug_frame   0x00001718       0x34 c:/program files/cypress/psoc creator/4.2/psoc creator/import/gnu/arm/5.4.1/bin/../lib/gcc/arm-none-eabi/5.4.1/armv6-m\libgcc.a(_muldi3.o)
 .debug_frame   0x0000174c       0x3c c:/program files/cypress/psoc creator/4.2/psoc creator/import/gnu/arm/5.4.1/bin/../lib/gcc/arm-none-eabi/5.4.1/armv6-m\libgcc.a(_udivmoddi4.o)
 .debug_frame   0x00001788       0x20 c:/program files/cypress/psoc creator/4.2/psoc creator/import/gnu/arm/5.4.1/bin/../lib/gcc/arm-none-eabi/5.4.1/../../../../arm-none-eabi/lib/armv6-m\libg_nano.a(lib_a-errno.o)
 .debug_frame   0x000017a8       0x28 c:/program files/cypress/psoc creator/4.2/psoc creator/import/gnu/arm/5.4.1/bin/../lib/gcc/arm-none-eabi/5.4.1/../../../../arm-none-eabi/lib/armv6-m\libg_nano.a(lib_a-exit.o)
 .debug_frame   0x000017d0       0x2c c:/program files/cypress/psoc creator/4.2/psoc creator/import/gnu/arm/5.4.1/bin/../lib/gcc/arm-none-eabi/5.4.1/../../../../arm-none-eabi/lib/armv6-m\libg_nano.a(lib_a-init.o)
 .debug_frame   0x000017fc       0x20 c:/program files/cypress/psoc creator/4.2/psoc creator/import/gnu/arm/5.4.1/bin/../lib/gcc/arm-none-eabi/5.4.1/../../../../arm-none-eabi/lib/armv6-m\libg_nano.a(lib_a-memset.o)
 .debug_frame   0x0000181c       0x50 c:/program files/cypress/psoc creator/4.2/psoc creator/import/gnu/arm/5.4.1/bin/../lib/gcc/arm-none-eabi/5.4.1/../../../../arm-none-eabi/lib/armv6-m\libg_nano.a(lib_a-sprintf.o)
 .debug_frame   0x0000186c       0x74 c:/program files/cypress/psoc creator/4.2/psoc creator/import/gnu/arm/5.4.1/bin/../lib/gcc/arm-none-eabi/5.4.1/../../../../arm-none-eabi/lib/armv6-m\libg_nano.a(lib_a-nano-svfprintf.o)
 .debug_frame   0x000018e0       0x54 c:/program files/cypress/psoc creator/4.2/psoc creator/import/gnu/arm/5.4.1/bin/../lib/gcc/arm-none-eabi/5.4.1/../../../../arm-none-eabi/lib/armv6-m\libg_nano.a(lib_a-nano-vfprintf_i.o)
 .debug_frame   0x00001934       0x20 c:/program files/cypress/psoc creator/4.2/psoc creator/import/gnu/arm/5.4.1/bin/../lib/gcc/arm-none-eabi/5.4.1/../../../../arm-none-eabi/lib/armv6-m\libg_nano.a(lib_a-memchr-stub.o)
 .debug_frame   0x00001954       0x28 c:/program files/cypress/psoc creator/4.2/psoc creator/import/gnu/arm/5.4.1/bin/../lib/gcc/arm-none-eabi/5.4.1/../../../../arm-none-eabi/lib/armv6-m\libg_nano.a(lib_a-memcpy-stub.o)
 .debug_frame   0x0000197c       0x28 c:/program files/cypress/psoc creator/4.2/psoc creator/import/gnu/arm/5.4.1/bin/../lib/gcc/arm-none-eabi/5.4.1/../../../../arm-none-eabi/lib/armv6-m\libg_nano.a(lib_a-memmove.o)
 .debug_frame   0x000019a4       0x2c c:/program files/cypress/psoc creator/4.2/psoc creator/import/gnu/arm/5.4.1/bin/../lib/gcc/arm-none-eabi/5.4.1/../../../../arm-none-eabi/lib/armv6-m\libg_nano.a(lib_a-nano-freer.o)
 .debug_frame   0x000019d0       0x2c c:/program files/cypress/psoc creator/4.2/psoc creator/import/gnu/arm/5.4.1/bin/../lib/gcc/arm-none-eabi/5.4.1/../../../../arm-none-eabi/lib/armv6-m\libg_nano.a(lib_a-nano-mallocr.o)
 .debug_frame   0x000019fc       0x30 c:/program files/cypress/psoc creator/4.2/psoc creator/import/gnu/arm/5.4.1/bin/../lib/gcc/arm-none-eabi/5.4.1/../../../../arm-none-eabi/lib/armv6-m\libg_nano.a(lib_a-nano-reallocr.o)
 .debug_frame   0x00001a2c       0x2c c:/program files/cypress/psoc creator/4.2/psoc creator/import/gnu/arm/5.4.1/bin/../lib/gcc/arm-none-eabi/5.4.1/../../../../arm-none-eabi/lib/armv6-m\libg_nano.a(lib_a-sbrkr.o)
 .debug_frame   0x00001a58       0x30 c:/program files/cypress/psoc creator/4.2/psoc creator/import/gnu/arm/5.4.1/bin/../lib/gcc/arm-none-eabi/5.4.1/../../../../arm-none-eabi/lib/armv6-m\libg_nano.a(lib_a-mlock.o)
 .debug_frame   0x00001a88       0x20 c:/program files/cypress/psoc creator/4.2/psoc creator/import/gnu/arm/5.4.1/bin/../lib/gcc/arm-none-eabi/5.4.1/../../../../arm-none-eabi/lib/armv6-m\libg_nano.a(lib_a-nano-msizer.o)
 .debug_frame   0x00001aa8       0x48 c:/program files/cypress/psoc creator/4.2/psoc creator/import/gnu/arm/5.4.1/bin/../lib/gcc/arm-none-eabi/5.4.1/../../../../arm-none-eabi/lib/armv6-m\libg_nano.a(lib_a-reent.o)

.debug_str      0x00000000     0x22bb
 *(.debug_str)
 .debug_str     0x00000000      0x552 .\CortexM0\ARM_GCC_541\Debug\main.o
                                0x5ab (size before relaxing)
 .debug_str     0x00000552      0x13f .\CortexM0\ARM_GCC_541\Debug\cyfitter_cfg.o
                                0x2f3 (size before relaxing)
 .debug_str     0x00000691       0x63 .\CortexM0\ARM_GCC_541\Debug\cymetadata.o
                                0x1ca (size before relaxing)
 .debug_str     0x000006f4      0x13a .\CortexM0\ARM_GCC_541\Debug\Cm0Start.o
                                0x303 (size before relaxing)
 .debug_str     0x0000082e       0xad .\CortexM0\ARM_GCC_541\Debug\RTC_P4_WDT_Example01.a(LED_Alarm.o)
                                0x254 (size before relaxing)
 .debug_str     0x000008db       0x89 .\CortexM0\ARM_GCC_541\Debug\RTC_P4_WDT_Example01.a(LED_WdtIsr.o)
                                0x25b (size before relaxing)
 .debug_str     0x00000964      0x677 .\CortexM0\ARM_GCC_541\Debug\RTC_P4_WDT_Example01.a(RTC.o)
                                0x997 (size before relaxing)
 .debug_str     0x00000fdb       0xff .\CortexM0\ARM_GCC_541\Debug\RTC_P4_WDT_Example01.a(UART.o)
                                0x299 (size before relaxing)
 .debug_str     0x000010da       0x8c .\CortexM0\ARM_GCC_541\Debug\RTC_P4_WDT_Example01.a(LFCLK_Out.o)
                                0x254 (size before relaxing)
 .debug_str     0x00001166      0x5d3 .\CortexM0\ARM_GCC_541\Debug\RTC_P4_WDT_Example01.a(CyLib.o)
                                0x7fa (size before relaxing)
 .debug_str     0x00001739       0xd7 .\CortexM0\ARM_GCC_541\Debug\RTC_P4_WDT_Example01.a(cyPm.o)
                                0x2d5 (size before relaxing)
 .debug_str     0x00001810      0x607 .\CortexM0\ARM_GCC_541\Debug\RTC_P4_WDT_Example01.a(CyLFClk.o)
                                0x93a (size before relaxing)
 .debug_str     0x00001e17      0x3a0 .\CortexM0\ARM_GCC_541\Debug\RTC_P4_WDT_Example01.a(Timer1.o)
                                0x5dd (size before relaxing)
 .debug_str     0x000021b7      0x104 .\CortexM0\ARM_GCC_541\Debug\RTC_P4_WDT_Example01.a(isrTimer1.o)
                                0x324 (size before relaxing)

.debug_loc      0x00000000     0x3e15
 *(.debug_loc)
 .debug_loc     0x00000000      0x149 .\CortexM0\ARM_GCC_541\Debug\main.o
 .debug_loc     0x00000149      0x118 .\CortexM0\ARM_GCC_541\Debug\cyfitter_cfg.o
 .debug_loc     0x00000261      0x14f .\CortexM0\ARM_GCC_541\Debug\Cm0Start.o
 .debug_loc     0x000003b0       0xa2 .\CortexM0\ARM_GCC_541\Debug\RTC_P4_WDT_Example01.a(LED_Alarm.o)
 .debug_loc     0x00000452       0xa2 .\CortexM0\ARM_GCC_541\Debug\RTC_P4_WDT_Example01.a(LED_WdtIsr.o)
 .debug_loc     0x000004f4     0x1ae6 .\CortexM0\ARM_GCC_541\Debug\RTC_P4_WDT_Example01.a(RTC.o)
 .debug_loc     0x00001fda      0x12d .\CortexM0\ARM_GCC_541\Debug\RTC_P4_WDT_Example01.a(UART.o)
 .debug_loc     0x00002107       0xa2 .\CortexM0\ARM_GCC_541\Debug\RTC_P4_WDT_Example01.a(LFCLK_Out.o)
 .debug_loc     0x000021a9      0x818 .\CortexM0\ARM_GCC_541\Debug\RTC_P4_WDT_Example01.a(CyLib.o)
 .debug_loc     0x000029c1       0xe1 .\CortexM0\ARM_GCC_541\Debug\RTC_P4_WDT_Example01.a(cyPm.o)
 .debug_loc     0x00002aa2      0xdaa .\CortexM0\ARM_GCC_541\Debug\RTC_P4_WDT_Example01.a(CyLFClk.o)
 .debug_loc     0x0000384c      0x547 .\CortexM0\ARM_GCC_541\Debug\RTC_P4_WDT_Example01.a(Timer1.o)
 .debug_loc     0x00003d93       0x82 .\CortexM0\ARM_GCC_541\Debug\RTC_P4_WDT_Example01.a(isrTimer1.o)

.debug_macinfo
 *(.debug_macinfo)

.debug_ranges   0x00000000      0x7c0
 *(.debug_ranges)
 .debug_ranges  0x00000000       0x30 .\CortexM0\ARM_GCC_541\Debug\main.o
 .debug_ranges  0x00000030       0x30 .\CortexM0\ARM_GCC_541\Debug\cyfitter_cfg.o
 .debug_ranges  0x00000060       0x38 .\CortexM0\ARM_GCC_541\Debug\Cm0Start.o
 .debug_ranges  0x00000098       0x38 .\CortexM0\ARM_GCC_541\Debug\RTC_P4_WDT_Example01.a(LED_Alarm.o)
 .debug_ranges  0x000000d0       0x38 .\CortexM0\ARM_GCC_541\Debug\RTC_P4_WDT_Example01.a(LED_WdtIsr.o)
 .debug_ranges  0x00000108      0x108 .\CortexM0\ARM_GCC_541\Debug\RTC_P4_WDT_Example01.a(RTC.o)
 .debug_ranges  0x00000210       0x40 .\CortexM0\ARM_GCC_541\Debug\RTC_P4_WDT_Example01.a(UART.o)
 .debug_ranges  0x00000250       0x38 .\CortexM0\ARM_GCC_541\Debug\RTC_P4_WDT_Example01.a(LFCLK_Out.o)
 .debug_ranges  0x00000288      0x1c0 .\CortexM0\ARM_GCC_541\Debug\RTC_P4_WDT_Example01.a(CyLib.o)
 .debug_ranges  0x00000448       0x48 .\CortexM0\ARM_GCC_541\Debug\RTC_P4_WDT_Example01.a(cyPm.o)
 .debug_ranges  0x00000490      0x178 .\CortexM0\ARM_GCC_541\Debug\RTC_P4_WDT_Example01.a(CyLFClk.o)
 .debug_ranges  0x00000608      0x148 .\CortexM0\ARM_GCC_541\Debug\RTC_P4_WDT_Example01.a(Timer1.o)
 .debug_ranges  0x00000750       0x70 .\CortexM0\ARM_GCC_541\Debug\RTC_P4_WDT_Example01.a(isrTimer1.o)

.comment        0x00000000       0x6e
 .comment       0x00000000       0x6e .\CortexM0\ARM_GCC_541\Debug\main.o
                                 0x6f (size before relaxing)
 .comment       0x0000006e       0x6f .\CortexM0\ARM_GCC_541\Debug\cyfitter_cfg.o
 .comment       0x0000006e       0x6f .\CortexM0\ARM_GCC_541\Debug\cymetadata.o
 .comment       0x0000006e       0x6f .\CortexM0\ARM_GCC_541\Debug\Cm0Start.o
 .comment       0x0000006e       0x6f .\CortexM0\ARM_GCC_541\Debug\RTC_P4_WDT_Example01.a(LED_Alarm.o)
 .comment       0x0000006e       0x6f .\CortexM0\ARM_GCC_541\Debug\RTC_P4_WDT_Example01.a(LED_WdtIsr.o)
 .comment       0x0000006e       0x6f .\CortexM0\ARM_GCC_541\Debug\RTC_P4_WDT_Example01.a(RTC.o)
 .comment       0x0000006e       0x6f .\CortexM0\ARM_GCC_541\Debug\RTC_P4_WDT_Example01.a(UART.o)
 .comment       0x0000006e       0x6f .\CortexM0\ARM_GCC_541\Debug\RTC_P4_WDT_Example01.a(LFCLK_Out.o)
 .comment       0x0000006e       0x6f .\CortexM0\ARM_GCC_541\Debug\RTC_P4_WDT_Example01.a(CyLib.o)
 .comment       0x0000006e       0x6f .\CortexM0\ARM_GCC_541\Debug\RTC_P4_WDT_Example01.a(cyPm.o)
 .comment       0x0000006e       0x6f .\CortexM0\ARM_GCC_541\Debug\RTC_P4_WDT_Example01.a(CyLFClk.o)
 .comment       0x0000006e       0x6f .\CortexM0\ARM_GCC_541\Debug\RTC_P4_WDT_Example01.a(Timer1.o)
 .comment       0x0000006e       0x6f .\CortexM0\ARM_GCC_541\Debug\RTC_P4_WDT_Example01.a(isrTimer1.o)

.debug_weaknames
 *(.debug_weaknames)

.debug_funcnames
 *(.debug_funcnames)

.debug_typenames
 *(.debug_typenames)

.debug_varnames
 *(.debug_varnames)

.note.gnu.arm.ident
 *(.note.gnu.arm.ident)

.ARM.attributes
                0x00000000       0x28
 *(.ARM.attributes)
 .ARM.attributes
                0x00000000       0x1e c:/program files/cypress/psoc creator/4.2/psoc creator/import/gnu/arm/5.4.1/bin/../lib/gcc/arm-none-eabi/5.4.1/armv6-m/crti.o
 .ARM.attributes
                0x0000001e       0x2c c:/program files/cypress/psoc creator/4.2/psoc creator/import/gnu/arm/5.4.1/bin/../lib/gcc/arm-none-eabi/5.4.1/armv6-m/crtbegin.o
 .ARM.attributes
                0x0000004a       0x1b c:/program files/cypress/psoc creator/4.2/psoc creator/import/gnu/arm/5.4.1/bin/../lib/gcc/arm-none-eabi/5.4.1/../../../../arm-none-eabi/lib/armv6-m/crt0.o
 .ARM.attributes
                0x00000065       0x31 .\CortexM0\ARM_GCC_541\Debug\main.o
 .ARM.attributes
                0x00000096       0x31 .\CortexM0\ARM_GCC_541\Debug\cyfitter_cfg.o
 .ARM.attributes
                0x000000c7       0x31 .\CortexM0\ARM_GCC_541\Debug\cymetadata.o
 .ARM.attributes
                0x000000f8       0x31 .\CortexM0\ARM_GCC_541\Debug\Cm0Start.o
 .ARM.attributes
                0x00000129       0x31 .\CortexM0\ARM_GCC_541\Debug\RTC_P4_WDT_Example01.a(LED_Alarm.o)
 .ARM.attributes
                0x0000015a       0x31 .\CortexM0\ARM_GCC_541\Debug\RTC_P4_WDT_Example01.a(LED_WdtIsr.o)
 .ARM.attributes
                0x0000018b       0x31 .\CortexM0\ARM_GCC_541\Debug\RTC_P4_WDT_Example01.a(RTC.o)
 .ARM.attributes
                0x000001bc       0x31 .\CortexM0\ARM_GCC_541\Debug\RTC_P4_WDT_Example01.a(UART.o)
 .ARM.attributes
                0x000001ed       0x31 .\CortexM0\ARM_GCC_541\Debug\RTC_P4_WDT_Example01.a(LFCLK_Out.o)
 .ARM.attributes
                0x0000021e       0x31 .\CortexM0\ARM_GCC_541\Debug\RTC_P4_WDT_Example01.a(CyLib.o)
 .ARM.attributes
                0x0000024f       0x31 .\CortexM0\ARM_GCC_541\Debug\RTC_P4_WDT_Example01.a(cyPm.o)
 .ARM.attributes
                0x00000280       0x31 .\CortexM0\ARM_GCC_541\Debug\RTC_P4_WDT_Example01.a(CyLFClk.o)
 .ARM.attributes
                0x000002b1       0x31 .\CortexM0\ARM_GCC_541\Debug\RTC_P4_WDT_Example01.a(Timer1.o)
 .ARM.attributes
                0x000002e2       0x31 .\CortexM0\ARM_GCC_541\Debug\RTC_P4_WDT_Example01.a(isrTimer1.o)
 .ARM.attributes
                0x00000313       0x21 .\CortexM0\ARM_GCC_541\Debug\RTC_P4_WDT_Example01.a(UART_AsmGnu.o)
 .ARM.attributes
                0x00000334       0x21 .\CortexM0\ARM_GCC_541\Debug\RTC_P4_WDT_Example01.a(CyBootAsmGnu.o)
 .ARM.attributes
                0x00000355       0x1e c:/program files/cypress/psoc creator/4.2/psoc creator/import/gnu/arm/5.4.1/bin/../lib/gcc/arm-none-eabi/5.4.1/armv6-m\libgcc.a(_udivsi3.o)
 .ARM.attributes
                0x00000373       0x1e c:/program files/cypress/psoc creator/4.2/psoc creator/import/gnu/arm/5.4.1/bin/../lib/gcc/arm-none-eabi/5.4.1/armv6-m\libgcc.a(_divsi3.o)
 .ARM.attributes
                0x00000391       0x1e c:/program files/cypress/psoc creator/4.2/psoc creator/import/gnu/arm/5.4.1/bin/../lib/gcc/arm-none-eabi/5.4.1/armv6-m\libgcc.a(_dvmd_tls.o)
 .ARM.attributes
                0x000003af       0x1e c:/program files/cypress/psoc creator/4.2/psoc creator/import/gnu/arm/5.4.1/bin/../lib/gcc/arm-none-eabi/5.4.1/armv6-m\libgcc.a(_aeabi_uldivmod.o)
 .ARM.attributes
                0x000003cd       0x2c c:/program files/cypress/psoc creator/4.2/psoc creator/import/gnu/arm/5.4.1/bin/../lib/gcc/arm-none-eabi/5.4.1/armv6-m\libgcc.a(_muldi3.o)
 .ARM.attributes
                0x000003f9       0x2c c:/program files/cypress/psoc creator/4.2/psoc creator/import/gnu/arm/5.4.1/bin/../lib/gcc/arm-none-eabi/5.4.1/armv6-m\libgcc.a(_udivmoddi4.o)
 .ARM.attributes
                0x00000425       0x1e c:/program files/cypress/psoc creator/4.2/psoc creator/import/gnu/arm/5.4.1/bin/../lib/gcc/arm-none-eabi/5.4.1/armv6-m\libgcc.a(_clzdi2.o)
 .ARM.attributes
                0x00000443       0x1e c:/program files/cypress/psoc creator/4.2/psoc creator/import/gnu/arm/5.4.1/bin/../lib/gcc/arm-none-eabi/5.4.1/armv6-m\libgcc.a(_clzsi2.o)
 .ARM.attributes
                0x00000461       0x2c c:/program files/cypress/psoc creator/4.2/psoc creator/import/gnu/arm/5.4.1/bin/../lib/gcc/arm-none-eabi/5.4.1/../../../../arm-none-eabi/lib/armv6-m\libg_nano.a(lib_a-errno.o)
 .ARM.attributes
                0x0000048d       0x2c c:/program files/cypress/psoc creator/4.2/psoc creator/import/gnu/arm/5.4.1/bin/../lib/gcc/arm-none-eabi/5.4.1/../../../../arm-none-eabi/lib/armv6-m\libg_nano.a(lib_a-exit.o)
 .ARM.attributes
                0x000004b9       0x2c c:/program files/cypress/psoc creator/4.2/psoc creator/import/gnu/arm/5.4.1/bin/../lib/gcc/arm-none-eabi/5.4.1/../../../../arm-none-eabi/lib/armv6-m\libg_nano.a(lib_a-impure.o)
 .ARM.attributes
                0x000004e5       0x2c c:/program files/cypress/psoc creator/4.2/psoc creator/import/gnu/arm/5.4.1/bin/../lib/gcc/arm-none-eabi/5.4.1/../../../../arm-none-eabi/lib/armv6-m\libg_nano.a(lib_a-init.o)
 .ARM.attributes
                0x00000511       0x2c c:/program files/cypress/psoc creator/4.2/psoc creator/import/gnu/arm/5.4.1/bin/../lib/gcc/arm-none-eabi/5.4.1/../../../../arm-none-eabi/lib/armv6-m\libg_nano.a(lib_a-memset.o)
 .ARM.attributes
                0x0000053d       0x2c c:/program files/cypress/psoc creator/4.2/psoc creator/import/gnu/arm/5.4.1/bin/../lib/gcc/arm-none-eabi/5.4.1/../../../../arm-none-eabi/lib/armv6-m\libg_nano.a(lib_a-sprintf.o)
 .ARM.attributes
                0x00000569       0x2c c:/program files/cypress/psoc creator/4.2/psoc creator/import/gnu/arm/5.4.1/bin/../lib/gcc/arm-none-eabi/5.4.1/../../../../arm-none-eabi/lib/armv6-m\libg_nano.a(lib_a-nano-svfprintf.o)
 .ARM.attributes
                0x00000595       0x2c c:/program files/cypress/psoc creator/4.2/psoc creator/import/gnu/arm/5.4.1/bin/../lib/gcc/arm-none-eabi/5.4.1/../../../../arm-none-eabi/lib/armv6-m\libg_nano.a(lib_a-nano-vfprintf_i.o)
 .ARM.attributes
                0x000005c1       0x2c c:/program files/cypress/psoc creator/4.2/psoc creator/import/gnu/arm/5.4.1/bin/../lib/gcc/arm-none-eabi/5.4.1/../../../../arm-none-eabi/lib/armv6-m\libg_nano.a(lib_a-memchr-stub.o)
 .ARM.attributes
                0x000005ed       0x2c c:/program files/cypress/psoc creator/4.2/psoc creator/import/gnu/arm/5.4.1/bin/../lib/gcc/arm-none-eabi/5.4.1/../../../../arm-none-eabi/lib/armv6-m\libg_nano.a(lib_a-memcpy-stub.o)
 .ARM.attributes
                0x00000619       0x2c c:/program files/cypress/psoc creator/4.2/psoc creator/import/gnu/arm/5.4.1/bin/../lib/gcc/arm-none-eabi/5.4.1/../../../../arm-none-eabi/lib/armv6-m\libg_nano.a(lib_a-memmove.o)
 .ARM.attributes
                0x00000645       0x2c c:/program files/cypress/psoc creator/4.2/psoc creator/import/gnu/arm/5.4.1/bin/../lib/gcc/arm-none-eabi/5.4.1/../../../../arm-none-eabi/lib/armv6-m\libg_nano.a(lib_a-nano-freer.o)
 .ARM.attributes
                0x00000671       0x2c c:/program files/cypress/psoc creator/4.2/psoc creator/import/gnu/arm/5.4.1/bin/../lib/gcc/arm-none-eabi/5.4.1/../../../../arm-none-eabi/lib/armv6-m\libg_nano.a(lib_a-nano-mallocr.o)
 .ARM.attributes
                0x0000069d       0x2c c:/program files/cypress/psoc creator/4.2/psoc creator/import/gnu/arm/5.4.1/bin/../lib/gcc/arm-none-eabi/5.4.1/../../../../arm-none-eabi/lib/armv6-m\libg_nano.a(lib_a-nano-reallocr.o)
 .ARM.attributes
                0x000006c9       0x2c c:/program files/cypress/psoc creator/4.2/psoc creator/import/gnu/arm/5.4.1/bin/../lib/gcc/arm-none-eabi/5.4.1/../../../../arm-none-eabi/lib/armv6-m\libg_nano.a(lib_a-sbrkr.o)
 .ARM.attributes
                0x000006f5       0x2c c:/program files/cypress/psoc creator/4.2/psoc creator/import/gnu/arm/5.4.1/bin/../lib/gcc/arm-none-eabi/5.4.1/../../../../arm-none-eabi/lib/armv6-m\libg_nano.a(lib_a-mlock.o)
 .ARM.attributes
                0x00000721       0x2c c:/program files/cypress/psoc creator/4.2/psoc creator/import/gnu/arm/5.4.1/bin/../lib/gcc/arm-none-eabi/5.4.1/../../../../arm-none-eabi/lib/armv6-m\libg_nano.a(lib_a-nano-msizer.o)
 .ARM.attributes
                0x0000074d       0x2c c:/program files/cypress/psoc creator/4.2/psoc creator/import/gnu/arm/5.4.1/bin/../lib/gcc/arm-none-eabi/5.4.1/../../../../arm-none-eabi/lib/armv6-m\libg_nano.a(lib_a-reent.o)
 .ARM.attributes
                0x00000779       0x2c c:/program files/cypress/psoc creator/4.2/psoc creator/import/gnu/arm/5.4.1/bin/../lib/gcc/arm-none-eabi/5.4.1/armv6-m/crtend.o
 .ARM.attributes
                0x000007a5       0x1e c:/program files/cypress/psoc creator/4.2/psoc creator/import/gnu/arm/5.4.1/bin/../lib/gcc/arm-none-eabi/5.4.1/armv6-m/crtn.o

/DISCARD/
 *(.note.GNU-stack)
OUTPUT(C:\Users\Jimmy\temp\RTC_P4_WDT_Example01\RTC_P4_WDT_Example01.cydsn\CortexM0\ARM_GCC_541\Debug\RTC_P4_WDT_Example01.elf elf32-littlearm)
